Archive member included to satisfy reference by file (symbol)

C:/ST/STM32CubeIDE_1.12.1/STM32CubeIDE/plugins/com.st.stm32cube.ide.mcu.externaltools.gnu-tools-for-stm32.11.3.rel1.win32_1.1.100.202309141235/tools/bin/../lib/gcc/arm-none-eabi/11.3.1/../../../../arm-none-eabi/lib/thumb/v6-m/nofp\libstdc++_nano.a(del_ops.o)
                              ./Core/Src/Menu.o (operator delete(void*, unsigned int))
C:/ST/STM32CubeIDE_1.12.1/STM32CubeIDE/plugins/com.st.stm32cube.ide.mcu.externaltools.gnu-tools-for-stm32.11.3.rel1.win32_1.1.100.202309141235/tools/bin/../lib/gcc/arm-none-eabi/11.3.1/../../../../arm-none-eabi/lib/thumb/v6-m/nofp\libstdc++_nano.a(new_op.o)
                              ./Core/Src/Menu.o (operator new(unsigned int))
C:/ST/STM32CubeIDE_1.12.1/STM32CubeIDE/plugins/com.st.stm32cube.ide.mcu.externaltools.gnu-tools-for-stm32.11.3.rel1.win32_1.1.100.202309141235/tools/bin/../lib/gcc/arm-none-eabi/11.3.1/../../../../arm-none-eabi/lib/thumb/v6-m/nofp\libstdc++_nano.a(allocator-inst.o)
                              ./Core/Src/LCD.o (std::allocator<char>::allocator())
C:/ST/STM32CubeIDE_1.12.1/STM32CubeIDE/plugins/com.st.stm32cube.ide.mcu.externaltools.gnu-tools-for-stm32.11.3.rel1.win32_1.1.100.202309141235/tools/bin/../lib/gcc/arm-none-eabi/11.3.1/../../../../arm-none-eabi/lib/thumb/v6-m/nofp\libstdc++_nano.a(functexcept.o)
                              ./Core/Src/Menu.o (std::__throw_bad_alloc())
C:/ST/STM32CubeIDE_1.12.1/STM32CubeIDE/plugins/com.st.stm32cube.ide.mcu.externaltools.gnu-tools-for-stm32.11.3.rel1.win32_1.1.100.202309141235/tools/bin/../lib/gcc/arm-none-eabi/11.3.1/../../../../arm-none-eabi/lib/thumb/v6-m/nofp\libstdc++_nano.a(snprintf_lite.o)
                              C:/ST/STM32CubeIDE_1.12.1/STM32CubeIDE/plugins/com.st.stm32cube.ide.mcu.externaltools.gnu-tools-for-stm32.11.3.rel1.win32_1.1.100.202309141235/tools/bin/../lib/gcc/arm-none-eabi/11.3.1/../../../../arm-none-eabi/lib/thumb/v6-m/nofp\libstdc++_nano.a(functexcept.o) (__gnu_cxx::__snprintf_lite(char*, unsigned int, char const*, std::__va_list))
C:/ST/STM32CubeIDE_1.12.1/STM32CubeIDE/plugins/com.st.stm32cube.ide.mcu.externaltools.gnu-tools-for-stm32.11.3.rel1.win32_1.1.100.202309141235/tools/bin/../lib/gcc/arm-none-eabi/11.3.1/../../../../arm-none-eabi/lib/thumb/v6-m/nofp\libstdc++_nano.a(string-inst.o)
                              ./Core/Src/Menu.o (std::__cxx11::basic_string<char, std::char_traits<char>, std::allocator<char> >::basic_string(std::allocator<char> const&))
C:/ST/STM32CubeIDE_1.12.1/STM32CubeIDE/plugins/com.st.stm32cube.ide.mcu.externaltools.gnu-tools-for-stm32.11.3.rel1.win32_1.1.100.202309141235/tools/bin/../lib/gcc/arm-none-eabi/11.3.1/../../../../arm-none-eabi/lib/thumb/v6-m/nofp\libstdc++_nano.a(del_op.o)
                              C:/ST/STM32CubeIDE_1.12.1/STM32CubeIDE/plugins/com.st.stm32cube.ide.mcu.externaltools.gnu-tools-for-stm32.11.3.rel1.win32_1.1.100.202309141235/tools/bin/../lib/gcc/arm-none-eabi/11.3.1/../../../../arm-none-eabi/lib/thumb/v6-m/nofp\libstdc++_nano.a(del_ops.o) (operator delete(void*))
C:/ST/STM32CubeIDE_1.12.1/STM32CubeIDE/plugins/com.st.stm32cube.ide.mcu.externaltools.gnu-tools-for-stm32.11.3.rel1.win32_1.1.100.202309141235/tools/bin/../lib/gcc/arm-none-eabi/11.3.1/../../../../arm-none-eabi/lib/thumb/v6-m/nofp\libstdc++_nano.a(new_handler.o)
                              C:/ST/STM32CubeIDE_1.12.1/STM32CubeIDE/plugins/com.st.stm32cube.ide.mcu.externaltools.gnu-tools-for-stm32.11.3.rel1.win32_1.1.100.202309141235/tools/bin/../lib/gcc/arm-none-eabi/11.3.1/../../../../arm-none-eabi/lib/thumb/v6-m/nofp\libstdc++_nano.a(new_op.o) (std::get_new_handler())
C:/ST/STM32CubeIDE_1.12.1/STM32CubeIDE/plugins/com.st.stm32cube.ide.mcu.externaltools.gnu-tools-for-stm32.11.3.rel1.win32_1.1.100.202309141235/tools/bin/../lib/gcc/arm-none-eabi/11.3.1/../../../../arm-none-eabi/lib/thumb/v6-m/nofp\libc_nano.a(libc_a-abort.o)
                              C:/ST/STM32CubeIDE_1.12.1/STM32CubeIDE/plugins/com.st.stm32cube.ide.mcu.externaltools.gnu-tools-for-stm32.11.3.rel1.win32_1.1.100.202309141235/tools/bin/../lib/gcc/arm-none-eabi/11.3.1/../../../../arm-none-eabi/lib/thumb/v6-m/nofp\libstdc++_nano.a(new_op.o) (abort)
C:/ST/STM32CubeIDE_1.12.1/STM32CubeIDE/plugins/com.st.stm32cube.ide.mcu.externaltools.gnu-tools-for-stm32.11.3.rel1.win32_1.1.100.202309141235/tools/bin/../lib/gcc/arm-none-eabi/11.3.1/../../../../arm-none-eabi/lib/thumb/v6-m/nofp\libc_nano.a(libc_a-exit.o)
                              C:/ST/STM32CubeIDE_1.12.1/STM32CubeIDE/plugins/com.st.stm32cube.ide.mcu.externaltools.gnu-tools-for-stm32.11.3.rel1.win32_1.1.100.202309141235/tools/bin/../lib/gcc/arm-none-eabi/11.3.1/../../../../arm-none-eabi/lib/thumb/v6-m/nofp/crt0.o (exit)
C:/ST/STM32CubeIDE_1.12.1/STM32CubeIDE/plugins/com.st.stm32cube.ide.mcu.externaltools.gnu-tools-for-stm32.11.3.rel1.win32_1.1.100.202309141235/tools/bin/../lib/gcc/arm-none-eabi/11.3.1/../../../../arm-none-eabi/lib/thumb/v6-m/nofp\libc_nano.a(libc_a-malloc.o)
[...]
Memory Configuration

Name             Origin             Length             Attributes
RAM              0x0000000020000000 0x0000000000002000 xrw
FLASH            0x0000000008000000 0x0000000000010000 xr
*default*        0x0000000000000000 0xffffffffffffffff

Linker script and memory map

LOAD C:/ST/STM32CubeIDE_1.12.1/STM32CubeIDE/plugins/com.st.stm32cube.ide.mcu.externaltools.gnu-tools-for-stm32.11.3.rel1.win32_1.1.100.202309141235/tools/bin/../lib/gcc/arm-none-eabi/11.3.1/thumb/v6-m/nofp/crti.o
LOAD C:/ST/STM32CubeIDE_1.12.1/STM32CubeIDE/plugins/com.st.stm32cube.ide.mcu.externaltools.gnu-tools-for-stm32.11.3.rel1.win32_1.1.100.202309141235/tools/bin/../lib/gcc/arm-none-eabi/11.3.1/thumb/v6-m/nofp/crtbegin.o
LOAD C:/ST/STM32CubeIDE_1.12.1/STM32CubeIDE/plugins/com.st.stm32cube.ide.mcu.externaltools.gnu-tools-for-stm32.11.3.rel1.win32_1.1.100.202309141235/tools/bin/../lib/gcc/arm-none-eabi/11.3.1/../../../../arm-none-eabi/lib/thumb/v6-m/nofp/crt0.o
LOAD ./Core/Src/Button.o
LOAD ./Core/Src/LCD.o
LOAD ./Core/Src/Menu.o
LOAD ./Core/Src/main.o
LOAD ./Core/Src/stm32f0xx_hal_msp.o
LOAD ./Core/Src/stm32f0xx_it.o
LOAD ./Core/Src/syscalls.o
LOAD ./Core/Src/sysmem.o
LOAD ./Core/Src/system_stm32f0xx.o
LOAD ./Core/Startup/startup_stm32f030r8tx.o
LOAD ./Drivers/STM32F0xx_HAL_Driver/Src/stm32f0xx_hal.o
LOAD ./Drivers/STM32F0xx_HAL_Driver/Src/stm32f0xx_hal_cortex.o
LOAD ./Drivers/STM32F0xx_HAL_Driver/Src/stm32f0xx_hal_dma.o
LOAD ./Drivers/STM32F0xx_HAL_Driver/Src/stm32f0xx_hal_exti.o
LOAD ./Drivers/STM32F0xx_HAL_Driver/Src/stm32f0xx_hal_flash.o
LOAD ./Drivers/STM32F0xx_HAL_Driver/Src/stm32f0xx_hal_flash_ex.o
LOAD ./Drivers/STM32F0xx_HAL_Driver/Src/stm32f0xx_hal_gpio.o
LOAD ./Drivers/STM32F0xx_HAL_Driver/Src/stm32f0xx_hal_i2c.o
LOAD ./Drivers/STM32F0xx_HAL_Driver/Src/stm32f0xx_hal_i2c_ex.o
LOAD ./Drivers/STM32F0xx_HAL_Driver/Src/stm32f0xx_hal_pwr.o
LOAD ./Drivers/STM32F0xx_HAL_Driver/Src/stm32f0xx_hal_pwr_ex.o
LOAD ./Drivers/STM32F0xx_HAL_Driver/Src/stm32f0xx_hal_rcc.o
LOAD ./Drivers/STM32F0xx_HAL_Driver/Src/stm32f0xx_hal_rcc_ex.o
LOAD ./Drivers/STM32F0xx_HAL_Driver/Src/stm32f0xx_hal_rtc.o
LOAD ./Drivers/STM32F0xx_HAL_Driver/Src/stm32f0xx_hal_rtc_ex.o
LOAD ./Drivers/STM32F0xx_HAL_Driver/Src/stm32f0xx_hal_tim.o
LOAD ./Drivers/STM32F0xx_HAL_Driver/Src/stm32f0xx_hal_tim_ex.o
LOAD ./Drivers/STM32F0xx_HAL_Driver/Src/stm32f0xx_hal_uart.o
LOAD ./Drivers/STM32F0xx_HAL_Driver/Src/stm32f0xx_hal_uart_ex.o
START GROUP
LOAD C:/ST/STM32CubeIDE_1.12.1/STM32CubeIDE/plugins/com.st.stm32cube.ide.mcu.externaltools.gnu-tools-for-stm32.11.3.rel1.win32_1.1.100.202309141235/tools/bin/../lib/gcc/arm-none-eabi/11.3.1/../../../../arm-none-eabi/lib/thumb/v6-m/nofp\libstdc++_nano.a
LOAD C:/ST/STM32CubeIDE_1.12.1/STM32CubeIDE/plugins/com.st.stm32cube.ide.mcu.externaltools.gnu-tools-for-stm32.11.3.rel1.win32_1.1.100.202309141235/tools/bin/../lib/gcc/arm-none-eabi/11.3.1/../../../../arm-none-eabi/lib/thumb/v6-m/nofp\libsupc++_nano.a
END GROUP
LOAD C:/ST/STM32CubeIDE_1.12.1/STM32CubeIDE/plugins/com.st.stm32cube.ide.mcu.externaltools.gnu-tools-for-stm32.11.3.rel1.win32_1.1.100.202309141235/tools/bin/../lib/gcc/arm-none-eabi/11.3.1/../../../../arm-none-eabi/lib/thumb/v6-m/nofp\libstdc++_nano.a
LOAD C:/ST/STM32CubeIDE_1.12.1/STM32CubeIDE/plugins/com.st.stm32cube.ide.mcu.externaltools.gnu-tools-for-stm32.11.3.rel1.win32_1.1.100.202309141235/tools/bin/../lib/gcc/arm-none-eabi/11.3.1/../../../../arm-none-eabi/lib/thumb/v6-m/nofp\libm.a
LOAD C:/ST/STM32CubeIDE_1.12.1/STM32CubeIDE/plugins/com.st.stm32cube.ide.mcu.externaltools.gnu-tools-for-stm32.11.3.rel1.win32_1.1.100.202309141235/tools/bin/../lib/gcc/arm-none-eabi/11.3.1/../../../../arm-none-eabi/lib/thumb/v6-m/nofp\libc_nano.a
START GROUP
LOAD C:/ST/STM32CubeIDE_1.12.1/STM32CubeIDE/plugins/com.st.stm32cube.ide.mcu.externaltools.gnu-tools-for-stm32.11.3.rel1.win32_1.1.100.202309141235/tools/bin/../lib/gcc/arm-none-eabi/11.3.1/thumb/v6-m/nofp\libgcc.a
LOAD C:/ST/STM32CubeIDE_1.12.1/STM32CubeIDE/plugins/com.st.stm32cube.ide.mcu.externaltools.gnu-tools-for-stm32.11.3.rel1.win32_1.1.100.202309141235/tools/bin/../lib/gcc/arm-none-eabi/11.3.1/../../../../arm-none-eabi/lib/thumb/v6-m/nofp\libc_nano.a
END GROUP
START GROUP
LOAD C:/ST/STM32CubeIDE_1.12.1/STM32CubeIDE/plugins/com.st.stm32cube.ide.mcu.externaltools.gnu-tools-for-stm32.11.3.rel1.win32_1.1.100.202309141235/tools/bin/../lib/gcc/arm-none-eabi/11.3.1/thumb/v6-m/nofp\libgcc.a
LOAD C:/ST/STM32CubeIDE_1.12.1/STM32CubeIDE/plugins/com.st.stm32cube.ide.mcu.externaltools.gnu-tools-for-stm32.11.3.rel1.win32_1.1.100.202309141235/tools/bin/../lib/gcc/arm-none-eabi/11.3.1/../../../../arm-none-eabi/lib/thumb/v6-m/nofp\libc_nano.a
LOAD C:/ST/STM32CubeIDE_1.12.1/STM32CubeIDE/plugins/com.st.stm32cube.ide.mcu.externaltools.gnu-tools-for-stm32.11.3.rel1.win32_1.1.100.202309141235/tools/bin/../lib/gcc/arm-none-eabi/11.3.1/../../../../arm-none-eabi/lib/thumb/v6-m/nofp\libnosys.a
END GROUP
START GROUP
LOAD C:/ST/STM32CubeIDE_1.12.1/STM32CubeIDE/plugins/com.st.stm32cube.ide.mcu.externaltools.gnu-tools-for-stm32.11.3.rel1.win32_1.1.100.202309141235/tools/bin/../lib/gcc/arm-none-eabi/11.3.1/thumb/v6-m/nofp\libgcc.a
LOAD C:/ST/STM32CubeIDE_1.12.1/STM32CubeIDE/plugins/com.st.stm32cube.ide.mcu.externaltools.gnu-tools-for-stm32.11.3.rel1.win32_1.1.100.202309141235/tools/bin/../lib/gcc/arm-none-eabi/11.3.1/../../../../arm-none-eabi/lib/thumb/v6-m/nofp\libc_nano.a
LOAD C:/ST/STM32CubeIDE_1.12.1/STM32CubeIDE/plugins/com.st.stm32cube.ide.mcu.externaltools.gnu-tools-for-stm32.11.3.rel1.win32_1.1.100.202309141235/tools/bin/../lib/gcc/arm-none-eabi/11.3.1/../../../../arm-none-eabi/lib/thumb/v6-m/nofp\libnosys.a
END GROUP
LOAD C:/ST/STM32CubeIDE_1.12.1/STM32CubeIDE/plugins/com.st.stm32cube.ide.mcu.externaltools.gnu-tools-for-stm32.11.3.rel1.win32_1.1.100.202309141235/tools/bin/../lib/gcc/arm-none-eabi/11.3.1/thumb/v6-m/nofp/crtend.o
LOAD C:/ST/STM32CubeIDE_1.12.1/STM32CubeIDE/plugins/com.st.stm32cube.ide.mcu.externaltools.gnu-tools-for-stm32.11.3.rel1.win32_1.1.100.202309141235/tools/bin/../lib/gcc/arm-none-eabi/11.3.1/thumb/v6-m/nofp/crtn.o
                0x0000000020002000                _estack = (ORIGIN (RAM) + LENGTH (RAM))
                0x0000000000000200                _Min_Heap_Size = 0x200
                0x0000000000000400                _Min_Stack_Size = 0x400

.isr_vector     0x0000000008000000       0xc0
                0x0000000008000000                . = ALIGN (0x4)
 *(.isr_vector)
 .isr_vector    0x0000000008000000       0xc0 ./Core/Startup/startup_stm32f030r8tx.o
                0x0000000008000000                g_pfnVectors
                0x00000000080000c0                . = ALIGN (0x4)

.text           0x00000000080000c0     0x85a0
                0x00000000080000c0                . = ALIGN (0x4)
 *(.text)
 .text          0x00000000080000c0       0x48 C:/ST/STM32CubeIDE_1.12.1/STM32CubeIDE/plugins/com.st.stm32cube.ide.mcu.externaltools.gnu-tools-for-stm32.11.3.rel1.win32_1.1.100.202309141235/tools/bin/../lib/gcc/arm-none-eabi/11.3.1/thumb/v6-m/nofp/crtbegin.o
 .text          0x0000000008000108        0xe C:/ST/STM32CubeIDE_1.12.1/STM32CubeIDE/plugins/com.st.stm32cube.ide.mcu.externaltools.gnu-tools-for-stm32.11.3.rel1.win32_1.1.100.202309141235/tools/bin/../lib/gcc/arm-none-eabi/11.3.1/../../../../arm-none-eabi/lib/thumb/v6-m/nofp\libc_nano.a(libc_a-strlen.o)
                0x0000000008000108                strlen
 *fill*         0x0000000008000116        0x2 
 .text          0x0000000008000118      0x114 C:/ST/STM32CubeIDE_1.12.1/STM32CubeIDE/plugins/com.st.stm32cube.ide.mcu.externaltools.gnu-tools-for-stm32.11.3.rel1.win32_1.1.100.202309141235/tools/bin/../lib/gcc/arm-none-eabi/11.3.1/thumb/v6-m/nofp\libgcc.a(_udivsi3.o)
                0x0000000008000118                __aeabi_uidiv
                0x0000000008000118                __udivsi3
                0x0000000008000224                __aeabi_uidivmod
 .text          0x000000000800022c      0x1d4 C:/ST/STM32CubeIDE_1.12.1/STM32CubeIDE/plugins/com.st.stm32cube.ide.mcu.externaltools.gnu-tools-for-stm32.11.3.rel1.win32_1.1.100.202309141235/tools/bin/../lib/gcc/arm-none-eabi/11.3.1/thumb/v6-m/nofp\libgcc.a(_divsi3.o)
                0x000000000800022c                __divsi3
                0x000000000800022c                __aeabi_idiv
                0x00000000080003f8                __aeabi_idivmod
 .text          0x0000000008000400        0x4 C:/ST/STM32CubeIDE_1.12.1/STM32CubeIDE/plugins/com.st.stm32cube.ide.mcu.externaltools.gnu-tools-for-stm32.11.3.rel1.win32_1.1.100.202309141235/tools/bin/../lib/gcc/arm-none-eabi/11.3.1/thumb/v6-m/nofp\libgcc.a(_dvmd_tls.o)
                0x0000000008000400                __aeabi_idiv0
                0x0000000008000400                __aeabi_ldiv0
 *(.text*)
 .text._ZNSt7__cxx119to_stringEm
                0x0000000008000404       0x5e ./Core/Src/LCD.o
                0x0000000008000404                std::__cxx11::to_string(unsigned long)
 .text._ZN3LCDC2EP19__I2C_HandleTypeDefh
                0x0000000008000462       0x76 ./Core/Src/LCD.o
                0x0000000008000462                LCD::LCD(__I2C_HandleTypeDef*, unsigned char)
                0x0000000008000462                LCD::LCD(__I2C_HandleTypeDef*, unsigned char)
 .text._ZN3LCD10setCharPosEhh
                0x00000000080004d8      0x132 ./Core/Src/LCD.o
                0x00000000080004d8                LCD::setCharPos(unsigned char, unsigned char)
 .text._ZN3LCD8sendByteEhh
                0x000000000800060a       0xa8 ./Core/Src/LCD.o
                0x000000000800060a                LCD::sendByte(unsigned char, unsigned char)
 .text._ZN3LCD15sendInstructionEh
                0x00000000080006b2       0x24 ./Core/Src/LCD.o
                0x00000000080006b2                LCD::sendInstruction(unsigned char)
 .text._ZN3LCD11displayCharEhhh
                0x00000000080006d6       0x54 ./Core/Src/LCD.o
                0x00000000080006d6                LCD::displayChar(unsigned char, unsigned char, unsigned char)
 .text._ZN3LCD13displayStringEPchh
                0x000000000800072a       0x5c ./Core/Src/LCD.o
                0x000000000800072a                LCD::displayString(char*, unsigned char, unsigned char)
 .text._ZN3LCD9clearCharEhhh
                0x0000000008000786       0x68 ./Core/Src/LCD.o
                0x0000000008000786                LCD::clearChar(unsigned char, unsigned char, unsigned char)
 *fill*         0x00000000080007ee        0x2 
 .text._ZN3LCD13recodeRusCharEc
                0x00000000080007f0       0xa8 ./Core/Src/LCD.o
                0x00000000080007f0                LCD::recodeRusChar(char)
 .text._ZN4Menu8MenuItemD2Ev
                0x0000000008000898       0x1a ./Core/Src/LCD.o
                0x0000000008000898                Menu::MenuItem::~MenuItem()
                0x0000000008000898                Menu::MenuItem::~MenuItem()
 .text._ZN3LCD8showMenuE4Menuh
                0x00000000080008b2      0x2ce ./Core/Src/LCD.o
                0x00000000080008b2                LCD::showMenu(Menu, unsigned char)
 .text._ZNSt8__detail14__to_chars_lenImEEjT_i
                0x0000000008000b80       0x76 ./Core/Src/LCD.o
                0x0000000008000b80                unsigned int std::__detail::__to_chars_len<unsigned long>(unsigned long, int)
 *fill*         0x0000000008000bf6        0x2 
 .text._ZNSt8__detail18__to_chars_10_implImEEvPcjT_
                0x0000000008000bf8       0xa0 ./Core/Src/LCD.o
                0x0000000008000bf8                void std::__detail::__to_chars_10_impl<unsigned long>(char*, unsigned int, unsigned long)
 .text._ZnwjPv  0x0000000008000c98       0x14 ./Core/Src/Menu.o
                0x0000000008000c98                operator new(unsigned int, void*)
 .text._ZNSt11char_traitsIcE6lengthEPKc
                0x0000000008000cac       0x1a ./Core/Src/Menu.o
                0x0000000008000cac                std::char_traits<char>::length(char const*)
 .text._ZNSt7__cxx119to_stringEi
                0x0000000008000cc6       0x7e ./Core/Src/Menu.o
                0x0000000008000cc6                std::__cxx11::to_string(int)
 .text._ZNSt12_Vector_baseIN4Menu8MenuItemESaIS1_EEC2Ev
                0x0000000008000d44       0x1a ./Core/Src/Menu.o
                0x0000000008000d44                std::_Vector_base<Menu::MenuItem, std::allocator<Menu::MenuItem> >::_Vector_base()
                0x0000000008000d44                std::_Vector_base<Menu::MenuItem, std::allocator<Menu::MenuItem> >::_Vector_base()
 .text._ZNSt6vectorIN4Menu8MenuItemESaIS1_EEC2Ev
                0x0000000008000d5e       0x1a ./Core/Src/Menu.o
                0x0000000008000d5e                std::vector<Menu::MenuItem, std::allocator<Menu::MenuItem> >::vector()
                0x0000000008000d5e                std::vector<Menu::MenuItem, std::allocator<Menu::MenuItem> >::vector()
 .text._ZN4MenuC2EPS_
                0x0000000008000d78       0x5c ./Core/Src/Menu.o
                0x0000000008000d78                Menu::Menu(Menu*)
                0x0000000008000d78                Menu::Menu(Menu*)
 .text._ZN4Menu11addMenuItemENSt7__cxx1112basic_stringIcSt11char_traitsIcESaIcEEEmPS_
                0x0000000008000dd4       0xa0 ./Core/Src/Menu.o
                0x0000000008000dd4                Menu::addMenuItem(std::__cxx11::basic_string<char, std::char_traits<char>, std::allocator<char> >, unsigned long, Menu*)
 .text._ZN4Menu22showMenuItemsNumberingEv
                0x0000000008000e74      0x278 ./Core/Src/Menu.o
                0x0000000008000e74                Menu::showMenuItemsNumbering()
 .text._ZN4Menu10showCursorEv
                0x00000000080010ec       0xe8 ./Core/Src/Menu.o
                0x00000000080010ec                Menu::showCursor()
 .text._ZN4Menu8MenuItemC2ERKS0_
                0x00000000080011d4       0x30 ./Core/Src/Menu.o
                0x00000000080011d4                Menu::MenuItem::MenuItem(Menu::MenuItem const&)
                0x00000000080011d4                Menu::MenuItem::MenuItem(Menu::MenuItem const&)
 .text._ZN4Menu11getMenuItemEh
                0x0000000008001204       0x34 ./Core/Src/Menu.o
                0x0000000008001204                Menu::getMenuItem(unsigned char)
 .text._ZN4Menu12getMenuShiftEv
                0x0000000008001238       0x16 ./Core/Src/Menu.o
                0x0000000008001238                Menu::getMenuShift()
 .text._ZN4Menu15getMenuItemsNumEv
                0x000000000800124e       0x1e ./Core/Src/Menu.o
                0x000000000800124e                Menu::getMenuItemsNum()
 .text._ZNSt8__detail14__to_chars_lenIjEEjT_i
                0x000000000800126c       0x76 ./Core/Src/Menu.o
                0x000000000800126c                unsigned int std::__detail::__to_chars_len<unsigned int>(unsigned int, int)
 *fill*         0x00000000080012e2        0x2 
 .text._ZNSt8__detail18__to_chars_10_implIjEEvPcjT_
                0x00000000080012e4       0xa0 ./Core/Src/Menu.o
                0x00000000080012e4                void std::__detail::__to_chars_10_impl<unsigned int>(char*, unsigned int, unsigned int)
 .text._ZNSt12_Vector_baseIN4Menu8MenuItemESaIS1_EE12_Vector_implC2Ev
                0x0000000008001384       0x22 ./Core/Src/Menu.o
                0x0000000008001384                std::_Vector_base<Menu::MenuItem, std::allocator<Menu::MenuItem> >::_Vector_impl::_Vector_impl()
                0x0000000008001384                std::_Vector_base<Menu::MenuItem, std::allocator<Menu::MenuItem> >::_Vector_impl::_Vector_impl()
 .text._ZNKSt6vectorIN4Menu8MenuItemESaIS1_EE4sizeEv
                0x00000000080013a6       0x1c ./Core/Src/Menu.o
                0x00000000080013a6                std::vector<Menu::MenuItem, std::allocator<Menu::MenuItem> >::size() const
 .text._ZNSt6vectorIN4Menu8MenuItemESaIS1_EE6resizeEj
                0x00000000080013c2       0x70 ./Core/Src/Menu.o
                0x00000000080013c2                std::vector<Menu::MenuItem, std::allocator<Menu::MenuItem> >::resize(unsigned int)
 .text._ZNSt6vectorIN4Menu8MenuItemESaIS1_EEixEj
                0x0000000008001432       0x1c ./Core/Src/Menu.o
                0x0000000008001432                std::vector<Menu::MenuItem, std::allocator<Menu::MenuItem> >::operator[](unsigned int)
 .text._ZStplIcSt11char_traitsIcESaIcEENSt7__cxx1112basic_stringIT_T0_T1_EEOS8_PKS5_
                0x000000000800144e       0x34 ./Core/Src/Menu.o
                0x000000000800144e                std::__cxx11::basic_string<char, std::char_traits<char>, std::allocator<char> > std::operator+<char, std::char_traits<char>, std::allocator<char> >(std::__cxx11::basic_string<char, std::char_traits<char>, std::allocator<char> >&&, char const*)
 .text._ZStplIcSt11char_traitsIcESaIcEENSt7__cxx1112basic_stringIT_T0_T1_EEOS8_RKS8_
                0x0000000008001482       0x34 ./Core/Src/Menu.o
                0x0000000008001482                std::__cxx11::basic_string<char, std::char_traits<char>, std::allocator<char> > std::operator+<char, std::char_traits<char>, std::allocator<char> >(std::__cxx11::basic_string<char, std::char_traits<char>, std::allocator<char> >&&, std::__cxx11::basic_string<char, std::char_traits<char>, std::allocator<char> > const&)
 .text._ZStplIcSt11char_traitsIcESaIcEENSt7__cxx1112basic_stringIT_T0_T1_EEPKS5_RKS8_
                0x00000000080014b6       0x8a ./Core/Src/Menu.o
                0x00000000080014b6                std::__cxx11::basic_string<char, std::char_traits<char>, std::allocator<char> > std::operator+<char, std::char_traits<char>, std::allocator<char> >(char const*, std::__cxx11::basic_string<char, std::char_traits<char>, std::allocator<char> > const&)
 .text._ZNSaIN4Menu8MenuItemEEC2Ev
                0x0000000008001540       0x1a ./Core/Src/Menu.o
                0x0000000008001540                std::allocator<Menu::MenuItem>::allocator()
                0x0000000008001540                std::allocator<Menu::MenuItem>::allocator()
 .text._ZNSt12_Vector_baseIN4Menu8MenuItemESaIS1_EE17_Vector_impl_dataC2Ev
                0x000000000800155a       0x24 ./Core/Src/Menu.o
                0x000000000800155a                std::_Vector_base<Menu::MenuItem, std::allocator<Menu::MenuItem> >::_Vector_impl_data::_Vector_impl_data()
                0x000000000800155a                std::_Vector_base<Menu::MenuItem, std::allocator<Menu::MenuItem> >::_Vector_impl_data::_Vector_impl_data()
 .text._ZNSt12_Vector_baseIN4Menu8MenuItemESaIS1_EE13_M_deallocateEPS1_j
                0x000000000800157e       0x26 ./Core/Src/Menu.o
                0x000000000800157e                std::_Vector_base<Menu::MenuItem, std::allocator<Menu::MenuItem> >::_M_deallocate(Menu::MenuItem*, unsigned int)
 .text._ZNSt12_Vector_baseIN4Menu8MenuItemESaIS1_EE19_M_get_Tp_allocatorEv
                0x00000000080015a4       0x12 ./Core/Src/Menu.o
                0x00000000080015a4                std::_Vector_base<Menu::MenuItem, std::allocator<Menu::MenuItem> >::_M_get_Tp_allocator()
 .text._ZSt8_DestroyIPN4Menu8MenuItemES1_EvT_S3_RSaIT0_E
                0x00000000080015b6       0x20 ./Core/Src/Menu.o
                0x00000000080015b6                void std::_Destroy<Menu::MenuItem*, Menu::MenuItem>(Menu::MenuItem*, Menu::MenuItem*, std::allocator<Menu::MenuItem>&)
 .text._ZNSt6vectorIN4Menu8MenuItemESaIS1_EE15_S_use_relocateEv
                0x00000000080015d6       0x16 ./Core/Src/Menu.o
                0x00000000080015d6                std::vector<Menu::MenuItem, std::allocator<Menu::MenuItem> >::_S_use_relocate()
 .text._ZNSt6vectorIN4Menu8MenuItemESaIS1_EE19_S_nothrow_relocateESt17integral_constantIbLb1EE
                0x00000000080015ec       0x14 ./Core/Src/Menu.o
                0x00000000080015ec                std::vector<Menu::MenuItem, std::allocator<Menu::MenuItem> >::_S_nothrow_relocate(std::integral_constant<bool, true>)
 .text._ZNSt6vectorIN4Menu8MenuItemESaIS1_EE17_M_default_appendEj
                0x0000000008001600      0x178 ./Core/Src/Menu.o
                0x0000000008001600                std::vector<Menu::MenuItem, std::allocator<Menu::MenuItem> >::_M_default_append(unsigned int)
 .text._ZNSt6vectorIN4Menu8MenuItemESaIS1_EE15_M_erase_at_endEPS1_
                0x0000000008001778       0x42 ./Core/Src/Menu.o
                0x0000000008001778                std::vector<Menu::MenuItem, std::allocator<Menu::MenuItem> >::_M_erase_at_end(Menu::MenuItem*)
 .text._ZSt4moveIRNSt7__cxx1112basic_stringIcSt11char_traitsIcESaIcEEEEONSt16remove_referenceIT_E4typeEOS8_
                0x00000000080017ba       0x12 ./Core/Src/Menu.o
                0x00000000080017ba                std::remove_reference<std::__cxx11::basic_string<char, std::char_traits<char>, std::allocator<char> >&>::type&& std::move<std::__cxx11::basic_string<char, std::char_traits<char>, std::allocator<char> >&>(std::__cxx11::basic_string<char, std::char_traits<char>, std::allocator<char> >&)
 .text._ZN9__gnu_cxx14__alloc_traitsISaIcEcE17_S_select_on_copyERKS1_
                0x00000000080017cc       0x1e ./Core/Src/Menu.o
                0x00000000080017cc                __gnu_cxx::__alloc_traits<std::allocator<char>, char>::_S_select_on_copy(std::allocator<char> const&)
 .text._ZN9__gnu_cxx13new_allocatorIN4Menu8MenuItemEEC2Ev
                0x00000000080017ea       0x12 ./Core/Src/Menu.o
                0x00000000080017ea                __gnu_cxx::new_allocator<Menu::MenuItem>::new_allocator()
                0x00000000080017ea                __gnu_cxx::new_allocator<Menu::MenuItem>::new_allocator()
 .text._ZNSt16allocator_traitsISaIN4Menu8MenuItemEEE10deallocateERS2_PS1_j
                0x00000000080017fc       0x20 ./Core/Src/Menu.o
                0x00000000080017fc                std::allocator_traits<std::allocator<Menu::MenuItem> >::deallocate(std::allocator<Menu::MenuItem>&, Menu::MenuItem*, unsigned int)
 .text._ZSt8_DestroyIPN4Menu8MenuItemEEvT_S3_
                0x000000000800181c       0x1e ./Core/Src/Menu.o
                0x000000000800181c                void std::_Destroy<Menu::MenuItem*>(Menu::MenuItem*, Menu::MenuItem*)
 .text._ZNKSt6vectorIN4Menu8MenuItemESaIS1_EE8max_sizeEv
                0x000000000800183a       0x22 ./Core/Src/Menu.o
                0x000000000800183a                std::vector<Menu::MenuItem, std::allocator<Menu::MenuItem> >::max_size() const
 .text._ZSt27__uninitialized_default_n_aIPN4Menu8MenuItemEjS1_ET_S3_T0_RSaIT1_E
                0x000000000800185c       0x22 ./Core/Src/Menu.o
                0x000000000800185c                Menu::MenuItem* std::__uninitialized_default_n_a<Menu::MenuItem*, unsigned int, Menu::MenuItem>(Menu::MenuItem*, unsigned int, std::allocator<Menu::MenuItem>&)
 .text._ZNKSt6vectorIN4Menu8MenuItemESaIS1_EE12_M_check_lenEjPKc
                0x000000000800187e       0x9c ./Core/Src/Menu.o
                0x000000000800187e                std::vector<Menu::MenuItem, std::allocator<Menu::MenuItem> >::_M_check_len(unsigned int, char const*) const
 .text._ZNSt12_Vector_baseIN4Menu8MenuItemESaIS1_EE11_M_allocateEj
                0x000000000800191a       0x2a ./Core/Src/Menu.o
                0x000000000800191a                std::_Vector_base<Menu::MenuItem, std::allocator<Menu::MenuItem> >::_M_allocate(unsigned int)
 .text._ZNSt6vectorIN4Menu8MenuItemESaIS1_EE11_S_relocateEPS1_S4_S4_RS2_
                0x0000000008001944       0x2a ./Core/Src/Menu.o
                0x0000000008001944                std::vector<Menu::MenuItem, std::allocator<Menu::MenuItem> >::_S_relocate(Menu::MenuItem*, Menu::MenuItem*, Menu::MenuItem*, std::allocator<Menu::MenuItem>&)
 .text._ZSt34__uninitialized_move_if_noexcept_aIPN4Menu8MenuItemES2_SaIS1_EET0_T_S5_S4_RT1_
                0x000000000800196e       0x36 ./Core/Src/Menu.o
                0x000000000800196e                Menu::MenuItem* std::__uninitialized_move_if_noexcept_a<Menu::MenuItem*, Menu::MenuItem*, std::allocator<Menu::MenuItem> >(Menu::MenuItem*, Menu::MenuItem*, Menu::MenuItem*, std::allocator<Menu::MenuItem>&)
 .text._ZNSt16allocator_traitsISaIcEE37select_on_container_copy_constructionERKS0_
                0x00000000080019a4       0x1e ./Core/Src/Menu.o
                0x00000000080019a4                std::allocator_traits<std::allocator<char> >::select_on_container_copy_construction(std::allocator<char> const&)
 .text._ZN9__gnu_cxx13new_allocatorIN4Menu8MenuItemEE10deallocateEPS2_j
                0x00000000080019c2       0x22 ./Core/Src/Menu.o
                0x00000000080019c2                __gnu_cxx::new_allocator<Menu::MenuItem>::deallocate(Menu::MenuItem*, unsigned int)
 .text._ZNSt12_Destroy_auxILb0EE9__destroyIPN4Menu8MenuItemEEEvT_S5_
                0x00000000080019e4       0x34 ./Core/Src/Menu.o
                0x00000000080019e4                void std::_Destroy_aux<false>::__destroy<Menu::MenuItem*>(Menu::MenuItem*, Menu::MenuItem*)
 .text._ZNSt6vectorIN4Menu8MenuItemESaIS1_EE11_S_max_sizeERKS2_
                0x0000000008001a18       0x38 ./Core/Src/Menu.o
                0x0000000008001a18                std::vector<Menu::MenuItem, std::allocator<Menu::MenuItem> >::_S_max_size(std::allocator<Menu::MenuItem> const&)
 .text._ZNKSt12_Vector_baseIN4Menu8MenuItemESaIS1_EE19_M_get_Tp_allocatorEv
                0x0000000008001a50       0x12 ./Core/Src/Menu.o
                0x0000000008001a50                std::_Vector_base<Menu::MenuItem, std::allocator<Menu::MenuItem> >::_M_get_Tp_allocator() const
 .text._ZSt25__uninitialized_default_nIPN4Menu8MenuItemEjET_S3_T0_
                0x0000000008001a62       0x28 ./Core/Src/Menu.o
                0x0000000008001a62                Menu::MenuItem* std::__uninitialized_default_n<Menu::MenuItem*, unsigned int>(Menu::MenuItem*, unsigned int)
 .text._ZSt3maxIjERKT_S2_S2_
                0x0000000008001a8a       0x24 ./Core/Src/Menu.o
                0x0000000008001a8a                unsigned int const& std::max<unsigned int>(unsigned int const&, unsigned int const&)
 .text._ZNSt16allocator_traitsISaIN4Menu8MenuItemEEE8allocateERS2_j
                0x0000000008001aae       0x20 ./Core/Src/Menu.o
                0x0000000008001aae                std::allocator_traits<std::allocator<Menu::MenuItem> >::allocate(std::allocator<Menu::MenuItem>&, unsigned int)
 .text._ZNSt6vectorIN4Menu8MenuItemESaIS1_EE14_S_do_relocateEPS1_S4_S4_RS2_St17integral_constantIbLb1EE
                0x0000000008001ace       0x24 ./Core/Src/Menu.o
                0x0000000008001ace                std::vector<Menu::MenuItem, std::allocator<Menu::MenuItem> >::_S_do_relocate(Menu::MenuItem*, Menu::MenuItem*, Menu::MenuItem*, std::allocator<Menu::MenuItem>&, std::integral_constant<bool, true>)
 .text._ZSt32__make_move_if_noexcept_iteratorIN4Menu8MenuItemESt13move_iteratorIPS1_EET0_PT_
                0x0000000008001af2       0x20 ./Core/Src/Menu.o
                0x0000000008001af2                std::move_iterator<Menu::MenuItem*> std::__make_move_if_noexcept_iterator<Menu::MenuItem, std::move_iterator<Menu::MenuItem*> >(Menu::MenuItem*)
 .text._ZSt22__uninitialized_copy_aISt13move_iteratorIPN4Menu8MenuItemEES3_S2_ET0_T_S6_S5_RSaIT1_E
                0x0000000008001b12       0x24 ./Core/Src/Menu.o
                0x0000000008001b12                Menu::MenuItem* std::__uninitialized_copy_a<std::move_iterator<Menu::MenuItem*>, Menu::MenuItem*, Menu::MenuItem>(std::move_iterator<Menu::MenuItem*>, std::move_iterator<Menu::MenuItem*>, Menu::MenuItem*, std::allocator<Menu::MenuItem>&)
 .text._ZSt11__addressofIN4Menu8MenuItemEEPT_RS2_
                0x0000000008001b36       0x12 ./Core/Src/Menu.o
                0x0000000008001b36                Menu::MenuItem* std::__addressof<Menu::MenuItem>(Menu::MenuItem&)
 .text._ZSt8_DestroyIN4Menu8MenuItemEEvPT_
                0x0000000008001b48       0x18 ./Core/Src/Menu.o
                0x0000000008001b48                void std::_Destroy<Menu::MenuItem>(Menu::MenuItem*)
 .text._ZNSt16allocator_traitsISaIN4Menu8MenuItemEEE8max_sizeERKS2_
                0x0000000008001b60       0x1a ./Core/Src/Menu.o
                0x0000000008001b60                std::allocator_traits<std::allocator<Menu::MenuItem> >::max_size(std::allocator<Menu::MenuItem> const&)
 .text._ZSt3minIjERKT_S2_S2_
                0x0000000008001b7a       0x24 ./Core/Src/Menu.o
                0x0000000008001b7a                unsigned int const& std::min<unsigned int>(unsigned int const&, unsigned int const&)
 .text._ZNSt27__uninitialized_default_n_1ILb0EE18__uninit_default_nIPN4Menu8MenuItemEjEET_S5_T0_
                0x0000000008001b9e       0x3c ./Core/Src/Menu.o
                0x0000000008001b9e                Menu::MenuItem* std::__uninitialized_default_n_1<false>::__uninit_default_n<Menu::MenuItem*, unsigned int>(Menu::MenuItem*, unsigned int)
 *fill*         0x0000000008001bda        0x2 
 .text._ZNK9__gnu_cxx13new_allocatorIN4Menu8MenuItemEE11_M_max_sizeEv
                0x0000000008001bdc       0x18 ./Core/Src/Menu.o
                0x0000000008001bdc                __gnu_cxx::new_allocator<Menu::MenuItem>::_M_max_size() const
 .text._ZN9__gnu_cxx13new_allocatorIN4Menu8MenuItemEE8allocateEjPKv
                0x0000000008001bf4       0x50 ./Core/Src/Menu.o
                0x0000000008001bf4                __gnu_cxx::new_allocator<Menu::MenuItem>::allocate(unsigned int, void const*)
 .text._ZSt12__relocate_aIPN4Menu8MenuItemES2_SaIS1_EET0_T_S5_S4_RT1_
                0x0000000008001c44       0x40 ./Core/Src/Menu.o
                0x0000000008001c44                Menu::MenuItem* std::__relocate_a<Menu::MenuItem*, Menu::MenuItem*, std::allocator<Menu::MenuItem> >(Menu::MenuItem*, Menu::MenuItem*, Menu::MenuItem*, std::allocator<Menu::MenuItem>&)
 .text._ZNSt13move_iteratorIPN4Menu8MenuItemEEC2ES2_
                0x0000000008001c84       0x24 ./Core/Src/Menu.o
                0x0000000008001c84                std::move_iterator<Menu::MenuItem*>::move_iterator(Menu::MenuItem*)
                0x0000000008001c84                std::move_iterator<Menu::MenuItem*>::move_iterator(Menu::MenuItem*)
 .text._ZSt18uninitialized_copyISt13move_iteratorIPN4Menu8MenuItemEES3_ET0_T_S6_S5_
                0x0000000008001ca8       0x2a ./Core/Src/Menu.o
                0x0000000008001ca8                Menu::MenuItem* std::uninitialized_copy<std::move_iterator<Menu::MenuItem*>, Menu::MenuItem*>(std::move_iterator<Menu::MenuItem*>, std::move_iterator<Menu::MenuItem*>, Menu::MenuItem*)
 .text._ZNK9__gnu_cxx13new_allocatorIN4Menu8MenuItemEE8max_sizeEv
                0x0000000008001cd2       0x1a ./Core/Src/Menu.o
                0x0000000008001cd2                __gnu_cxx::new_allocator<Menu::MenuItem>::max_size() const
 .text._ZN4Menu8MenuItemC2Ev
                0x0000000008001cec       0x44 ./Core/Src/Menu.o
                0x0000000008001cec                Menu::MenuItem::MenuItem()
                0x0000000008001cec                Menu::MenuItem::MenuItem()
 .text._ZSt10_ConstructIN4Menu8MenuItemEJEEvPT_DpOT0_
                0x0000000008001d30       0x2e ./Core/Src/Menu.o
                0x0000000008001d30                void std::_Construct<Menu::MenuItem>(Menu::MenuItem*)
 .text._ZSt12__niter_baseIPN4Menu8MenuItemEET_S3_
                0x0000000008001d5e       0x12 ./Core/Src/Menu.o
                0x0000000008001d5e                Menu::MenuItem* std::__niter_base<Menu::MenuItem*>(Menu::MenuItem*)
 .text._ZSt14__relocate_a_1IPN4Menu8MenuItemES2_SaIS1_EET0_T_S5_S4_RT1_
                0x0000000008001d70       0x50 ./Core/Src/Menu.o
                0x0000000008001d70                Menu::MenuItem* std::__relocate_a_1<Menu::MenuItem*, Menu::MenuItem*, std::allocator<Menu::MenuItem> >(Menu::MenuItem*, Menu::MenuItem*, Menu::MenuItem*, std::allocator<Menu::MenuItem>&)
 .text._ZSt4moveIRPN4Menu8MenuItemEEONSt16remove_referenceIT_E4typeEOS5_
                0x0000000008001dc0       0x12 ./Core/Src/Menu.o
                0x0000000008001dc0                std::remove_reference<Menu::MenuItem*&>::type&& std::move<Menu::MenuItem*&>(Menu::MenuItem*&)
 .text._ZNSt20__uninitialized_copyILb0EE13__uninit_copyISt13move_iteratorIPN4Menu8MenuItemEES5_EET0_T_S8_S7_
                0x0000000008001dd2       0x5c ./Core/Src/Menu.o
                0x0000000008001dd2                Menu::MenuItem* std::__uninitialized_copy<false>::__uninit_copy<std::move_iterator<Menu::MenuItem*>, Menu::MenuItem*>(std::move_iterator<Menu::MenuItem*>, std::move_iterator<Menu::MenuItem*>, Menu::MenuItem*)
 .text._ZSt19__relocate_object_aIN4Menu8MenuItemES1_SaIS1_EEvPT_PT0_RT1_
                0x0000000008001e2e       0x3c ./Core/Src/Menu.o
                0x0000000008001e2e                void std::__relocate_object_a<Menu::MenuItem, Menu::MenuItem, std::allocator<Menu::MenuItem> >(Menu::MenuItem*, Menu::MenuItem*, std::allocator<Menu::MenuItem>&)
 .text._ZStneIPN4Menu8MenuItemEEbRKSt13move_iteratorIT_ES7_
                0x0000000008001e6a       0x28 ./Core/Src/Menu.o
                0x0000000008001e6a                bool std::operator!=<Menu::MenuItem*>(std::move_iterator<Menu::MenuItem*> const&, std::move_iterator<Menu::MenuItem*> const&)
 .text._ZNSt13move_iteratorIPN4Menu8MenuItemEEppEv
                0x0000000008001e92       0x1e ./Core/Src/Menu.o
                0x0000000008001e92                std::move_iterator<Menu::MenuItem*>::operator++()
 .text._ZNKSt13move_iteratorIPN4Menu8MenuItemEEdeEv
                0x0000000008001eb0       0x14 ./Core/Src/Menu.o
                0x0000000008001eb0                std::move_iterator<Menu::MenuItem*>::operator*() const
 .text._ZN4Menu8MenuItemC2EOS0_
                0x0000000008001ec4       0x30 ./Core/Src/Menu.o
                0x0000000008001ec4                Menu::MenuItem::MenuItem(Menu::MenuItem&&)
                0x0000000008001ec4                Menu::MenuItem::MenuItem(Menu::MenuItem&&)
 .text._ZSt10_ConstructIN4Menu8MenuItemEJS1_EEvPT_DpOT0_
                0x0000000008001ef4       0x30 ./Core/Src/Menu.o
                0x0000000008001ef4                void std::_Construct<Menu::MenuItem, Menu::MenuItem>(Menu::MenuItem*, Menu::MenuItem&&)
 .text._ZSt4moveIRN4Menu8MenuItemEEONSt16remove_referenceIT_E4typeEOS4_
                0x0000000008001f24       0x12 ./Core/Src/Menu.o
                0x0000000008001f24                std::remove_reference<Menu::MenuItem&>::type&& std::move<Menu::MenuItem&>(Menu::MenuItem&)
 .text._ZNSt16allocator_traitsISaIN4Menu8MenuItemEEE9constructIS1_JS1_EEEvRS2_PT_DpOT0_
                0x0000000008001f36       0x28 ./Core/Src/Menu.o
                0x0000000008001f36                void std::allocator_traits<std::allocator<Menu::MenuItem> >::construct<Menu::MenuItem, Menu::MenuItem>(std::allocator<Menu::MenuItem>&, Menu::MenuItem*, Menu::MenuItem&&)
 .text._ZNSt16allocator_traitsISaIN4Menu8MenuItemEEE7destroyIS1_EEvRS2_PT_
                0x0000000008001f5e       0x1e ./Core/Src/Menu.o
                0x0000000008001f5e                void std::allocator_traits<std::allocator<Menu::MenuItem> >::destroy<Menu::MenuItem>(std::allocator<Menu::MenuItem>&, Menu::MenuItem*)
 .text._ZSteqIPN4Menu8MenuItemEEbRKSt13move_iteratorIT_ES7_
                0x0000000008001f7c       0x2e ./Core/Src/Menu.o
                0x0000000008001f7c                bool std::operator==<Menu::MenuItem*>(std::move_iterator<Menu::MenuItem*> const&, std::move_iterator<Menu::MenuItem*> const&)
 .text._ZSt7forwardIN4Menu8MenuItemEEOT_RNSt16remove_referenceIS2_E4typeE
                0x0000000008001faa       0x12 ./Core/Src/Menu.o
                0x0000000008001faa                Menu::MenuItem&& std::forward<Menu::MenuItem>(std::remove_reference<Menu::MenuItem>::type&)
 .text._ZN9__gnu_cxx13new_allocatorIN4Menu8MenuItemEE9constructIS2_JS2_EEEvPT_DpOT0_
                0x0000000008001fbc       0x32 ./Core/Src/Menu.o
                0x0000000008001fbc                void __gnu_cxx::new_allocator<Menu::MenuItem>::construct<Menu::MenuItem, Menu::MenuItem>(Menu::MenuItem*, Menu::MenuItem&&)
 .text._ZN9__gnu_cxx13new_allocatorIN4Menu8MenuItemEE7destroyIS2_EEvPT_
                0x0000000008001fee       0x1a ./Core/Src/Menu.o
                0x0000000008001fee                void __gnu_cxx::new_allocator<Menu::MenuItem>::destroy<Menu::MenuItem>(Menu::MenuItem*)
 .text._ZNKSt13move_iteratorIPN4Menu8MenuItemEE4baseEv
                0x0000000008002008       0x14 ./Core/Src/Menu.o
                0x0000000008002008                std::move_iterator<Menu::MenuItem*>::base() const
 .text._ZN4MenuD2Ev
                0x000000000800201c       0x26 ./Core/Src/main.o
                0x000000000800201c                Menu::~Menu()
                0x000000000800201c                Menu::~Menu()
 .text._ZN4MenuC2ERKS_
                0x0000000008002042       0x56 ./Core/Src/main.o
                0x0000000008002042                Menu::Menu(Menu const&)
                0x0000000008002042                Menu::Menu(Menu const&)
 .text.main     0x0000000008002098      0x464 ./Core/Src/main.o
                0x0000000008002098                main
 .text._Z18SystemClock_Configv
                0x00000000080024fc       0xec ./Core/Src/main.o
                0x00000000080024fc                SystemClock_Config()
 .text._ZL12MX_I2C1_Initv
                0x00000000080025e8       0x98 ./Core/Src/main.o
 .text._ZL11MX_RTC_Initv
                0x0000000008002680       0xdc ./Core/Src/main.o
 .text._ZL12MX_TIM6_Initv
                0x000000000800275c       0x4c ./Core/Src/main.o
 .text._ZL19MX_USART2_UART_Initv
                0x00000000080027a8       0x68 ./Core/Src/main.o
 .text._ZL11MX_DMA_Initv
                0x0000000008002810       0x4c ./Core/Src/main.o
 .text._ZL12MX_GPIO_Initv
                0x000000000800285c      0x14c ./Core/Src/main.o
 .text.Error_Handler
                0x00000000080029a8        0xa ./Core/Src/main.o
                0x00000000080029a8                Error_Handler
 .text._ZNSt6vectorIN4Menu8MenuItemESaIS1_EED2Ev
                0x00000000080029b2       0x36 ./Core/Src/main.o
                0x00000000080029b2                std::vector<Menu::MenuItem, std::allocator<Menu::MenuItem> >::~vector()
                0x00000000080029b2                std::vector<Menu::MenuItem, std::allocator<Menu::MenuItem> >::~vector()
 .text._ZNSt6vectorIN4Menu8MenuItemESaIS1_EEC2ERKS3_
                0x00000000080029e8       0x7c ./Core/Src/main.o
                0x00000000080029e8                std::vector<Menu::MenuItem, std::allocator<Menu::MenuItem> >::vector(std::vector<Menu::MenuItem, std::allocator<Menu::MenuItem> > const&)
                0x00000000080029e8                std::vector<Menu::MenuItem, std::allocator<Menu::MenuItem> >::vector(std::vector<Menu::MenuItem, std::allocator<Menu::MenuItem> > const&)
 .text._ZNSt12_Vector_baseIN4Menu8MenuItemESaIS1_EE12_Vector_implD2Ev
                0x0000000008002a64       0x1a ./Core/Src/main.o
                0x0000000008002a64                std::_Vector_base<Menu::MenuItem, std::allocator<Menu::MenuItem> >::_Vector_impl::~_Vector_impl()
                0x0000000008002a64                std::_Vector_base<Menu::MenuItem, std::allocator<Menu::MenuItem> >::_Vector_impl::~_Vector_impl()
 .text._ZNSt12_Vector_baseIN4Menu8MenuItemESaIS1_EED2Ev
                0x0000000008002a7e       0x34 ./Core/Src/main.o
                0x0000000008002a7e                std::_Vector_base<Menu::MenuItem, std::allocator<Menu::MenuItem> >::~_Vector_base()
                0x0000000008002a7e                std::_Vector_base<Menu::MenuItem, std::allocator<Menu::MenuItem> >::~_Vector_base()
 .text._ZN9__gnu_cxx14__alloc_traitsISaIN4Menu8MenuItemEES2_E17_S_select_on_copyERKS3_
                0x0000000008002ab2       0x1e ./Core/Src/main.o
                0x0000000008002ab2                __gnu_cxx::__alloc_traits<std::allocator<Menu::MenuItem>, Menu::MenuItem>::_S_select_on_copy(std::allocator<Menu::MenuItem> const&)
 .text._ZNSaIN4Menu8MenuItemEED2Ev
                0x0000000008002ad0       0x1a ./Core/Src/main.o
                0x0000000008002ad0                std::allocator<Menu::MenuItem>::~allocator()
                0x0000000008002ad0                std::allocator<Menu::MenuItem>::~allocator()
 .text._ZNSt12_Vector_baseIN4Menu8MenuItemESaIS1_EEC2EjRKS2_
                0x0000000008002aea       0x2e ./Core/Src/main.o
                0x0000000008002aea                std::_Vector_base<Menu::MenuItem, std::allocator<Menu::MenuItem> >::_Vector_base(unsigned int, std::allocator<Menu::MenuItem> const&)
                0x0000000008002aea                std::_Vector_base<Menu::MenuItem, std::allocator<Menu::MenuItem> >::_Vector_base(unsigned int, std::allocator<Menu::MenuItem> const&)
 .text._ZNKSt6vectorIN4Menu8MenuItemESaIS1_EE5beginEv
                0x0000000008002b18       0x20 ./Core/Src/main.o
                0x0000000008002b18                std::vector<Menu::MenuItem, std::allocator<Menu::MenuItem> >::begin() const
 .text._ZNKSt6vectorIN4Menu8MenuItemESaIS1_EE3endEv
                0x0000000008002b38       0x22 ./Core/Src/main.o
                0x0000000008002b38                std::vector<Menu::MenuItem, std::allocator<Menu::MenuItem> >::end() const
 .text._ZSt22__uninitialized_copy_aIN9__gnu_cxx17__normal_iteratorIPKN4Menu8MenuItemESt6vectorIS3_SaIS3_EEEEPS3_S3_ET0_T_SC_SB_RSaIT1_E
                0x0000000008002b5a       0x24 ./Core/Src/main.o
                0x0000000008002b5a                Menu::MenuItem* std::__uninitialized_copy_a<__gnu_cxx::__normal_iterator<Menu::MenuItem const*, std::vector<Menu::MenuItem, std::allocator<Menu::MenuItem> > >, Menu::MenuItem*, Menu::MenuItem>(__gnu_cxx::__normal_iterator<Menu::MenuItem const*, std::vector<Menu::MenuItem, std::allocator<Menu::MenuItem> > >, __gnu_cxx::__normal_iterator<Menu::MenuItem const*, std::vector<Menu::MenuItem, std::allocator<Menu::MenuItem> > >, Menu::MenuItem*, std::allocator<Menu::MenuItem>&)
 .text._ZNSt16allocator_traitsISaIN4Menu8MenuItemEEE37select_on_container_copy_constructionERKS2_
                0x0000000008002b7e       0x1e ./Core/Src/main.o
                0x0000000008002b7e                std::allocator_traits<std::allocator<Menu::MenuItem> >::select_on_container_copy_construction(std::allocator<Menu::MenuItem> const&)
 .text._ZNSaIN4Menu8MenuItemEEC2ERKS1_
                0x0000000008002b9c       0x20 ./Core/Src/main.o
                0x0000000008002b9c                std::allocator<Menu::MenuItem>::allocator(std::allocator<Menu::MenuItem> const&)
                0x0000000008002b9c                std::allocator<Menu::MenuItem>::allocator(std::allocator<Menu::MenuItem> const&)
 .text._ZN9__gnu_cxx13new_allocatorIN4Menu8MenuItemEED2Ev
                0x0000000008002bbc       0x12 ./Core/Src/main.o
                0x0000000008002bbc                __gnu_cxx::new_allocator<Menu::MenuItem>::~new_allocator()
                0x0000000008002bbc                __gnu_cxx::new_allocator<Menu::MenuItem>::~new_allocator()
 .text._ZNSt12_Vector_baseIN4Menu8MenuItemESaIS1_EE12_Vector_implC2ERKS2_
                0x0000000008002bce       0x28 ./Core/Src/main.o
                0x0000000008002bce                std::_Vector_base<Menu::MenuItem, std::allocator<Menu::MenuItem> >::_Vector_impl::_Vector_impl(std::allocator<Menu::MenuItem> const&)
                0x0000000008002bce                std::_Vector_base<Menu::MenuItem, std::allocator<Menu::MenuItem> >::_Vector_impl::_Vector_impl(std::allocator<Menu::MenuItem> const&)
 .text._ZNSt12_Vector_baseIN4Menu8MenuItemESaIS1_EE17_M_create_storageEj
                0x0000000008002bf6       0x3a ./Core/Src/main.o
                0x0000000008002bf6                std::_Vector_base<Menu::MenuItem, std::allocator<Menu::MenuItem> >::_M_create_storage(unsigned int)
 .text._ZN9__gnu_cxx17__normal_iteratorIPKN4Menu8MenuItemESt6vectorIS2_SaIS2_EEEC2ERKS4_
                0x0000000008002c30       0x1c ./Core/Src/main.o
                0x0000000008002c30                __gnu_cxx::__normal_iterator<Menu::MenuItem const*, std::vector<Menu::MenuItem, std::allocator<Menu::MenuItem> > >::__normal_iterator(Menu::MenuItem const* const&)
                0x0000000008002c30                __gnu_cxx::__normal_iterator<Menu::MenuItem const*, std::vector<Menu::MenuItem, std::allocator<Menu::MenuItem> > >::__normal_iterator(Menu::MenuItem const* const&)
 .text._ZSt18uninitialized_copyIN9__gnu_cxx17__normal_iteratorIPKN4Menu8MenuItemESt6vectorIS3_SaIS3_EEEEPS3_ET0_T_SC_SB_
                0x0000000008002c4c       0x2a ./Core/Src/main.o
                0x0000000008002c4c                Menu::MenuItem* std::uninitialized_copy<__gnu_cxx::__normal_iterator<Menu::MenuItem const*, std::vector<Menu::MenuItem, std::allocator<Menu::MenuItem> > >, Menu::MenuItem*>(__gnu_cxx::__normal_iterator<Menu::MenuItem const*, std::vector<Menu::MenuItem, std::allocator<Menu::MenuItem> > >, __gnu_cxx::__normal_iterator<Menu::MenuItem const*, std::vector<Menu::MenuItem, std::allocator<Menu::MenuItem> > >, Menu::MenuItem*)
 .text._ZN9__gnu_cxx13new_allocatorIN4Menu8MenuItemEEC2ERKS3_
                0x0000000008002c76       0x14 ./Core/Src/main.o
                0x0000000008002c76                __gnu_cxx::new_allocator<Menu::MenuItem>::new_allocator(__gnu_cxx::new_allocator<Menu::MenuItem> const&)
                0x0000000008002c76                __gnu_cxx::new_allocator<Menu::MenuItem>::new_allocator(__gnu_cxx::new_allocator<Menu::MenuItem> const&)
 .text._ZNSt20__uninitialized_copyILb0EE13__uninit_copyIN9__gnu_cxx17__normal_iteratorIPKN4Menu8MenuItemESt6vectorIS5_SaIS5_EEEEPS5_EET0_T_SE_SD_
                0x0000000008002c8a       0x5c ./Core/Src/main.o
                0x0000000008002c8a                Menu::MenuItem* std::__uninitialized_copy<false>::__uninit_copy<__gnu_cxx::__normal_iterator<Menu::MenuItem const*, std::vector<Menu::MenuItem, std::allocator<Menu::MenuItem> > >, Menu::MenuItem*>(__gnu_cxx::__normal_iterator<Menu::MenuItem const*, std::vector<Menu::MenuItem, std::allocator<Menu::MenuItem> > >, __gnu_cxx::__normal_iterator<Menu::MenuItem const*, std::vector<Menu::MenuItem, std::allocator<Menu::MenuItem> > >, Menu::MenuItem*)
 .text._ZN9__gnu_cxxneIPKN4Menu8MenuItemESt6vectorIS2_SaIS2_EEEEbRKNS_17__normal_iteratorIT_T0_EESD_
                0x0000000008002ce6       0x32 ./Core/Src/main.o
                0x0000000008002ce6                bool __gnu_cxx::operator!=<Menu::MenuItem const*, std::vector<Menu::MenuItem, std::allocator<Menu::MenuItem> > >(__gnu_cxx::__normal_iterator<Menu::MenuItem const*, std::vector<Menu::MenuItem, std::allocator<Menu::MenuItem> > > const&, __gnu_cxx::__normal_iterator<Menu::MenuItem const*, std::vector<Menu::MenuItem, std::allocator<Menu::MenuItem> > > const&)
 .text._ZN9__gnu_cxx17__normal_iteratorIPKN4Menu8MenuItemESt6vectorIS2_SaIS2_EEEppEv
                0x0000000008002d18       0x1e ./Core/Src/main.o
                0x0000000008002d18                __gnu_cxx::__normal_iterator<Menu::MenuItem const*, std::vector<Menu::MenuItem, std::allocator<Menu::MenuItem> > >::operator++()
 .text._ZNK9__gnu_cxx17__normal_iteratorIPKN4Menu8MenuItemESt6vectorIS2_SaIS2_EEEdeEv
                0x0000000008002d36       0x14 ./Core/Src/main.o
                0x0000000008002d36                __gnu_cxx::__normal_iterator<Menu::MenuItem const*, std::vector<Menu::MenuItem, std::allocator<Menu::MenuItem> > >::operator*() const
 .text._ZSt10_ConstructIN4Menu8MenuItemEJRKS1_EEvPT_DpOT0_
                0x0000000008002d4a       0x30 ./Core/Src/main.o
                0x0000000008002d4a                void std::_Construct<Menu::MenuItem, Menu::MenuItem const&>(Menu::MenuItem*, Menu::MenuItem const&)
 .text._ZNK9__gnu_cxx17__normal_iteratorIPKN4Menu8MenuItemESt6vectorIS2_SaIS2_EEE4baseEv
                0x0000000008002d7a       0x12 ./Core/Src/main.o
                0x0000000008002d7a                __gnu_cxx::__normal_iterator<Menu::MenuItem const*, std::vector<Menu::MenuItem, std::allocator<Menu::MenuItem> > >::base() const
 .text._ZSt7forwardIRKN4Menu8MenuItemEEOT_RNSt16remove_referenceIS4_E4typeE
                0x0000000008002d8c       0x12 ./Core/Src/main.o
                0x0000000008002d8c                Menu::MenuItem const& std::forward<Menu::MenuItem const&>(std::remove_reference<Menu::MenuItem const&>::type&)
 *fill*         0x0000000008002d9e        0x2 
 .text.HAL_MspInit
                0x0000000008002da0       0x48 ./Core/Src/stm32f0xx_hal_msp.o
                0x0000000008002da0                HAL_MspInit
 .text.HAL_I2C_MspInit
                0x0000000008002de8      0x154 ./Core/Src/stm32f0xx_hal_msp.o
                0x0000000008002de8                HAL_I2C_MspInit
 .text.HAL_RTC_MspInit
                0x0000000008002f3c       0x30 ./Core/Src/stm32f0xx_hal_msp.o
                0x0000000008002f3c                HAL_RTC_MspInit
 .text.HAL_TIM_Base_MspInit
                0x0000000008002f6c       0x4c ./Core/Src/stm32f0xx_hal_msp.o
                0x0000000008002f6c                HAL_TIM_Base_MspInit
 .text.HAL_UART_MspInit
                0x0000000008002fb8      0x154 ./Core/Src/stm32f0xx_hal_msp.o
                0x0000000008002fb8                HAL_UART_MspInit
 .text.NMI_Handler
                0x000000000800310c        0x6 ./Core/Src/stm32f0xx_it.o
                0x000000000800310c                NMI_Handler
 .text.HardFault_Handler
                0x0000000008003112        0x6 ./Core/Src/stm32f0xx_it.o
                0x0000000008003112                HardFault_Handler
 .text.SVC_Handler
                0x0000000008003118        0xa ./Core/Src/stm32f0xx_it.o
                0x0000000008003118                SVC_Handler
 .text.PendSV_Handler
                0x0000000008003122        0xa ./Core/Src/stm32f0xx_it.o
                0x0000000008003122                PendSV_Handler
 .text.SysTick_Handler
                0x000000000800312c        0xe ./Core/Src/stm32f0xx_it.o
                0x000000000800312c                SysTick_Handler
 *fill*         0x000000000800313a        0x2 
 .text.DMA1_Channel2_3_IRQHandler
                0x000000000800313c       0x24 ./Core/Src/stm32f0xx_it.o
                0x000000000800313c                DMA1_Channel2_3_IRQHandler
 .text.DMA1_Channel4_5_IRQHandler
                0x0000000008003160       0x24 ./Core/Src/stm32f0xx_it.o
                0x0000000008003160                DMA1_Channel4_5_IRQHandler
 .text.TIM6_IRQHandler
                0x0000000008003184       0x18 ./Core/Src/stm32f0xx_it.o
                0x0000000008003184                TIM6_IRQHandler
 .text.I2C1_IRQHandler
                0x000000000800319c       0x30 ./Core/Src/stm32f0xx_it.o
                0x000000000800319c                I2C1_IRQHandler
 .text.USART2_IRQHandler
                0x00000000080031cc       0x18 ./Core/Src/stm32f0xx_it.o
                0x00000000080031cc                USART2_IRQHandler
 .text._getpid  0x00000000080031e4        0xc ./Core/Src/syscalls.o
                0x00000000080031e4                _getpid
 .text._kill    0x00000000080031f0       0x20 ./Core/Src/syscalls.o
                0x00000000080031f0                _kill
 .text._exit    0x0000000008003210       0x18 ./Core/Src/syscalls.o
                0x0000000008003210                _exit
 .text._sbrk    0x0000000008003228       0x6c ./Core/Src/sysmem.o
                0x0000000008003228                _sbrk
 .text.SystemInit
                0x0000000008003294        0xa ./Core/Src/system_stm32f0xx.o
                0x0000000008003294                SystemInit
 *fill*         0x000000000800329e        0x2 
 .text.Reset_Handler
                0x00000000080032a0       0x50 ./Core/Startup/startup_stm32f030r8tx.o
                0x00000000080032a0                Reset_Handler
 .text.Default_Handler
                0x00000000080032f0        0x2 ./Core/Startup/startup_stm32f030r8tx.o
                0x00000000080032f0                TIM1_CC_IRQHandler
                0x00000000080032f0                SPI1_IRQHandler
                0x00000000080032f0                EXTI2_3_IRQHandler
                0x00000000080032f0                ADC1_IRQHandler
                0x00000000080032f0                I2C2_IRQHandler
                0x00000000080032f0                TIM17_IRQHandler
                0x00000000080032f0                RTC_IRQHandler
                0x00000000080032f0                TIM16_IRQHandler
                0x00000000080032f0                TIM3_IRQHandler
                0x00000000080032f0                EXTI4_15_IRQHandler
                0x00000000080032f0                RCC_IRQHandler
                0x00000000080032f0                DMA1_Channel1_IRQHandler
                0x00000000080032f0                Default_Handler
                0x00000000080032f0                TIM14_IRQHandler
                0x00000000080032f0                TIM15_IRQHandler
                0x00000000080032f0                EXTI0_1_IRQHandler
                0x00000000080032f0                SPI2_IRQHandler
                0x00000000080032f0                WWDG_IRQHandler
                0x00000000080032f0                FLASH_IRQHandler
                0x00000000080032f0                USART1_IRQHandler
                0x00000000080032f0                TIM1_BRK_UP_TRG_COM_IRQHandler
 *fill*         0x00000000080032f2        0x2 
 .text.HAL_Init
                0x00000000080032f4       0x28 ./Drivers/STM32F0xx_HAL_Driver/Src/stm32f0xx_hal.o
                0x00000000080032f4                HAL_Init
 .text.HAL_InitTick
                0x000000000800331c       0x68 ./Drivers/STM32F0xx_HAL_Driver/Src/stm32f0xx_hal.o
                0x000000000800331c                HAL_InitTick
 .text.HAL_IncTick
                0x0000000008003384       0x24 ./Drivers/STM32F0xx_HAL_Driver/Src/stm32f0xx_hal.o
                0x0000000008003384                HAL_IncTick
 .text.HAL_GetTick
                0x00000000080033a8       0x14 ./Drivers/STM32F0xx_HAL_Driver/Src/stm32f0xx_hal.o
                0x00000000080033a8                HAL_GetTick
 .text.HAL_Delay
                0x00000000080033bc       0x48 ./Drivers/STM32F0xx_HAL_Driver/Src/stm32f0xx_hal.o
                0x00000000080033bc                HAL_Delay
 .text.__NVIC_EnableIRQ
                0x0000000008003404       0x34 ./Drivers/STM32F0xx_HAL_Driver/Src/stm32f0xx_hal_cortex.o
 .text.__NVIC_SetPriority
                0x0000000008003438       0xdc ./Drivers/STM32F0xx_HAL_Driver/Src/stm32f0xx_hal_cortex.o
 .text.SysTick_Config
                0x0000000008003514       0x48 ./Drivers/STM32F0xx_HAL_Driver/Src/stm32f0xx_hal_cortex.o
 .text.HAL_NVIC_SetPriority
                0x000000000800355c       0x2a ./Drivers/STM32F0xx_HAL_Driver/Src/stm32f0xx_hal_cortex.o
                0x000000000800355c                HAL_NVIC_SetPriority
 .text.HAL_NVIC_EnableIRQ
                0x0000000008003586       0x20 ./Drivers/STM32F0xx_HAL_Driver/Src/stm32f0xx_hal_cortex.o
                0x0000000008003586                HAL_NVIC_EnableIRQ
 .text.HAL_SYSTICK_Config
                0x00000000080035a6       0x1a ./Drivers/STM32F0xx_HAL_Driver/Src/stm32f0xx_hal_cortex.o
                0x00000000080035a6                HAL_SYSTICK_Config
 .text.HAL_DMA_Init
                0x00000000080035c0       0x90 ./Drivers/STM32F0xx_HAL_Driver/Src/stm32f0xx_hal_dma.o
                0x00000000080035c0                HAL_DMA_Init
 .text.HAL_DMA_Start_IT
                0x0000000008003650       0xcc ./Drivers/STM32F0xx_HAL_Driver/Src/stm32f0xx_hal_dma.o
                0x0000000008003650                HAL_DMA_Start_IT
 .text.HAL_DMA_Abort
                0x000000000800371c       0x70 ./Drivers/STM32F0xx_HAL_Driver/Src/stm32f0xx_hal_dma.o
                0x000000000800371c                HAL_DMA_Abort
 .text.HAL_DMA_Abort_IT
                0x000000000800378c       0x8a ./Drivers/STM32F0xx_HAL_Driver/Src/stm32f0xx_hal_dma.o
                0x000000000800378c                HAL_DMA_Abort_IT
 .text.HAL_DMA_IRQHandler
                0x0000000008003816      0x144 ./Drivers/STM32F0xx_HAL_Driver/Src/stm32f0xx_hal_dma.o
                0x0000000008003816                HAL_DMA_IRQHandler
 .text.HAL_DMA_GetState
                0x000000000800395a       0x18 ./Drivers/STM32F0xx_HAL_Driver/Src/stm32f0xx_hal_dma.o
                0x000000000800395a                HAL_DMA_GetState
 .text.DMA_SetConfig
                0x0000000008003972       0x58 ./Drivers/STM32F0xx_HAL_Driver/Src/stm32f0xx_hal_dma.o
 *fill*         0x00000000080039ca        0x2 
 .text.DMA_CalcBaseAndBitshift
                0x00000000080039cc       0x38 ./Drivers/STM32F0xx_HAL_Driver/Src/stm32f0xx_hal_dma.o
 .text.HAL_GPIO_Init
                0x0000000008003a04      0x2e0 ./Drivers/STM32F0xx_HAL_Driver/Src/stm32f0xx_hal_gpio.o
                0x0000000008003a04                HAL_GPIO_Init
 .text.HAL_GPIO_WritePin
                0x0000000008003ce4       0x3a ./Drivers/STM32F0xx_HAL_Driver/Src/stm32f0xx_hal_gpio.o
                0x0000000008003ce4                HAL_GPIO_WritePin
 *fill*         0x0000000008003d1e        0x2 
 .text.HAL_I2C_Init
                0x0000000008003d20      0x12c ./Drivers/STM32F0xx_HAL_Driver/Src/stm32f0xx_hal_i2c.o
                0x0000000008003d20                HAL_I2C_Init
 .text.HAL_I2C_Master_Transmit_DMA
                0x0000000008003e4c      0x20c ./Drivers/STM32F0xx_HAL_Driver/Src/stm32f0xx_hal_i2c.o
                0x0000000008003e4c                HAL_I2C_Master_Transmit_DMA
 .text.HAL_I2C_EV_IRQHandler
                0x0000000008004058       0x34 ./Drivers/STM32F0xx_HAL_Driver/Src/stm32f0xx_hal_i2c.o
                0x0000000008004058                HAL_I2C_EV_IRQHandler
 .text.HAL_I2C_ER_IRQHandler
                0x000000000800408c       0xb2 ./Drivers/STM32F0xx_HAL_Driver/Src/stm32f0xx_hal_i2c.o
                0x000000000800408c                HAL_I2C_ER_IRQHandler
 .text.HAL_I2C_MasterTxCpltCallback
                0x000000000800413e       0x10 ./Drivers/STM32F0xx_HAL_Driver/Src/stm32f0xx_hal_i2c.o
                0x000000000800413e                HAL_I2C_MasterTxCpltCallback
 .text.HAL_I2C_MasterRxCpltCallback
                0x000000000800414e       0x10 ./Drivers/STM32F0xx_HAL_Driver/Src/stm32f0xx_hal_i2c.o
                0x000000000800414e                HAL_I2C_MasterRxCpltCallback
 .text.HAL_I2C_SlaveTxCpltCallback
                0x000000000800415e       0x10 ./Drivers/STM32F0xx_HAL_Driver/Src/stm32f0xx_hal_i2c.o
                0x000000000800415e                HAL_I2C_SlaveTxCpltCallback
 .text.HAL_I2C_SlaveRxCpltCallback
                0x000000000800416e       0x10 ./Drivers/STM32F0xx_HAL_Driver/Src/stm32f0xx_hal_i2c.o
                0x000000000800416e                HAL_I2C_SlaveRxCpltCallback
 .text.HAL_I2C_AddrCallback
                0x000000000800417e       0x20 ./Drivers/STM32F0xx_HAL_Driver/Src/stm32f0xx_hal_i2c.o
                0x000000000800417e                HAL_I2C_AddrCallback
 .text.HAL_I2C_ListenCpltCallback
                0x000000000800419e       0x10 ./Drivers/STM32F0xx_HAL_Driver/Src/stm32f0xx_hal_i2c.o
                0x000000000800419e                HAL_I2C_ListenCpltCallback
 .text.HAL_I2C_MemTxCpltCallback
                0x00000000080041ae       0x10 ./Drivers/STM32F0xx_HAL_Driver/Src/stm32f0xx_hal_i2c.o
                0x00000000080041ae                HAL_I2C_MemTxCpltCallback
 .text.HAL_I2C_MemRxCpltCallback
                0x00000000080041be       0x10 ./Drivers/STM32F0xx_HAL_Driver/Src/stm32f0xx_hal_i2c.o
                0x00000000080041be                HAL_I2C_MemRxCpltCallback
 .text.HAL_I2C_ErrorCallback
                0x00000000080041ce       0x10 ./Drivers/STM32F0xx_HAL_Driver/Src/stm32f0xx_hal_i2c.o
                0x00000000080041ce                HAL_I2C_ErrorCallback
 .text.HAL_I2C_AbortCpltCallback
                0x00000000080041de       0x10 ./Drivers/STM32F0xx_HAL_Driver/Src/stm32f0xx_hal_i2c.o
                0x00000000080041de                HAL_I2C_AbortCpltCallback
 *fill*         0x00000000080041ee        0x2 
 .text.I2C_Master_ISR_IT
                0x00000000080041f0      0x254 ./Drivers/STM32F0xx_HAL_Driver/Src/stm32f0xx_hal_i2c.o
 .text.I2C_Slave_ISR_IT
                0x0000000008004444      0x200 ./Drivers/STM32F0xx_HAL_Driver/Src/stm32f0xx_hal_i2c.o
 .text.I2C_Master_ISR_DMA
                0x0000000008004644      0x1f8 ./Drivers/STM32F0xx_HAL_Driver/Src/stm32f0xx_hal_i2c.o
 .text.I2C_Mem_ISR_DMA
                0x000000000800483c      0x238 ./Drivers/STM32F0xx_HAL_Driver/Src/stm32f0xx_hal_i2c.o
 .text.I2C_Slave_ISR_DMA
                0x0000000008004a74      0x1cc ./Drivers/STM32F0xx_HAL_Driver/Src/stm32f0xx_hal_i2c.o
 .text.I2C_ITAddrCplt
                0x0000000008004c40      0x148 ./Drivers/STM32F0xx_HAL_Driver/Src/stm32f0xx_hal_i2c.o
 .text.I2C_ITMasterSeqCplt
                0x0000000008004d88       0x82 ./Drivers/STM32F0xx_HAL_Driver/Src/stm32f0xx_hal_i2c.o
 *fill*         0x0000000008004e0a        0x2 
 .text.I2C_ITSlaveSeqCplt
                0x0000000008004e0c       0xc8 ./Drivers/STM32F0xx_HAL_Driver/Src/stm32f0xx_hal_i2c.o
 .text.I2C_ITMasterCplt
                0x0000000008004ed4      0x19c ./Drivers/STM32F0xx_HAL_Driver/Src/stm32f0xx_hal_i2c.o
 .text.I2C_ITSlaveCplt
                0x0000000008005070      0x240 ./Drivers/STM32F0xx_HAL_Driver/Src/stm32f0xx_hal_i2c.o
 .text.I2C_ITListenCplt
                0x00000000080052b0       0xb0 ./Drivers/STM32F0xx_HAL_Driver/Src/stm32f0xx_hal_i2c.o
 .text.I2C_ITError
                0x0000000008005360      0x204 ./Drivers/STM32F0xx_HAL_Driver/Src/stm32f0xx_hal_i2c.o
 .text.I2C_TreatErrorCallback
                0x0000000008005564       0x52 ./Drivers/STM32F0xx_HAL_Driver/Src/stm32f0xx_hal_i2c.o
 .text.I2C_Flush_TXDR
                0x00000000080055b6       0x44 ./Drivers/STM32F0xx_HAL_Driver/Src/stm32f0xx_hal_i2c.o
 *fill*         0x00000000080055fa        0x2 
 .text.I2C_DMAMasterTransmitCplt
                0x00000000080055fc       0xa0 ./Drivers/STM32F0xx_HAL_Driver/Src/stm32f0xx_hal_i2c.o
 .text.I2C_DMAError
                0x000000000800569c       0x32 ./Drivers/STM32F0xx_HAL_Driver/Src/stm32f0xx_hal_i2c.o
 .text.I2C_DMAAbort
                0x00000000080056ce       0x3e ./Drivers/STM32F0xx_HAL_Driver/Src/stm32f0xx_hal_i2c.o
 .text.I2C_TransferConfig
                0x000000000800570c       0x74 ./Drivers/STM32F0xx_HAL_Driver/Src/stm32f0xx_hal_i2c.o
 .text.I2C_Enable_IRQ
                0x0000000008005780      0x11c ./Drivers/STM32F0xx_HAL_Driver/Src/stm32f0xx_hal_i2c.o
 .text.I2C_Disable_IRQ
                0x000000000800589c       0xc6 ./Drivers/STM32F0xx_HAL_Driver/Src/stm32f0xx_hal_i2c.o
 *fill*         0x0000000008005962        0x2 
 .text.HAL_I2CEx_ConfigAnalogFilter
                0x0000000008005964       0x98 ./Drivers/STM32F0xx_HAL_Driver/Src/stm32f0xx_hal_i2c_ex.o
                0x0000000008005964                HAL_I2CEx_ConfigAnalogFilter
 .text.HAL_I2CEx_ConfigDigitalFilter
                0x00000000080059fc       0x98 ./Drivers/STM32F0xx_HAL_Driver/Src/stm32f0xx_hal_i2c_ex.o
                0x00000000080059fc                HAL_I2CEx_ConfigDigitalFilter
 .text.HAL_RCC_OscConfig
                0x0000000008005a94      0x634 ./Drivers/STM32F0xx_HAL_Driver/Src/stm32f0xx_hal_rcc.o
                0x0000000008005a94                HAL_RCC_OscConfig
 .text.HAL_RCC_ClockConfig
                0x00000000080060c8      0x19c ./Drivers/STM32F0xx_HAL_Driver/Src/stm32f0xx_hal_rcc.o
                0x00000000080060c8                HAL_RCC_ClockConfig
 .text.HAL_RCC_GetSysClockFreq
                0x0000000008006264       0xac ./Drivers/STM32F0xx_HAL_Driver/Src/stm32f0xx_hal_rcc.o
                0x0000000008006264                HAL_RCC_GetSysClockFreq
 .text.HAL_RCC_GetHCLKFreq
                0x0000000008006310       0x14 ./Drivers/STM32F0xx_HAL_Driver/Src/stm32f0xx_hal_rcc.o
                0x0000000008006310                HAL_RCC_GetHCLKFreq
 .text.HAL_RCC_GetPCLK1Freq
                0x0000000008006324       0x2c ./Drivers/STM32F0xx_HAL_Driver/Src/stm32f0xx_hal_rcc.o
                0x0000000008006324                HAL_RCC_GetPCLK1Freq
 .text.HAL_RCCEx_PeriphCLKConfig
                0x0000000008006350      0x19c ./Drivers/STM32F0xx_HAL_Driver/Src/stm32f0xx_hal_rcc_ex.o
                0x0000000008006350                HAL_RCCEx_PeriphCLKConfig
 .text.HAL_RTC_Init
                0x00000000080064ec      0x130 ./Drivers/STM32F0xx_HAL_Driver/Src/stm32f0xx_hal_rtc.o
                0x00000000080064ec                HAL_RTC_Init
 .text.HAL_RTC_SetTime
                0x000000000800661c      0x14c ./Drivers/STM32F0xx_HAL_Driver/Src/stm32f0xx_hal_rtc.o
                0x000000000800661c                HAL_RTC_SetTime
 .text.HAL_RTC_SetDate
                0x0000000008006768      0x120 ./Drivers/STM32F0xx_HAL_Driver/Src/stm32f0xx_hal_rtc.o
                0x0000000008006768                HAL_RTC_SetDate
 .text.HAL_RTC_WaitForSynchro
                0x0000000008006888       0x50 ./Drivers/STM32F0xx_HAL_Driver/Src/stm32f0xx_hal_rtc.o
                0x0000000008006888                HAL_RTC_WaitForSynchro
 .text.RTC_EnterInitMode
                0x00000000080068d8       0x86 ./Drivers/STM32F0xx_HAL_Driver/Src/stm32f0xx_hal_rtc.o
                0x00000000080068d8                RTC_EnterInitMode
 .text.RTC_ExitInitMode
                0x000000000800695e       0x52 ./Drivers/STM32F0xx_HAL_Driver/Src/stm32f0xx_hal_rtc.o
                0x000000000800695e                RTC_ExitInitMode
 .text.RTC_ByteToBcd2
                0x00000000080069b0       0x42 ./Drivers/STM32F0xx_HAL_Driver/Src/stm32f0xx_hal_rtc.o
                0x00000000080069b0                RTC_ByteToBcd2
 .text.HAL_TIM_Base_Init
                0x00000000080069f2       0xa0 ./Drivers/STM32F0xx_HAL_Driver/Src/stm32f0xx_hal_tim.o
                0x00000000080069f2                HAL_TIM_Base_Init
 .text.HAL_TIM_IRQHandler
                0x0000000008006a92      0x22c ./Drivers/STM32F0xx_HAL_Driver/Src/stm32f0xx_hal_tim.o
                0x0000000008006a92                HAL_TIM_IRQHandler
 .text.HAL_TIM_PeriodElapsedCallback
                0x0000000008006cbe       0x10 ./Drivers/STM32F0xx_HAL_Driver/Src/stm32f0xx_hal_tim.o
                0x0000000008006cbe                HAL_TIM_PeriodElapsedCallback
 .text.HAL_TIM_OC_DelayElapsedCallback
                0x0000000008006cce       0x10 ./Drivers/STM32F0xx_HAL_Driver/Src/stm32f0xx_hal_tim.o
                0x0000000008006cce                HAL_TIM_OC_DelayElapsedCallback
 .text.HAL_TIM_IC_CaptureCallback
                0x0000000008006cde       0x10 ./Drivers/STM32F0xx_HAL_Driver/Src/stm32f0xx_hal_tim.o
                0x0000000008006cde                HAL_TIM_IC_CaptureCallback
 .text.HAL_TIM_PWM_PulseFinishedCallback
                0x0000000008006cee       0x10 ./Drivers/STM32F0xx_HAL_Driver/Src/stm32f0xx_hal_tim.o
                0x0000000008006cee                HAL_TIM_PWM_PulseFinishedCallback
 .text.HAL_TIM_TriggerCallback
                0x0000000008006cfe       0x10 ./Drivers/STM32F0xx_HAL_Driver/Src/stm32f0xx_hal_tim.o
                0x0000000008006cfe                HAL_TIM_TriggerCallback
 *fill*         0x0000000008006d0e        0x2 
 .text.TIM_Base_SetConfig
                0x0000000008006d10       0xec ./Drivers/STM32F0xx_HAL_Driver/Src/stm32f0xx_hal_tim.o
                0x0000000008006d10                TIM_Base_SetConfig
 .text.HAL_TIMEx_CommutCallback
                0x0000000008006dfc       0x10 ./Drivers/STM32F0xx_HAL_Driver/Src/stm32f0xx_hal_tim_ex.o
                0x0000000008006dfc                HAL_TIMEx_CommutCallback
 .text.HAL_TIMEx_BreakCallback
                0x0000000008006e0c       0x10 ./Drivers/STM32F0xx_HAL_Driver/Src/stm32f0xx_hal_tim_ex.o
                0x0000000008006e0c                HAL_TIMEx_BreakCallback
 .text.HAL_UART_Init
                0x0000000008006e1c       0xa8 ./Drivers/STM32F0xx_HAL_Driver/Src/stm32f0xx_hal_uart.o
                0x0000000008006e1c                HAL_UART_Init
 .text.HAL_UART_IRQHandler
                0x0000000008006ec4      0x590 ./Drivers/STM32F0xx_HAL_Driver/Src/stm32f0xx_hal_uart.o
                0x0000000008006ec4                HAL_UART_IRQHandler
 .text.HAL_UART_TxCpltCallback
                0x0000000008007454       0x10 ./Drivers/STM32F0xx_HAL_Driver/Src/stm32f0xx_hal_uart.o
                0x0000000008007454                HAL_UART_TxCpltCallback
 .text.HAL_UART_ErrorCallback
                0x0000000008007464       0x10 ./Drivers/STM32F0xx_HAL_Driver/Src/stm32f0xx_hal_uart.o
                0x0000000008007464                HAL_UART_ErrorCallback
 .text.HAL_UARTEx_RxEventCallback
                0x0000000008007474       0x16 ./Drivers/STM32F0xx_HAL_Driver/Src/stm32f0xx_hal_uart.o
                0x0000000008007474                HAL_UARTEx_RxEventCallback
 *fill*         0x000000000800748a        0x2 
 .text.UART_SetConfig
                0x000000000800748c      0x280 ./Drivers/STM32F0xx_HAL_Driver/Src/stm32f0xx_hal_uart.o
                0x000000000800748c                UART_SetConfig
 .text.UART_AdvFeatureConfig
                0x000000000800770c      0x168 ./Drivers/STM32F0xx_HAL_Driver/Src/stm32f0xx_hal_uart.o
                0x000000000800770c                UART_AdvFeatureConfig
 .text.UART_CheckIdleState
                0x0000000008007874      0x150 ./Drivers/STM32F0xx_HAL_Driver/Src/stm32f0xx_hal_uart.o
                0x0000000008007874                UART_CheckIdleState
 .text.UART_WaitOnFlagUntilTimeout
                0x00000000080079c4       0xd2 ./Drivers/STM32F0xx_HAL_Driver/Src/stm32f0xx_hal_uart.o
                0x00000000080079c4                UART_WaitOnFlagUntilTimeout
 *fill*         0x0000000008007a96        0x2 
 .text.UART_EndRxTransfer
                0x0000000008007a98       0xc8 ./Drivers/STM32F0xx_HAL_Driver/Src/stm32f0xx_hal_uart.o
 .text.UART_DMAAbortOnError
                0x0000000008007b60       0x2e ./Drivers/STM32F0xx_HAL_Driver/Src/stm32f0xx_hal_uart.o
 .text.UART_EndTransmit_IT
                0x0000000008007b8e       0x56 ./Drivers/STM32F0xx_HAL_Driver/Src/stm32f0xx_hal_uart.o
 .text._ZdlPvj  0x0000000008007be4        0x8 C:/ST/STM32CubeIDE_1.12.1/STM32CubeIDE/plugins/com.st.stm32cube.ide.mcu.externaltools.gnu-tools-for-stm32.11.3.rel1.win32_1.1.100.202309141235/tools/bin/../lib/gcc/arm-none-eabi/11.3.1/../../../../arm-none-eabi/lib/thumb/v6-m/nofp\libstdc++_nano.a(del_ops.o)
                0x0000000008007be4                operator delete(void*, unsigned int)
 .text._Znwj    0x0000000008007bec       0x24 C:/ST/STM32CubeIDE_1.12.1/STM32CubeIDE/plugins/com.st.stm32cube.ide.mcu.externaltools.gnu-tools-for-stm32.11.3.rel1.win32_1.1.100.202309141235/tools/bin/../lib/gcc/arm-none-eabi/11.3.1/../../../../arm-none-eabi/lib/thumb/v6-m/nofp\libstdc++_nano.a(new_op.o)
                0x0000000008007bec                operator new(unsigned int)
 .text._ZNSaIcEC2Ev
                0x0000000008007c10        0x2 C:/ST/STM32CubeIDE_1.12.1/STM32CubeIDE/plugins/com.st.stm32cube.ide.mcu.externaltools.gnu-tools-for-stm32.11.3.rel1.win32_1.1.100.202309141235/tools/bin/../lib/gcc/arm-none-eabi/11.3.1/../../../../arm-none-eabi/lib/thumb/v6-m/nofp\libstdc++_nano.a(allocator-inst.o)
                0x0000000008007c10                std::allocator<char>::allocator()
                0x0000000008007c10                std::allocator<char>::allocator()
 .text._ZNSaIcEC2ERKS_
                0x0000000008007c12        0x2 C:/ST/STM32CubeIDE_1.12.1/STM32CubeIDE/plugins/com.st.stm32cube.ide.mcu.externaltools.gnu-tools-for-stm32.11.3.rel1.win32_1.1.100.202309141235/tools/bin/../lib/gcc/arm-none-eabi/11.3.1/../../../../arm-none-eabi/lib/thumb/v6-m/nofp\libstdc++_nano.a(allocator-inst.o)
                0x0000000008007c12                std::allocator<char>::allocator(std::allocator<char> const&)
                0x0000000008007c12                std::allocator<char>::allocator(std::allocator<char> const&)
 .text._ZNSaIcED2Ev
                0x0000000008007c14        0x2 C:/ST/STM32CubeIDE_1.12.1/STM32CubeIDE/plugins/com.st.stm32cube.ide.mcu.externaltools.gnu-tools-for-stm32.11.3.rel1.win32_1.1.100.202309141235/tools/bin/../lib/gcc/arm-none-eabi/11.3.1/../../../../arm-none-eabi/lib/thumb/v6-m/nofp\libstdc++_nano.a(allocator-inst.o)
                0x0000000008007c14                std::allocator<char>::~allocator()
                0x0000000008007c14                std::allocator<char>::~allocator()
 .text.unlikely._ZSt17__throw_bad_allocv
                0x0000000008007c16        0x6 C:/ST/STM32CubeIDE_1.12.1/STM32CubeIDE/plugins/com.st.stm32cube.ide.mcu.externaltools.gnu-tools-for-stm32.11.3.rel1.win32_1.1.100.202309141235/tools/bin/../lib/gcc/arm-none-eabi/11.3.1/../../../../arm-none-eabi/lib/thumb/v6-m/nofp\libstdc++_nano.a(functexcept.o)
                0x0000000008007c16                std::__throw_bad_alloc()
 .text.unlikely._ZSt28__throw_bad_array_new_lengthv
                0x0000000008007c1c        0x6 C:/ST/STM32CubeIDE_1.12.1/STM32CubeIDE/plugins/com.st.stm32cube.ide.mcu.externaltools.gnu-tools-for-stm32.11.3.rel1.win32_1.1.100.202309141235/tools/bin/../lib/gcc/arm-none-eabi/11.3.1/../../../../arm-none-eabi/lib/thumb/v6-m/nofp\libstdc++_nano.a(functexcept.o)
                0x0000000008007c1c                std::__throw_bad_array_new_length()
 .text.unlikely._ZSt19__throw_logic_errorPKc
                0x0000000008007c22        0x6 C:/ST/STM32CubeIDE_1.12.1/STM32CubeIDE/plugins/com.st.stm32cube.ide.mcu.externaltools.gnu-tools-for-stm32.11.3.rel1.win32_1.1.100.202309141235/tools/bin/../lib/gcc/arm-none-eabi/11.3.1/../../../../arm-none-eabi/lib/thumb/v6-m/nofp\libstdc++_nano.a(functexcept.o)
                0x0000000008007c22                std::__throw_logic_error(char const*)
 .text.unlikely._ZSt20__throw_length_errorPKc
                0x0000000008007c28        0x6 C:/ST/STM32CubeIDE_1.12.1/STM32CubeIDE/plugins/com.st.stm32cube.ide.mcu.externaltools.gnu-tools-for-stm32.11.3.rel1.win32_1.1.100.202309141235/tools/bin/../lib/gcc/arm-none-eabi/11.3.1/../../../../arm-none-eabi/lib/thumb/v6-m/nofp\libstdc++_nano.a(functexcept.o)
                0x0000000008007c28                std::__throw_length_error(char const*)
 *fill*         0x0000000008007c2e        0x2 
 .text._ZSt24__throw_out_of_range_fmtPKcz
                0x0000000008007c30       0x3c C:/ST/STM32CubeIDE_1.12.1/STM32CubeIDE/plugins/com.st.stm32cube.ide.mcu.externaltools.gnu-tools-for-stm32.11.3.rel1.win32_1.1.100.202309141235/tools/bin/../lib/gcc/arm-none-eabi/11.3.1/../../../../arm-none-eabi/lib/thumb/v6-m/nofp\libstdc++_nano.a(functexcept.o)
                0x0000000008007c30                std::__throw_out_of_range_fmt(char const*, ...)
 .text._ZN9__gnu_cxx26__throw_insufficient_spaceEPKcS1_
                0x0000000008007c6c       0x50 C:/ST/STM32CubeIDE_1.12.1/STM32CubeIDE/plugins/com.st.stm32cube.ide.mcu.externaltools.gnu-tools-for-stm32.11.3.rel1.win32_1.1.100.202309141235/tools/bin/../lib/gcc/arm-none-eabi/11.3.1/../../../../arm-none-eabi/lib/thumb/v6-m/nofp\libstdc++_nano.a(snprintf_lite.o)
                0x0000000008007c6c                __gnu_cxx::__throw_insufficient_space(char const*, char const*)
 .text._ZN9__gnu_cxx15__concat_size_tEPcjj
                0x0000000008007cbc       0x68 C:/ST/STM32CubeIDE_1.12.1/STM32CubeIDE/plugins/com.st.stm32cube.ide.mcu.externaltools.gnu-tools-for-stm32.11.3.rel1.win32_1.1.100.202309141235/tools/bin/../lib/gcc/arm-none-eabi/11.3.1/../../../../arm-none-eabi/lib/thumb/v6-m/nofp\libstdc++_nano.a(snprintf_lite.o)
                0x0000000008007cbc                __gnu_cxx::__concat_size_t(char*, unsigned int, unsigned int)
 .text._ZN9__gnu_cxx15__snprintf_liteEPcjPKcSt9__va_list
                0x0000000008007d24       0x8a C:/ST/STM32CubeIDE_1.12.1/STM32CubeIDE/plugins/com.st.stm32cube.ide.mcu.externaltools.gnu-tools-for-stm32.11.3.rel1.win32_1.1.100.202309141235/tools/bin/../lib/gcc/arm-none-eabi/11.3.1/../../../../arm-none-eabi/lib/thumb/v6-m/nofp\libstdc++_nano.a(snprintf_lite.o)
                0x0000000008007d24                __gnu_cxx::__snprintf_lite(char*, unsigned int, char const*, std::__va_list)
 .text._ZNSt11char_traitsIcE4copyEPcPKcj.isra.0
                0x0000000008007dae        0xc C:/ST/STM32CubeIDE_1.12.1/STM32CubeIDE/plugins/com.st.stm32cube.ide.mcu.externaltools.gnu-tools-for-stm32.11.3.rel1.win32_1.1.100.202309141235/tools/bin/../lib/gcc/arm-none-eabi/11.3.1/../../../../arm-none-eabi/lib/thumb/v6-m/nofp\libstdc++_nano.a(string-inst.o)
 *fill*         0x0000000008007dba        0x2 
 .text._ZNSt7__cxx1112basic_stringIcSt11char_traitsIcESaIcEE9_M_createERjj
                0x0000000008007dbc       0x40 C:/ST/STM32CubeIDE_1.12.1/STM32CubeIDE/plugins/com.st.stm32cube.ide.mcu.externaltools.gnu-tools-for-stm32.11.3.rel1.win32_1.1.100.202309141235/tools/bin/../lib/gcc/arm-none-eabi/11.3.1/../../../../arm-none-eabi/lib/thumb/v6-m/nofp\libstdc++_nano.a(string-inst.o)
                0x0000000008007dbc                std::__cxx11::basic_string<char, std::char_traits<char>, std::allocator<char> >::_M_create(unsigned int&, unsigned int)
 .text._ZNSt7__cxx1112basic_stringIcSt11char_traitsIcESaIcEE10_M_disposeEv
                0x0000000008007dfc       0x12 C:/ST/STM32CubeIDE_1.12.1/STM32CubeIDE/plugins/com.st.stm32cube.ide.mcu.externaltools.gnu-tools-for-stm32.11.3.rel1.win32_1.1.100.202309141235/tools/bin/../lib/gcc/arm-none-eabi/11.3.1/../../../../arm-none-eabi/lib/thumb/v6-m/nofp\libstdc++_nano.a(string-inst.o)
                0x0000000008007dfc                std::__cxx11::basic_string<char, std::char_traits<char>, std::allocator<char> >::_M_dispose()
 *fill*         0x0000000008007e0e        0x2 
 .text._ZNKSt7__cxx1112basic_stringIcSt11char_traitsIcESaIcEE8_M_checkEjPKc
                0x0000000008007e10       0x1c C:/ST/STM32CubeIDE_1.12.1/STM32CubeIDE/plugins/com.st.stm32cube.ide.mcu.externaltools.gnu-tools-for-stm32.11.3.rel1.win32_1.1.100.202309141235/tools/bin/../lib/gcc/arm-none-eabi/11.3.1/../../../../arm-none-eabi/lib/thumb/v6-m/nofp\libstdc++_nano.a(string-inst.o)
                0x0000000008007e10                std::__cxx11::basic_string<char, std::char_traits<char>, std::allocator<char> >::_M_check(unsigned int, char const*) const
 .text._ZNKSt7__cxx1112basic_stringIcSt11char_traitsIcESaIcEE15_M_check_lengthEjjPKc
                0x0000000008007e2c       0x1c C:/ST/STM32CubeIDE_1.12.1/STM32CubeIDE/plugins/com.st.stm32cube.ide.mcu.externaltools.gnu-tools-for-stm32.11.3.rel1.win32_1.1.100.202309141235/tools/bin/../lib/gcc/arm-none-eabi/11.3.1/../../../../arm-none-eabi/lib/thumb/v6-m/nofp\libstdc++_nano.a(string-inst.o)
                0x0000000008007e2c                std::__cxx11::basic_string<char, std::char_traits<char>, std::allocator<char> >::_M_check_length(unsigned int, unsigned int, char const*) const
 .text._ZNSt7__cxx1112basic_stringIcSt11char_traitsIcESaIcEE7_S_copyEPcPKcj
                0x0000000008007e48       0x12 C:/ST/STM32CubeIDE_1.12.1/STM32CubeIDE/plugins/com.st.stm32cube.ide.mcu.externaltools.gnu-tools-for-stm32.11.3.rel1.win32_1.1.100.202309141235/tools/bin/../lib/gcc/arm-none-eabi/11.3.1/../../../../arm-none-eabi/lib/thumb/v6-m/nofp\libstdc++_nano.a(string-inst.o)
                0x0000000008007e48                std::__cxx11::basic_string<char, std::char_traits<char>, std::allocator<char> >::_S_copy(char*, char const*, unsigned int)
 .text._ZNSt7__cxx1112basic_stringIcSt11char_traitsIcESaIcEE7_S_moveEPcPKcj
                0x0000000008007e5a       0x16 C:/ST/STM32CubeIDE_1.12.1/STM32CubeIDE/plugins/com.st.stm32cube.ide.mcu.externaltools.gnu-tools-for-stm32.11.3.rel1.win32_1.1.100.202309141235/tools/bin/../lib/gcc/arm-none-eabi/11.3.1/../../../../arm-none-eabi/lib/thumb/v6-m/nofp\libstdc++_nano.a(string-inst.o)
                0x0000000008007e5a                std::__cxx11::basic_string<char, std::char_traits<char>, std::allocator<char> >::_S_move(char*, char const*, unsigned int)
 .text._ZNSt7__cxx1112basic_stringIcSt11char_traitsIcESaIcEE9_S_assignEPcjc
                0x0000000008007e70       0x1a C:/ST/STM32CubeIDE_1.12.1/STM32CubeIDE/plugins/com.st.stm32cube.ide.mcu.externaltools.gnu-tools-for-stm32.11.3.rel1.win32_1.1.100.202309141235/tools/bin/../lib/gcc/arm-none-eabi/11.3.1/../../../../arm-none-eabi/lib/thumb/v6-m/nofp\libstdc++_nano.a(string-inst.o)
                0x0000000008007e70                std::__cxx11::basic_string<char, std::char_traits<char>, std::allocator<char> >::_S_assign(char*, unsigned int, char)
 .text._ZNSt7__cxx1112basic_stringIcSt11char_traitsIcESaIcEE12_M_constructEjc
                0x0000000008007e8a       0x34 C:/ST/STM32CubeIDE_1.12.1/STM32CubeIDE/plugins/com.st.stm32cube.ide.mcu.externaltools.gnu-tools-for-stm32.11.3.rel1.win32_1.1.100.202309141235/tools/bin/../lib/gcc/arm-none-eabi/11.3.1/../../../../arm-none-eabi/lib/thumb/v6-m/nofp\libstdc++_nano.a(string-inst.o)
                0x0000000008007e8a                std::__cxx11::basic_string<char, std::char_traits<char>, std::allocator<char> >::_M_construct(unsigned int, char)
 .text._ZNSt7__cxx1112basic_stringIcSt11char_traitsIcESaIcEE13_S_copy_charsEPcS5_S5_
                0x0000000008007ebe        0xa C:/ST/STM32CubeIDE_1.12.1/STM32CubeIDE/plugins/com.st.stm32cube.ide.mcu.externaltools.gnu-tools-for-stm32.11.3.rel1.win32_1.1.100.202309141235/tools/bin/../lib/gcc/arm-none-eabi/11.3.1/../../../../arm-none-eabi/lib/thumb/v6-m/nofp\libstdc++_nano.a(string-inst.o)
                0x0000000008007ebe                std::__cxx11::basic_string<char, std::char_traits<char>, std::allocator<char> >::_S_copy_chars(char*, char*, char*)
 .text._ZNSt7__cxx1112basic_stringIcSt11char_traitsIcESaIcEE13_S_copy_charsEPcPKcS7_
                0x0000000008007ec8        0xa C:/ST/STM32CubeIDE_1.12.1/STM32CubeIDE/plugins/com.st.stm32cube.ide.mcu.externaltools.gnu-tools-for-stm32.11.3.rel1.win32_1.1.100.202309141235/tools/bin/../lib/gcc/arm-none-eabi/11.3.1/../../../../arm-none-eabi/lib/thumb/v6-m/nofp\libstdc++_nano.a(string-inst.o)
                0x0000000008007ec8                std::__cxx11::basic_string<char, std::char_traits<char>, std::allocator<char> >::_S_copy_chars(char*, char const*, char const*)
 .text._ZNSt7__cxx1112basic_stringIcSt11char_traitsIcESaIcEE9_M_assignERKS4_
                0x0000000008007ed2       0x4e C:/ST/STM32CubeIDE_1.12.1/STM32CubeIDE/plugins/com.st.stm32cube.ide.mcu.externaltools.gnu-tools-for-stm32.11.3.rel1.win32_1.1.100.202309141235/tools/bin/../lib/gcc/arm-none-eabi/11.3.1/../../../../arm-none-eabi/lib/thumb/v6-m/nofp\libstdc++_nano.a(string-inst.o)
                0x0000000008007ed2                std::__cxx11::basic_string<char, std::char_traits<char>, std::allocator<char> >::_M_assign(std::__cxx11::basic_string<char, std::char_traits<char>, std::allocator<char> > const&)
 .text._ZNSt7__cxx1112basic_stringIcSt11char_traitsIcESaIcEE9_M_mutateEjjPKcj
                0x0000000008007f20       0x7c C:/ST/STM32CubeIDE_1.12.1/STM32CubeIDE/plugins/com.st.stm32cube.ide.mcu.externaltools.gnu-tools-for-stm32.11.3.rel1.win32_1.1.100.202309141235/tools/bin/../lib/gcc/arm-none-eabi/11.3.1/../../../../arm-none-eabi/lib/thumb/v6-m/nofp\libstdc++_nano.a(string-inst.o)
                0x0000000008007f20                std::__cxx11::basic_string<char, std::char_traits<char>, std::allocator<char> >::_M_mutate(unsigned int, unsigned int, char const*, unsigned int)
 .text._ZNSt7__cxx1112basic_stringIcSt11char_traitsIcESaIcEE8_M_eraseEjj
                0x0000000008007f9c       0x2e C:/ST/STM32CubeIDE_1.12.1/STM32CubeIDE/plugins/com.st.stm32cube.ide.mcu.externaltools.gnu-tools-for-stm32.11.3.rel1.win32_1.1.100.202309141235/tools/bin/../lib/gcc/arm-none-eabi/11.3.1/../../../../arm-none-eabi/lib/thumb/v6-m/nofp\libstdc++_nano.a(string-inst.o)
                0x0000000008007f9c                std::__cxx11::basic_string<char, std::char_traits<char>, std::allocator<char> >::_M_erase(unsigned int, unsigned int)
 .text._ZNSt7__cxx1112basic_stringIcSt11char_traitsIcESaIcEEC2ERKS3_
                0x0000000008007fca        0xe C:/ST/STM32CubeIDE_1.12.1/STM32CubeIDE/plugins/com.st.stm32cube.ide.mcu.externaltools.gnu-tools-for-stm32.11.3.rel1.win32_1.1.100.202309141235/tools/bin/../lib/gcc/arm-none-eabi/11.3.1/../../../../arm-none-eabi/lib/thumb/v6-m/nofp\libstdc++_nano.a(string-inst.o)
                0x0000000008007fca                std::__cxx11::basic_string<char, std::char_traits<char>, std::allocator<char> >::basic_string(std::allocator<char> const&)
                0x0000000008007fca                std::__cxx11::basic_string<char, std::char_traits<char>, std::allocator<char> >::basic_string(std::allocator<char> const&)
 .text._ZNSt7__cxx1112basic_stringIcSt11char_traitsIcESaIcEEC2EjcRKS3_
                0x0000000008007fd8       0x12 C:/ST/STM32CubeIDE_1.12.1/STM32CubeIDE/plugins/com.st.stm32cube.ide.mcu.externaltools.gnu-tools-for-stm32.11.3.rel1.win32_1.1.100.202309141235/tools/bin/../lib/gcc/arm-none-eabi/11.3.1/../../../../arm-none-eabi/lib/thumb/v6-m/nofp\libstdc++_nano.a(string-inst.o)
                0x0000000008007fd8                std::__cxx11::basic_string<char, std::char_traits<char>, std::allocator<char> >::basic_string(unsigned int, char, std::allocator<char> const&)
                0x0000000008007fd8                std::__cxx11::basic_string<char, std::char_traits<char>, std::allocator<char> >::basic_string(unsigned int, char, std::allocator<char> const&)
 .text._ZNSt7__cxx1112basic_stringIcSt11char_traitsIcESaIcEEC2EOS4_
                0x0000000008007fea       0x34 C:/ST/STM32CubeIDE_1.12.1/STM32CubeIDE/plugins/com.st.stm32cube.ide.mcu.externaltools.gnu-tools-for-stm32.11.3.rel1.win32_1.1.100.202309141235/tools/bin/../lib/gcc/arm-none-eabi/11.3.1/../../../../arm-none-eabi/lib/thumb/v6-m/nofp\libstdc++_nano.a(string-inst.o)
                0x0000000008007fea                std::__cxx11::basic_string<char, std::char_traits<char>, std::allocator<char> >::basic_string(std::__cxx11::basic_string<char, std::char_traits<char>, std::allocator<char> >&&)
                0x0000000008007fea                std::__cxx11::basic_string<char, std::char_traits<char>, std::allocator<char> >::basic_string(std::__cxx11::basic_string<char, std::char_traits<char>, std::allocator<char> >&&)
 .text._ZNSt7__cxx1112basic_stringIcSt11char_traitsIcESaIcEED2Ev
                0x000000000800801e        0xc C:/ST/STM32CubeIDE_1.12.1/STM32CubeIDE/plugins/com.st.stm32cube.ide.mcu.externaltools.gnu-tools-for-stm32.11.3.rel1.win32_1.1.100.202309141235/tools/bin/../lib/gcc/arm-none-eabi/11.3.1/../../../../arm-none-eabi/lib/thumb/v6-m/nofp\libstdc++_nano.a(string-inst.o)
                0x000000000800801e                std::__cxx11::basic_string<char, std::char_traits<char>, std::allocator<char> >::~basic_string()
                0x000000000800801e                std::__cxx11::basic_string<char, std::char_traits<char>, std::allocator<char> >::~basic_string()
 .text._ZNSt7__cxx1112basic_stringIcSt11char_traitsIcESaIcEEaSERKS4_
                0x000000000800802a        0xc C:/ST/STM32CubeIDE_1.12.1/STM32CubeIDE/plugins/com.st.stm32cube.ide.mcu.externaltools.gnu-tools-for-stm32.11.3.rel1.win32_1.1.100.202309141235/tools/bin/../lib/gcc/arm-none-eabi/11.3.1/../../../../arm-none-eabi/lib/thumb/v6-m/nofp\libstdc++_nano.a(string-inst.o)
                0x000000000800802a                std::__cxx11::basic_string<char, std::char_traits<char>, std::allocator<char> >::operator=(std::__cxx11::basic_string<char, std::char_traits<char>, std::allocator<char> > const&)
 .text._ZNSt7__cxx1112basic_stringIcSt11char_traitsIcESaIcEEaSEOS4_
                0x0000000008008036       0x5a C:/ST/STM32CubeIDE_1.12.1/STM32CubeIDE/plugins/com.st.stm32cube.ide.mcu.externaltools.gnu-tools-for-stm32.11.3.rel1.win32_1.1.100.202309141235/tools/bin/../lib/gcc/arm-none-eabi/11.3.1/../../../../arm-none-eabi/lib/thumb/v6-m/nofp\libstdc++_nano.a(string-inst.o)
                0x0000000008008036                std::__cxx11::basic_string<char, std::char_traits<char>, std::allocator<char> >::operator=(std::__cxx11::basic_string<char, std::char_traits<char>, std::allocator<char> >&&)
 .text._ZNKSt7__cxx1112basic_stringIcSt11char_traitsIcESaIcEE4sizeEv
                0x0000000008008090        0x4 C:/ST/STM32CubeIDE_1.12.1/STM32CubeIDE/plugins/com.st.stm32cube.ide.mcu.externaltools.gnu-tools-for-stm32.11.3.rel1.win32_1.1.100.202309141235/tools/bin/../lib/gcc/arm-none-eabi/11.3.1/../../../../arm-none-eabi/lib/thumb/v6-m/nofp\libstdc++_nano.a(string-inst.o)
                0x0000000008008090                std::__cxx11::basic_string<char, std::char_traits<char>, std::allocator<char> >::size() const
 .text._ZNKSt7__cxx1112basic_stringIcSt11char_traitsIcESaIcEE6lengthEv
                0x0000000008008094        0x4 C:/ST/STM32CubeIDE_1.12.1/STM32CubeIDE/plugins/com.st.stm32cube.ide.mcu.externaltools.gnu-tools-for-stm32.11.3.rel1.win32_1.1.100.202309141235/tools/bin/../lib/gcc/arm-none-eabi/11.3.1/../../../../arm-none-eabi/lib/thumb/v6-m/nofp\libstdc++_nano.a(string-inst.o)
                0x0000000008008094                std::__cxx11::basic_string<char, std::char_traits<char>, std::allocator<char> >::length() const
 .text._ZNSt7__cxx1112basic_stringIcSt11char_traitsIcESaIcEE7reserveEj
                0x0000000008008098       0x3c C:/ST/STM32CubeIDE_1.12.1/STM32CubeIDE/plugins/com.st.stm32cube.ide.mcu.externaltools.gnu-tools-for-stm32.11.3.rel1.win32_1.1.100.202309141235/tools/bin/../lib/gcc/arm-none-eabi/11.3.1/../../../../arm-none-eabi/lib/thumb/v6-m/nofp\libstdc++_nano.a(string-inst.o)
                0x0000000008008098                std::__cxx11::basic_string<char, std::char_traits<char>, std::allocator<char> >::reserve(unsigned int)
 .text._ZNSt7__cxx1112basic_stringIcSt11char_traitsIcESaIcEEixEj
                0x00000000080080d4        0x6 C:/ST/STM32CubeIDE_1.12.1/STM32CubeIDE/plugins/com.st.stm32cube.ide.mcu.externaltools.gnu-tools-for-stm32.11.3.rel1.win32_1.1.100.202309141235/tools/bin/../lib/gcc/arm-none-eabi/11.3.1/../../../../arm-none-eabi/lib/thumb/v6-m/nofp\libstdc++_nano.a(string-inst.o)
                0x00000000080080d4                std::__cxx11::basic_string<char, std::char_traits<char>, std::allocator<char> >::operator[](unsigned int)
 *fill*         0x00000000080080da        0x2 
 .text._ZNSt7__cxx1112basic_stringIcSt11char_traitsIcESaIcEE5eraseEjj
                0x00000000080080dc       0x3c C:/ST/STM32CubeIDE_1.12.1/STM32CubeIDE/plugins/com.st.stm32cube.ide.mcu.externaltools.gnu-tools-for-stm32.11.3.rel1.win32_1.1.100.202309141235/tools/bin/../lib/gcc/arm-none-eabi/11.3.1/../../../../arm-none-eabi/lib/thumb/v6-m/nofp\libstdc++_nano.a(string-inst.o)
                0x00000000080080dc                std::__cxx11::basic_string<char, std::char_traits<char>, std::allocator<char> >::erase(unsigned int, unsigned int)
 .text._ZNSt7__cxx1112basic_stringIcSt11char_traitsIcESaIcEE9_M_appendEPKcj
                0x0000000008008118       0x40 C:/ST/STM32CubeIDE_1.12.1/STM32CubeIDE/plugins/com.st.stm32cube.ide.mcu.externaltools.gnu-tools-for-stm32.11.3.rel1.win32_1.1.100.202309141235/tools/bin/../lib/gcc/arm-none-eabi/11.3.1/../../../../arm-none-eabi/lib/thumb/v6-m/nofp\libstdc++_nano.a(string-inst.o)
                0x0000000008008118                std::__cxx11::basic_string<char, std::char_traits<char>, std::allocator<char> >::_M_append(char const*, unsigned int)
 .text._ZNSt7__cxx1112basic_stringIcSt11char_traitsIcESaIcEE6appendERKS4_
                0x0000000008008158        0xa C:/ST/STM32CubeIDE_1.12.1/STM32CubeIDE/plugins/com.st.stm32cube.ide.mcu.externaltools.gnu-tools-for-stm32.11.3.rel1.win32_1.1.100.202309141235/tools/bin/../lib/gcc/arm-none-eabi/11.3.1/../../../../arm-none-eabi/lib/thumb/v6-m/nofp\libstdc++_nano.a(string-inst.o)
                0x0000000008008158                std::__cxx11::basic_string<char, std::char_traits<char>, std::allocator<char> >::append(std::__cxx11::basic_string<char, std::char_traits<char>, std::allocator<char> > const&)
 *fill*         0x0000000008008162        0x2 
 .text._ZNSt7__cxx1112basic_stringIcSt11char_traitsIcESaIcEE6appendEPKcj
                0x0000000008008164       0x20 C:/ST/STM32CubeIDE_1.12.1/STM32CubeIDE/plugins/com.st.stm32cube.ide.mcu.externaltools.gnu-tools-for-stm32.11.3.rel1.win32_1.1.100.202309141235/tools/bin/../lib/gcc/arm-none-eabi/11.3.1/../../../../arm-none-eabi/lib/thumb/v6-m/nofp\libstdc++_nano.a(string-inst.o)
                0x0000000008008164                std::__cxx11::basic_string<char, std::char_traits<char>, std::allocator<char> >::append(char const*, unsigned int)
 .text._ZNSt7__cxx1112basic_stringIcSt11char_traitsIcESaIcEE6appendEPKc
                0x0000000008008184       0x2c C:/ST/STM32CubeIDE_1.12.1/STM32CubeIDE/plugins/com.st.stm32cube.ide.mcu.externaltools.gnu-tools-for-stm32.11.3.rel1.win32_1.1.100.202309141235/tools/bin/../lib/gcc/arm-none-eabi/11.3.1/../../../../arm-none-eabi/lib/thumb/v6-m/nofp\libstdc++_nano.a(string-inst.o)
                0x0000000008008184                std::__cxx11::basic_string<char, std::char_traits<char>, std::allocator<char> >::append(char const*)
 .text._ZNKSt7__cxx1112basic_stringIcSt11char_traitsIcESaIcEE13get_allocatorEv
                0x00000000080081b0        0x2 C:/ST/STM32CubeIDE_1.12.1/STM32CubeIDE/plugins/com.st.stm32cube.ide.mcu.externaltools.gnu-tools-for-stm32.11.3.rel1.win32_1.1.100.202309141235/tools/bin/../lib/gcc/arm-none-eabi/11.3.1/../../../../arm-none-eabi/lib/thumb/v6-m/nofp\libstdc++_nano.a(string-inst.o)
                0x00000000080081b0                std::__cxx11::basic_string<char, std::char_traits<char>, std::allocator<char> >::get_allocator() const
 *fill*         0x00000000080081b2        0x2 
 .text._ZNSt7__cxx1112basic_stringIcSt11char_traitsIcESaIcEE12_M_constructIPcEEvT_S7_St20forward_iterator_tag
                0x00000000080081b4       0x48 C:/ST/STM32CubeIDE_1.12.1/STM32CubeIDE/plugins/com.st.stm32cube.ide.mcu.externaltools.gnu-tools-for-stm32.11.3.rel1.win32_1.1.100.202309141235/tools/bin/../lib/gcc/arm-none-eabi/11.3.1/../../../../arm-none-eabi/lib/thumb/v6-m/nofp\libstdc++_nano.a(string-inst.o)
                0x00000000080081b4                void std::__cxx11::basic_string<char, std::char_traits<char>, std::allocator<char> >::_M_construct<char*>(char*, char*, std::forward_iterator_tag)
 .text._ZNSt7__cxx1112basic_stringIcSt11char_traitsIcESaIcEEC2ERKS4_
                0x00000000080081fc       0x1a C:/ST/STM32CubeIDE_1.12.1/STM32CubeIDE/plugins/com.st.stm32cube.ide.mcu.externaltools.gnu-tools-for-stm32.11.3.rel1.win32_1.1.100.202309141235/tools/bin/../lib/gcc/arm-none-eabi/11.3.1/../../../../arm-none-eabi/lib/thumb/v6-m/nofp\libstdc++_nano.a(string-inst.o)
                0x00000000080081fc                std::__cxx11::basic_string<char, std::char_traits<char>, std::allocator<char> >::basic_string(std::__cxx11::basic_string<char, std::char_traits<char>, std::allocator<char> > const&)