Archive member included to satisfy reference by file (symbol)

C:/ST/STM32CubeIDE_1.12.1/STM32CubeIDE/plugins/com.st.stm32cube.ide.mcu.externaltools.gnu-tools-for-stm32.11.3.rel1.win32_1.1.100.202309141235/tools/bin/../lib/gcc/arm-none-eabi/11.3.1/../../../../arm-none-eabi/lib/thumb/v6-m/nofp\libstdc++_nano.a(del_ops.o)
                              ./Core/Src/Button.o (operator delete(void*, unsigned int))
C:/ST/STM32CubeIDE_1.12.1/STM32CubeIDE/plugins/com.st.stm32cube.ide.mcu.externaltools.gnu-tools-for-stm32.11.3.rel1.win32_1.1.100.202309141235/tools/bin/../lib/gcc/arm-none-eabi/11.3.1/../../../../arm-none-eabi/lib/thumb/v6-m/nofp\libstdc++_nano.a(new_op.o)
                              ./Core/Src/Button.o (operator new(unsigned int))
C:/ST/STM32CubeIDE_1.12.1/STM32CubeIDE/plugins/com.st.stm32cube.ide.mcu.externaltools.gnu-tools-for-stm32.11.3.rel1.win32_1.1.100.202309141235/tools/bin/../lib/gcc/arm-none-eabi/11.3.1/../../../../arm-none-eabi/lib/thumb/v6-m/nofp\libstdc++_nano.a(allocator-inst.o)
                              ./Core/Src/LCD.o (std::allocator<char>::allocator())
C:/ST/STM32CubeIDE_1.12.1/STM32CubeIDE/plugins/com.st.stm32cube.ide.mcu.externaltools.gnu-tools-for-stm32.11.3.rel1.win32_1.1.100.202309141235/tools/bin/../lib/gcc/arm-none-eabi/11.3.1/../../../../arm-none-eabi/lib/thumb/v6-m/nofp\libstdc++_nano.a(functexcept.o)
                              ./Core/Src/Button.o (std::__throw_bad_alloc())
C:/ST/STM32CubeIDE_1.12.1/STM32CubeIDE/plugins/com.st.stm32cube.ide.mcu.externaltools.gnu-tools-for-stm32.11.3.rel1.win32_1.1.100.202309141235/tools/bin/../lib/gcc/arm-none-eabi/11.3.1/../../../../arm-none-eabi/lib/thumb/v6-m/nofp\libstdc++_nano.a(snprintf_lite.o)
                              C:/ST/STM32CubeIDE_1.12.1/STM32CubeIDE/plugins/com.st.stm32cube.ide.mcu.externaltools.gnu-tools-for-stm32.11.3.rel1.win32_1.1.100.202309141235/tools/bin/../lib/gcc/arm-none-eabi/11.3.1/../../../../arm-none-eabi/lib/thumb/v6-m/nofp\libstdc++_nano.a(functexcept.o) (__gnu_cxx::__snprintf_lite(char*, unsigned int, char const*, std::__va_list))
C:/ST/STM32CubeIDE_1.12.1/STM32CubeIDE/plugins/com.st.stm32cube.ide.mcu.externaltools.gnu-tools-for-stm32.11.3.rel1.win32_1.1.100.202309141235/tools/bin/../lib/gcc/arm-none-eabi/11.3.1/../../../../arm-none-eabi/lib/thumb/v6-m/nofp\libstdc++_nano.a(string-inst.o)
                              ./Core/Src/Menu.o (std::__cxx11::basic_string<char, std::char_traits<char>, std::allocator<char> >::basic_string(std::allocator<char> const&))
C:/ST/STM32CubeIDE_1.12.1/STM32CubeIDE/plugins/com.st.stm32cube.ide.mcu.externaltools.gnu-tools-for-stm32.11.3.rel1.win32_1.1.100.202309141235/tools/bin/../lib/gcc/arm-none-eabi/11.3.1/../../../../arm-none-eabi/lib/thumb/v6-m/nofp\libstdc++_nano.a(del_op.o)
                              C:/ST/STM32CubeIDE_1.12.1/STM32CubeIDE/plugins/com.st.stm32cube.ide.mcu.externaltools.gnu-tools-for-stm32.11.3.rel1.win32_1.1.100.202309141235/tools/bin/../lib/gcc/arm-none-eabi/11.3.1/../../../../arm-none-eabi/lib/thumb/v6-m/nofp\libstdc++_nano.a(del_ops.o) (operator delete(void*))
C:/ST/STM32CubeIDE_1.12.1/STM32CubeIDE/plugins/com.st.stm32cube.ide.mcu.externaltools.gnu-tools-for-stm32.11.3.rel1.win32_1.1.100.202309141235/tools/bin/../lib/gcc/arm-none-eabi/11.3.1/../../../../arm-none-eabi/lib/thumb/v6-m/nofp\libstdc++_nano.a(new_handler.o)
                              C:/ST/STM32CubeIDE_1.12.1/STM32CubeIDE/plugins/com.st.stm32cube.ide.mcu.externaltools.gnu-tools-for-stm32.11.3.rel1.win32_1.1.100.202309141235/tools/bin/../lib/gcc/arm-none-eabi/11.3.1/../../../../arm-none-eabi/lib/thumb/v6-m/nofp\libstdc++_nano.a(new_op.o) (std::get_new_handler())
C:/ST/STM32CubeIDE_1.12.1/STM32CubeIDE/plugins/com.st.stm32cube.ide.mcu.externaltools.gnu-tools-for-stm32.11.3.rel1.win32_1.1.100.202309141235/tools/bin/../lib/gcc/arm-none-eabi/11.3.1/../../../../arm-none-eabi/lib/thumb/v6-m/nofp\libc_nano.a(libc_a-abort.o)
                              C:/ST/STM32CubeIDE_1.12.1/STM32CubeIDE/plugins/com.st.stm32cube.ide.mcu.externaltools.gnu-tools-for-stm32.11.3.rel1.win32_1.1.100.202309141235/tools/bin/../lib/gcc/arm-none-eabi/11.3.1/../../../../arm-none-eabi/lib/thumb/v6-m/nofp\libstdc++_nano.a(new_op.o) (abort)
C:/ST/STM32CubeIDE_1.12.1/STM32CubeIDE/plugins/com.st.stm32cube.ide.mcu.externaltools.gnu-tools-for-stm32.11.3.rel1.win32_1.1.100.202309141235/tools/bin/../lib/gcc/arm-none-eabi/11.3.1/../../../../arm-none-eabi/lib/thumb/v6-m/nofp\libc_nano.a(libc_a-exit.o)
                              C:/ST/STM32CubeIDE_1.12.1/STM32CubeIDE/plugins/com.st.stm32cube.ide.mcu.externaltools.gnu-tools-for-stm32.11.3.rel1.win32_1.1.100.202309141235/tools/bin/../lib/gcc/arm-none-eabi/11.3.1/../../../../arm-none-eabi/lib/thumb/v6-m/nofp/crt0.o (exit)
[...]
Memory Configuration

Name             Origin             Length             Attributes
RAM              0x0000000020000000 0x0000000000002000 xrw
FLASH            0x0000000008000000 0x0000000000010000 xr
*default*        0x0000000000000000 0xffffffffffffffff

Linker script and memory map

LOAD C:/ST/STM32CubeIDE_1.12.1/STM32CubeIDE/plugins/com.st.stm32cube.ide.mcu.externaltools.gnu-tools-for-stm32.11.3.rel1.win32_1.1.100.202309141235/tools/bin/../lib/gcc/arm-none-eabi/11.3.1/thumb/v6-m/nofp/crti.o
LOAD C:/ST/STM32CubeIDE_1.12.1/STM32CubeIDE/plugins/com.st.stm32cube.ide.mcu.externaltools.gnu-tools-for-stm32.11.3.rel1.win32_1.1.100.202309141235/tools/bin/../lib/gcc/arm-none-eabi/11.3.1/thumb/v6-m/nofp/crtbegin.o
LOAD C:/ST/STM32CubeIDE_1.12.1/STM32CubeIDE/plugins/com.st.stm32cube.ide.mcu.externaltools.gnu-tools-for-stm32.11.3.rel1.win32_1.1.100.202309141235/tools/bin/../lib/gcc/arm-none-eabi/11.3.1/../../../../arm-none-eabi/lib/thumb/v6-m/nofp/crt0.o
LOAD ./Core/Src/Button.o
LOAD ./Core/Src/LCD.o
LOAD ./Core/Src/Menu.o
LOAD ./Core/Src/main.o
LOAD ./Core/Src/stm32f0xx_hal_msp.o
LOAD ./Core/Src/stm32f0xx_it.o
LOAD ./Core/Src/syscalls.o
LOAD ./Core/Src/sysmem.o
LOAD ./Core/Src/system_stm32f0xx.o
LOAD ./Core/Startup/startup_stm32f030r8tx.o
LOAD ./Drivers/STM32F0xx_HAL_Driver/Src/stm32f0xx_hal.o
LOAD ./Drivers/STM32F0xx_HAL_Driver/Src/stm32f0xx_hal_cortex.o
LOAD ./Drivers/STM32F0xx_HAL_Driver/Src/stm32f0xx_hal_dma.o
LOAD ./Drivers/STM32F0xx_HAL_Driver/Src/stm32f0xx_hal_exti.o
LOAD ./Drivers/STM32F0xx_HAL_Driver/Src/stm32f0xx_hal_flash.o
LOAD ./Drivers/STM32F0xx_HAL_Driver/Src/stm32f0xx_hal_flash_ex.o
LOAD ./Drivers/STM32F0xx_HAL_Driver/Src/stm32f0xx_hal_gpio.o
LOAD ./Drivers/STM32F0xx_HAL_Driver/Src/stm32f0xx_hal_i2c.o
LOAD ./Drivers/STM32F0xx_HAL_Driver/Src/stm32f0xx_hal_i2c_ex.o
LOAD ./Drivers/STM32F0xx_HAL_Driver/Src/stm32f0xx_hal_pwr.o
LOAD ./Drivers/STM32F0xx_HAL_Driver/Src/stm32f0xx_hal_pwr_ex.o
LOAD ./Drivers/STM32F0xx_HAL_Driver/Src/stm32f0xx_hal_rcc.o
LOAD ./Drivers/STM32F0xx_HAL_Driver/Src/stm32f0xx_hal_rcc_ex.o
LOAD ./Drivers/STM32F0xx_HAL_Driver/Src/stm32f0xx_hal_rtc.o
LOAD ./Drivers/STM32F0xx_HAL_Driver/Src/stm32f0xx_hal_rtc_ex.o
LOAD ./Drivers/STM32F0xx_HAL_Driver/Src/stm32f0xx_hal_tim.o
LOAD ./Drivers/STM32F0xx_HAL_Driver/Src/stm32f0xx_hal_tim_ex.o
LOAD ./Drivers/STM32F0xx_HAL_Driver/Src/stm32f0xx_hal_uart.o
LOAD ./Drivers/STM32F0xx_HAL_Driver/Src/stm32f0xx_hal_uart_ex.o
START GROUP
LOAD C:/ST/STM32CubeIDE_1.12.1/STM32CubeIDE/plugins/com.st.stm32cube.ide.mcu.externaltools.gnu-tools-for-stm32.11.3.rel1.win32_1.1.100.202309141235/tools/bin/../lib/gcc/arm-none-eabi/11.3.1/../../../../arm-none-eabi/lib/thumb/v6-m/nofp\libstdc++_nano.a
LOAD C:/ST/STM32CubeIDE_1.12.1/STM32CubeIDE/plugins/com.st.stm32cube.ide.mcu.externaltools.gnu-tools-for-stm32.11.3.rel1.win32_1.1.100.202309141235/tools/bin/../lib/gcc/arm-none-eabi/11.3.1/../../../../arm-none-eabi/lib/thumb/v6-m/nofp\libsupc++_nano.a
END GROUP
LOAD C:/ST/STM32CubeIDE_1.12.1/STM32CubeIDE/plugins/com.st.stm32cube.ide.mcu.externaltools.gnu-tools-for-stm32.11.3.rel1.win32_1.1.100.202309141235/tools/bin/../lib/gcc/arm-none-eabi/11.3.1/../../../../arm-none-eabi/lib/thumb/v6-m/nofp\libstdc++_nano.a
LOAD C:/ST/STM32CubeIDE_1.12.1/STM32CubeIDE/plugins/com.st.stm32cube.ide.mcu.externaltools.gnu-tools-for-stm32.11.3.rel1.win32_1.1.100.202309141235/tools/bin/../lib/gcc/arm-none-eabi/11.3.1/../../../../arm-none-eabi/lib/thumb/v6-m/nofp\libm.a
LOAD C:/ST/STM32CubeIDE_1.12.1/STM32CubeIDE/plugins/com.st.stm32cube.ide.mcu.externaltools.gnu-tools-for-stm32.11.3.rel1.win32_1.1.100.202309141235/tools/bin/../lib/gcc/arm-none-eabi/11.3.1/../../../../arm-none-eabi/lib/thumb/v6-m/nofp\libc_nano.a
START GROUP
LOAD C:/ST/STM32CubeIDE_1.12.1/STM32CubeIDE/plugins/com.st.stm32cube.ide.mcu.externaltools.gnu-tools-for-stm32.11.3.rel1.win32_1.1.100.202309141235/tools/bin/../lib/gcc/arm-none-eabi/11.3.1/thumb/v6-m/nofp\libgcc.a
LOAD C:/ST/STM32CubeIDE_1.12.1/STM32CubeIDE/plugins/com.st.stm32cube.ide.mcu.externaltools.gnu-tools-for-stm32.11.3.rel1.win32_1.1.100.202309141235/tools/bin/../lib/gcc/arm-none-eabi/11.3.1/../../../../arm-none-eabi/lib/thumb/v6-m/nofp\libc_nano.a
END GROUP
START GROUP
LOAD C:/ST/STM32CubeIDE_1.12.1/STM32CubeIDE/plugins/com.st.stm32cube.ide.mcu.externaltools.gnu-tools-for-stm32.11.3.rel1.win32_1.1.100.202309141235/tools/bin/../lib/gcc/arm-none-eabi/11.3.1/thumb/v6-m/nofp\libgcc.a
LOAD C:/ST/STM32CubeIDE_1.12.1/STM32CubeIDE/plugins/com.st.stm32cube.ide.mcu.externaltools.gnu-tools-for-stm32.11.3.rel1.win32_1.1.100.202309141235/tools/bin/../lib/gcc/arm-none-eabi/11.3.1/../../../../arm-none-eabi/lib/thumb/v6-m/nofp\libc_nano.a
LOAD C:/ST/STM32CubeIDE_1.12.1/STM32CubeIDE/plugins/com.st.stm32cube.ide.mcu.externaltools.gnu-tools-for-stm32.11.3.rel1.win32_1.1.100.202309141235/tools/bin/../lib/gcc/arm-none-eabi/11.3.1/../../../../arm-none-eabi/lib/thumb/v6-m/nofp\libnosys.a
END GROUP
START GROUP
LOAD C:/ST/STM32CubeIDE_1.12.1/STM32CubeIDE/plugins/com.st.stm32cube.ide.mcu.externaltools.gnu-tools-for-stm32.11.3.rel1.win32_1.1.100.202309141235/tools/bin/../lib/gcc/arm-none-eabi/11.3.1/thumb/v6-m/nofp\libgcc.a
LOAD C:/ST/STM32CubeIDE_1.12.1/STM32CubeIDE/plugins/com.st.stm32cube.ide.mcu.externaltools.gnu-tools-for-stm32.11.3.rel1.win32_1.1.100.202309141235/tools/bin/../lib/gcc/arm-none-eabi/11.3.1/../../../../arm-none-eabi/lib/thumb/v6-m/nofp\libc_nano.a
LOAD C:/ST/STM32CubeIDE_1.12.1/STM32CubeIDE/plugins/com.st.stm32cube.ide.mcu.externaltools.gnu-tools-for-stm32.11.3.rel1.win32_1.1.100.202309141235/tools/bin/../lib/gcc/arm-none-eabi/11.3.1/../../../../arm-none-eabi/lib/thumb/v6-m/nofp\libnosys.a
END GROUP
LOAD C:/ST/STM32CubeIDE_1.12.1/STM32CubeIDE/plugins/com.st.stm32cube.ide.mcu.externaltools.gnu-tools-for-stm32.11.3.rel1.win32_1.1.100.202309141235/tools/bin/../lib/gcc/arm-none-eabi/11.3.1/thumb/v6-m/nofp/crtend.o
LOAD C:/ST/STM32CubeIDE_1.12.1/STM32CubeIDE/plugins/com.st.stm32cube.ide.mcu.externaltools.gnu-tools-for-stm32.11.3.rel1.win32_1.1.100.202309141235/tools/bin/../lib/gcc/arm-none-eabi/11.3.1/thumb/v6-m/nofp/crtn.o
                0x0000000020002000                _estack = (ORIGIN (RAM) + LENGTH (RAM))
                0x0000000000000200                _Min_Heap_Size = 0x200
                0x0000000000000400                _Min_Stack_Size = 0x400

.isr_vector     0x0000000008000000       0xc0
                0x0000000008000000                . = ALIGN (0x4)
 *(.isr_vector)
 .isr_vector    0x0000000008000000       0xc0 ./Core/Startup/startup_stm32f030r8tx.o
                0x0000000008000000                g_pfnVectors
                0x00000000080000c0                . = ALIGN (0x4)

.text           0x00000000080000c0     0xa0d4
                0x00000000080000c0                . = ALIGN (0x4)
 *(.text)
 .text          0x00000000080000c0       0x48 C:/ST/STM32CubeIDE_1.12.1/STM32CubeIDE/plugins/com.st.stm32cube.ide.mcu.externaltools.gnu-tools-for-stm32.11.3.rel1.win32_1.1.100.202309141235/tools/bin/../lib/gcc/arm-none-eabi/11.3.1/thumb/v6-m/nofp/crtbegin.o
 .text          0x0000000008000108        0xe C:/ST/STM32CubeIDE_1.12.1/STM32CubeIDE/plugins/com.st.stm32cube.ide.mcu.externaltools.gnu-tools-for-stm32.11.3.rel1.win32_1.1.100.202309141235/tools/bin/../lib/gcc/arm-none-eabi/11.3.1/../../../../arm-none-eabi/lib/thumb/v6-m/nofp\libc_nano.a(libc_a-strlen.o)
                0x0000000008000108                strlen
 *fill*         0x0000000008000116        0x2 
 .text          0x0000000008000118      0x114 C:/ST/STM32CubeIDE_1.12.1/STM32CubeIDE/plugins/com.st.stm32cube.ide.mcu.externaltools.gnu-tools-for-stm32.11.3.rel1.win32_1.1.100.202309141235/tools/bin/../lib/gcc/arm-none-eabi/11.3.1/thumb/v6-m/nofp\libgcc.a(_udivsi3.o)
                0x0000000008000118                __aeabi_uidiv
                0x0000000008000118                __udivsi3
                0x0000000008000224                __aeabi_uidivmod
 .text          0x000000000800022c      0x1d4 C:/ST/STM32CubeIDE_1.12.1/STM32CubeIDE/plugins/com.st.stm32cube.ide.mcu.externaltools.gnu-tools-for-stm32.11.3.rel1.win32_1.1.100.202309141235/tools/bin/../lib/gcc/arm-none-eabi/11.3.1/thumb/v6-m/nofp\libgcc.a(_divsi3.o)
                0x000000000800022c                __divsi3
                0x000000000800022c                __aeabi_idiv
                0x00000000080003f8                __aeabi_idivmod
 .text          0x0000000008000400        0x4 C:/ST/STM32CubeIDE_1.12.1/STM32CubeIDE/plugins/com.st.stm32cube.ide.mcu.externaltools.gnu-tools-for-stm32.11.3.rel1.win32_1.1.100.202309141235/tools/bin/../lib/gcc/arm-none-eabi/11.3.1/thumb/v6-m/nofp\libgcc.a(_dvmd_tls.o)
                0x0000000008000400                __aeabi_idiv0
                0x0000000008000400                __aeabi_ldiv0
 *(.text*)
 .text._ZnwjPv  0x0000000008000404       0x14 ./Core/Src/Button.o
                0x0000000008000404                operator new(unsigned int, void*)
 .text._ZN6Button8getGPIOxEv
                0x0000000008000418       0x20 ./Core/Src/Button.o
                0x0000000008000418                Button::getGPIOx()
 .text._ZN6Button6getPinEv
                0x0000000008000438       0x20 ./Core/Src/Button.o
                0x0000000008000438                Button::getPin()
 .text._ZN6Button11getFunctionEv
                0x0000000008000458       0x20 ./Core/Src/Button.o
                0x0000000008000458                Button::getFunction()
 .text._ZN6Button22getPreviousButtonStateEv
                0x0000000008000478       0x20 ./Core/Src/Button.o
                0x0000000008000478                Button::getPreviousButtonState()
 .text._ZN6Button7getTIMxEv
                0x0000000008000498       0x14 ./Core/Src/Button.o
                0x0000000008000498                Button::getTIMx()
 .text._ZN6Button10shortPressEv
                0x00000000080004ac      0x18e ./Core/Src/Button.o
                0x00000000080004ac                Button::shortPress()
 .text.HAL_TIM_PeriodElapsedCallback
                0x000000000800063a       0x2a ./Core/Src/Button.o
                0x000000000800063a                HAL_TIM_PeriodElapsedCallback
 .text._ZNSt6vectorIP12GPIO_TypeDefSaIS1_EEC2ERKS3_
                0x0000000008000664       0x7c ./Core/Src/Button.o
                0x0000000008000664                std::vector<GPIO_TypeDef*, std::allocator<GPIO_TypeDef*> >::vector(std::vector<GPIO_TypeDef*, std::allocator<GPIO_TypeDef*> > const&)
                0x0000000008000664                std::vector<GPIO_TypeDef*, std::allocator<GPIO_TypeDef*> >::vector(std::vector<GPIO_TypeDef*, std::allocator<GPIO_TypeDef*> > const&)
 .text._ZNSt6vectorIP12GPIO_TypeDefSaIS1_EED2Ev
                0x00000000080006e0       0x36 ./Core/Src/Button.o
                0x00000000080006e0                std::vector<GPIO_TypeDef*, std::allocator<GPIO_TypeDef*> >::~vector()
                0x00000000080006e0                std::vector<GPIO_TypeDef*, std::allocator<GPIO_TypeDef*> >::~vector()
 .text._ZNSt6vectorItSaItEEC2ERKS1_
                0x0000000008000716       0x7c ./Core/Src/Button.o
                0x0000000008000716                std::vector<unsigned short, std::allocator<unsigned short> >::vector(std::vector<unsigned short, std::allocator<unsigned short> > const&)
                0x0000000008000716                std::vector<unsigned short, std::allocator<unsigned short> >::vector(std::vector<unsigned short, std::allocator<unsigned short> > const&)
 .text._ZNSt6vectorItSaItEED2Ev
                0x0000000008000792       0x36 ./Core/Src/Button.o
                0x0000000008000792                std::vector<unsigned short, std::allocator<unsigned short> >::~vector()
                0x0000000008000792                std::vector<unsigned short, std::allocator<unsigned short> >::~vector()
 .text._ZNSt6vectorIPFvvESaIS1_EEC2ERKS3_
                0x00000000080007c8       0x7c ./Core/Src/Button.o
                0x00000000080007c8                std::vector<void (*)(), std::allocator<void (*)()> >::vector(std::vector<void (*)(), std::allocator<void (*)()> > const&)
                0x00000000080007c8                std::vector<void (*)(), std::allocator<void (*)()> >::vector(std::vector<void (*)(), std::allocator<void (*)()> > const&)
 .text._ZNSt6vectorIPFvvESaIS1_EED2Ev
                0x0000000008000844       0x36 ./Core/Src/Button.o
                0x0000000008000844                std::vector<void (*)(), std::allocator<void (*)()> >::~vector()
                0x0000000008000844                std::vector<void (*)(), std::allocator<void (*)()> >::~vector()
 .text._ZNSt6vectorIhSaIhEEC2ERKS1_
                0x000000000800087a       0x7c ./Core/Src/Button.o
                0x000000000800087a                std::vector<unsigned char, std::allocator<unsigned char> >::vector(std::vector<unsigned char, std::allocator<unsigned char> > const&)
                0x000000000800087a                std::vector<unsigned char, std::allocator<unsigned char> >::vector(std::vector<unsigned char, std::allocator<unsigned char> > const&)
 .text._ZNSt6vectorIhSaIhEED2Ev
                0x00000000080008f6       0x36 ./Core/Src/Button.o
                0x00000000080008f6                std::vector<unsigned char, std::allocator<unsigned char> >::~vector()
                0x00000000080008f6                std::vector<unsigned char, std::allocator<unsigned char> >::~vector()
 .text._ZNKSt6vectorItSaItEE4sizeEv
                0x000000000800092c       0x1c ./Core/Src/Button.o
                0x000000000800092c                std::vector<unsigned short, std::allocator<unsigned short> >::size() const
 .text._ZNSt6vectorIP12GPIO_TypeDefSaIS1_EEixEj
                0x0000000008000948       0x1c ./Core/Src/Button.o
                0x0000000008000948                std::vector<GPIO_TypeDef*, std::allocator<GPIO_TypeDef*> >::operator[](unsigned int)
 .text._ZNSt6vectorItSaItEEixEj
                0x0000000008000964       0x1c ./Core/Src/Button.o
                0x0000000008000964                std::vector<unsigned short, std::allocator<unsigned short> >::operator[](unsigned int)
 .text._ZNSt6vectorIhSaIhEEixEj
                0x0000000008000980       0x1a ./Core/Src/Button.o
                0x0000000008000980                std::vector<unsigned char, std::allocator<unsigned char> >::operator[](unsigned int)
 .text._ZNSt6vectorIPFvvESaIS1_EEixEj
                0x000000000800099a       0x1c ./Core/Src/Button.o
                0x000000000800099a                std::vector<void (*)(), std::allocator<void (*)()> >::operator[](unsigned int)
 .text._ZNKSt6vectorIP12GPIO_TypeDefSaIS1_EE4sizeEv
                0x00000000080009b6       0x1c ./Core/Src/Button.o
                0x00000000080009b6                std::vector<GPIO_TypeDef*, std::allocator<GPIO_TypeDef*> >::size() const
 .text._ZN9__gnu_cxx14__alloc_traitsISaIP12GPIO_TypeDefES2_E17_S_select_on_copyERKS3_
                0x00000000080009d2       0x1e ./Core/Src/Button.o
                0x00000000080009d2                __gnu_cxx::__alloc_traits<std::allocator<GPIO_TypeDef*>, GPIO_TypeDef*>::_S_select_on_copy(std::allocator<GPIO_TypeDef*> const&)
 .text._ZNKSt12_Vector_baseIP12GPIO_TypeDefSaIS1_EE19_M_get_Tp_allocatorEv
                0x00000000080009f0       0x12 ./Core/Src/Button.o
                0x00000000080009f0                std::_Vector_base<GPIO_TypeDef*, std::allocator<GPIO_TypeDef*> >::_M_get_Tp_allocator() const
 .text._ZNSaIP12GPIO_TypeDefED2Ev
                0x0000000008000a02       0x1a ./Core/Src/Button.o
                0x0000000008000a02                std::allocator<GPIO_TypeDef*>::~allocator()
                0x0000000008000a02                std::allocator<GPIO_TypeDef*>::~allocator()
 .text._ZNSt12_Vector_baseIP12GPIO_TypeDefSaIS1_EE12_Vector_implD2Ev
                0x0000000008000a1c       0x1a ./Core/Src/Button.o
                0x0000000008000a1c                std::_Vector_base<GPIO_TypeDef*, std::allocator<GPIO_TypeDef*> >::_Vector_impl::~_Vector_impl()
                0x0000000008000a1c                std::_Vector_base<GPIO_TypeDef*, std::allocator<GPIO_TypeDef*> >::_Vector_impl::~_Vector_impl()
 .text._ZNSt12_Vector_baseIP12GPIO_TypeDefSaIS1_EEC2EjRKS2_
                0x0000000008000a36       0x2e ./Core/Src/Button.o
                0x0000000008000a36                std::_Vector_base<GPIO_TypeDef*, std::allocator<GPIO_TypeDef*> >::_Vector_base(unsigned int, std::allocator<GPIO_TypeDef*> const&)
                0x0000000008000a36                std::_Vector_base<GPIO_TypeDef*, std::allocator<GPIO_TypeDef*> >::_Vector_base(unsigned int, std::allocator<GPIO_TypeDef*> const&)
 .text._ZNSt12_Vector_baseIP12GPIO_TypeDefSaIS1_EED2Ev
                0x0000000008000a64       0x34 ./Core/Src/Button.o
                0x0000000008000a64                std::_Vector_base<GPIO_TypeDef*, std::allocator<GPIO_TypeDef*> >::~_Vector_base()
                0x0000000008000a64                std::_Vector_base<GPIO_TypeDef*, std::allocator<GPIO_TypeDef*> >::~_Vector_base()
 .text._ZNKSt6vectorIP12GPIO_TypeDefSaIS1_EE5beginEv
                0x0000000008000a98       0x20 ./Core/Src/Button.o
                0x0000000008000a98                std::vector<GPIO_TypeDef*, std::allocator<GPIO_TypeDef*> >::begin() const
 .text._ZNKSt6vectorIP12GPIO_TypeDefSaIS1_EE3endEv
                0x0000000008000ab8       0x22 ./Core/Src/Button.o
                0x0000000008000ab8                std::vector<GPIO_TypeDef*, std::allocator<GPIO_TypeDef*> >::end() const
 .text._ZNSt12_Vector_baseIP12GPIO_TypeDefSaIS1_EE19_M_get_Tp_allocatorEv
                0x0000000008000ada       0x12 ./Core/Src/Button.o
                0x0000000008000ada                std::_Vector_base<GPIO_TypeDef*, std::allocator<GPIO_TypeDef*> >::_M_get_Tp_allocator()
 .text._ZSt22__uninitialized_copy_aIN9__gnu_cxx17__normal_iteratorIPKP12GPIO_TypeDefSt6vectorIS3_SaIS3_EEEEPS3_S3_ET0_T_SC_SB_RSaIT1_E
                0x0000000008000aec       0x24 ./Core/Src/Button.o
                0x0000000008000aec                GPIO_TypeDef** std::__uninitialized_copy_a<__gnu_cxx::__normal_iterator<GPIO_TypeDef* const*, std::vector<GPIO_TypeDef*, std::allocator<GPIO_TypeDef*> > >, GPIO_TypeDef**, GPIO_TypeDef*>(__gnu_cxx::__normal_iterator<GPIO_TypeDef* const*, std::vector<GPIO_TypeDef*, std::allocator<GPIO_TypeDef*> > >, __gnu_cxx::__normal_iterator<GPIO_TypeDef* const*, std::vector<GPIO_TypeDef*, std::allocator<GPIO_TypeDef*> > >, GPIO_TypeDef**, std::allocator<GPIO_TypeDef*>&)
 .text._ZSt8_DestroyIPP12GPIO_TypeDefS1_EvT_S3_RSaIT0_E
                0x0000000008000b10       0x20 ./Core/Src/Button.o
                0x0000000008000b10                void std::_Destroy<GPIO_TypeDef**, GPIO_TypeDef*>(GPIO_TypeDef**, GPIO_TypeDef**, std::allocator<GPIO_TypeDef*>&)
 .text._ZN9__gnu_cxx14__alloc_traitsISaItEtE17_S_select_on_copyERKS1_
                0x0000000008000b30       0x1e ./Core/Src/Button.o
                0x0000000008000b30                __gnu_cxx::__alloc_traits<std::allocator<unsigned short>, unsigned short>::_S_select_on_copy(std::allocator<unsigned short> const&)
 .text._ZNKSt12_Vector_baseItSaItEE19_M_get_Tp_allocatorEv
                0x0000000008000b4e       0x12 ./Core/Src/Button.o
                0x0000000008000b4e                std::_Vector_base<unsigned short, std::allocator<unsigned short> >::_M_get_Tp_allocator() const
 .text._ZNSaItED2Ev
                0x0000000008000b60       0x1a ./Core/Src/Button.o
                0x0000000008000b60                std::allocator<unsigned short>::~allocator()
                0x0000000008000b60                std::allocator<unsigned short>::~allocator()
 .text._ZNSt12_Vector_baseItSaItEE12_Vector_implD2Ev
                0x0000000008000b7a       0x1a ./Core/Src/Button.o
                0x0000000008000b7a                std::_Vector_base<unsigned short, std::allocator<unsigned short> >::_Vector_impl::~_Vector_impl()
                0x0000000008000b7a                std::_Vector_base<unsigned short, std::allocator<unsigned short> >::_Vector_impl::~_Vector_impl()
 .text._ZNSt12_Vector_baseItSaItEEC2EjRKS0_
                0x0000000008000b94       0x2e ./Core/Src/Button.o
                0x0000000008000b94                std::_Vector_base<unsigned short, std::allocator<unsigned short> >::_Vector_base(unsigned int, std::allocator<unsigned short> const&)
                0x0000000008000b94                std::_Vector_base<unsigned short, std::allocator<unsigned short> >::_Vector_base(unsigned int, std::allocator<unsigned short> const&)
 .text._ZNSt12_Vector_baseItSaItEED2Ev
                0x0000000008000bc2       0x34 ./Core/Src/Button.o
                0x0000000008000bc2                std::_Vector_base<unsigned short, std::allocator<unsigned short> >::~_Vector_base()
                0x0000000008000bc2                std::_Vector_base<unsigned short, std::allocator<unsigned short> >::~_Vector_base()
 .text._ZNKSt6vectorItSaItEE5beginEv
                0x0000000008000bf6       0x20 ./Core/Src/Button.o
                0x0000000008000bf6                std::vector<unsigned short, std::allocator<unsigned short> >::begin() const
 .text._ZNKSt6vectorItSaItEE3endEv
                0x0000000008000c16       0x22 ./Core/Src/Button.o
                0x0000000008000c16                std::vector<unsigned short, std::allocator<unsigned short> >::end() const
 .text._ZNSt12_Vector_baseItSaItEE19_M_get_Tp_allocatorEv
                0x0000000008000c38       0x12 ./Core/Src/Button.o
                0x0000000008000c38                std::_Vector_base<unsigned short, std::allocator<unsigned short> >::_M_get_Tp_allocator()
 .text._ZSt22__uninitialized_copy_aIN9__gnu_cxx17__normal_iteratorIPKtSt6vectorItSaItEEEEPttET0_T_SA_S9_RSaIT1_E
                0x0000000008000c4a       0x24 ./Core/Src/Button.o
                0x0000000008000c4a                unsigned short* std::__uninitialized_copy_a<__gnu_cxx::__normal_iterator<unsigned short const*, std::vector<unsigned short, std::allocator<unsigned short> > >, unsigned short*, unsigned short>(__gnu_cxx::__normal_iterator<unsigned short const*, std::vector<unsigned short, std::allocator<unsigned short> > >, __gnu_cxx::__normal_iterator<unsigned short const*, std::vector<unsigned short, std::allocator<unsigned short> > >, unsigned short*, std::allocator<unsigned short>&)
 .text._ZSt8_DestroyIPttEvT_S1_RSaIT0_E
                0x0000000008000c6e       0x20 ./Core/Src/Button.o
                0x0000000008000c6e                void std::_Destroy<unsigned short*, unsigned short>(unsigned short*, unsigned short*, std::allocator<unsigned short>&)
 .text._ZNKSt6vectorIPFvvESaIS1_EE4sizeEv
                0x0000000008000c8e       0x1c ./Core/Src/Button.o
                0x0000000008000c8e                std::vector<void (*)(), std::allocator<void (*)()> >::size() const
 .text._ZN9__gnu_cxx14__alloc_traitsISaIPFvvEES2_E17_S_select_on_copyERKS3_
                0x0000000008000caa       0x1e ./Core/Src/Button.o
                0x0000000008000caa                __gnu_cxx::__alloc_traits<std::allocator<void (*)()>, void (*)()>::_S_select_on_copy(std::allocator<void (*)()> const&)
 .text._ZNKSt12_Vector_baseIPFvvESaIS1_EE19_M_get_Tp_allocatorEv
                0x0000000008000cc8       0x12 ./Core/Src/Button.o
                0x0000000008000cc8                std::_Vector_base<void (*)(), std::allocator<void (*)()> >::_M_get_Tp_allocator() const
 .text._ZNSaIPFvvEED2Ev
                0x0000000008000cda       0x1a ./Core/Src/Button.o
                0x0000000008000cda                std::allocator<void (*)()>::~allocator()
                0x0000000008000cda                std::allocator<void (*)()>::~allocator()
 .text._ZNSt12_Vector_baseIPFvvESaIS1_EE12_Vector_implD2Ev
                0x0000000008000cf4       0x1a ./Core/Src/Button.o
                0x0000000008000cf4                std::_Vector_base<void (*)(), std::allocator<void (*)()> >::_Vector_impl::~_Vector_impl()
                0x0000000008000cf4                std::_Vector_base<void (*)(), std::allocator<void (*)()> >::_Vector_impl::~_Vector_impl()
 .text._ZNSt12_Vector_baseIPFvvESaIS1_EEC2EjRKS2_
                0x0000000008000d0e       0x2e ./Core/Src/Button.o
                0x0000000008000d0e                std::_Vector_base<void (*)(), std::allocator<void (*)()> >::_Vector_base(unsigned int, std::allocator<void (*)()> const&)
                0x0000000008000d0e                std::_Vector_base<void (*)(), std::allocator<void (*)()> >::_Vector_base(unsigned int, std::allocator<void (*)()> const&)
 .text._ZNSt12_Vector_baseIPFvvESaIS1_EED2Ev
                0x0000000008000d3c       0x34 ./Core/Src/Button.o
                0x0000000008000d3c                std::_Vector_base<void (*)(), std::allocator<void (*)()> >::~_Vector_base()
                0x0000000008000d3c                std::_Vector_base<void (*)(), std::allocator<void (*)()> >::~_Vector_base()
 .text._ZNKSt6vectorIPFvvESaIS1_EE5beginEv
                0x0000000008000d70       0x20 ./Core/Src/Button.o
                0x0000000008000d70                std::vector<void (*)(), std::allocator<void (*)()> >::begin() const
 .text._ZNKSt6vectorIPFvvESaIS1_EE3endEv
                0x0000000008000d90       0x22 ./Core/Src/Button.o
                0x0000000008000d90                std::vector<void (*)(), std::allocator<void (*)()> >::end() const
 .text._ZNSt12_Vector_baseIPFvvESaIS1_EE19_M_get_Tp_allocatorEv
                0x0000000008000db2       0x12 ./Core/Src/Button.o
                0x0000000008000db2                std::_Vector_base<void (*)(), std::allocator<void (*)()> >::_M_get_Tp_allocator()
 .text._ZSt22__uninitialized_copy_aIN9__gnu_cxx17__normal_iteratorIPKPFvvESt6vectorIS3_SaIS3_EEEEPS3_S3_ET0_T_SC_SB_RSaIT1_E
                0x0000000008000dc4       0x24 ./Core/Src/Button.o
                0x0000000008000dc4                void (**std::__uninitialized_copy_a<__gnu_cxx::__normal_iterator<void (* const*)(), std::vector<void (*)(), std::allocator<void (*)()> > >, void (**)(), void (*)()>(__gnu_cxx::__normal_iterator<void (* const*)(), std::vector<void (*)(), std::allocator<void (*)()> > >, __gnu_cxx::__normal_iterator<void (* const*)(), std::vector<void (*)(), std::allocator<void (*)()> > >, void (**)(), std::allocator<void (*)()>&))()
 .text._ZSt8_DestroyIPPFvvES1_EvT_S3_RSaIT0_E
                0x0000000008000de8       0x20 ./Core/Src/Button.o
                0x0000000008000de8                void std::_Destroy<void (**)(), void (*)()>(void (**)(), void (**)(), std::allocator<void (*)()>&)
 .text._ZNKSt6vectorIhSaIhEE4sizeEv
                0x0000000008000e08       0x1a ./Core/Src/Button.o
                0x0000000008000e08                std::vector<unsigned char, std::allocator<unsigned char> >::size() const
 .text._ZN9__gnu_cxx14__alloc_traitsISaIhEhE17_S_select_on_copyERKS1_
                0x0000000008000e22       0x1e ./Core/Src/Button.o
                0x0000000008000e22                __gnu_cxx::__alloc_traits<std::allocator<unsigned char>, unsigned char>::_S_select_on_copy(std::allocator<unsigned char> const&)
 .text._ZNKSt12_Vector_baseIhSaIhEE19_M_get_Tp_allocatorEv
                0x0000000008000e40       0x12 ./Core/Src/Button.o
                0x0000000008000e40                std::_Vector_base<unsigned char, std::allocator<unsigned char> >::_M_get_Tp_allocator() const
 .text._ZNSaIhED2Ev
                0x0000000008000e52       0x1a ./Core/Src/Button.o
                0x0000000008000e52                std::allocator<unsigned char>::~allocator()
                0x0000000008000e52                std::allocator<unsigned char>::~allocator()
 .text._ZNSt12_Vector_baseIhSaIhEE12_Vector_implD2Ev
                0x0000000008000e6c       0x1a ./Core/Src/Button.o
                0x0000000008000e6c                std::_Vector_base<unsigned char, std::allocator<unsigned char> >::_Vector_impl::~_Vector_impl()
                0x0000000008000e6c                std::_Vector_base<unsigned char, std::allocator<unsigned char> >::_Vector_impl::~_Vector_impl()
 .text._ZNSt12_Vector_baseIhSaIhEEC2EjRKS0_
                0x0000000008000e86       0x2e ./Core/Src/Button.o
                0x0000000008000e86                std::_Vector_base<unsigned char, std::allocator<unsigned char> >::_Vector_base(unsigned int, std::allocator<unsigned char> const&)
                0x0000000008000e86                std::_Vector_base<unsigned char, std::allocator<unsigned char> >::_Vector_base(unsigned int, std::allocator<unsigned char> const&)
 .text._ZNSt12_Vector_baseIhSaIhEED2Ev
                0x0000000008000eb4       0x32 ./Core/Src/Button.o
                0x0000000008000eb4                std::_Vector_base<unsigned char, std::allocator<unsigned char> >::~_Vector_base()
                0x0000000008000eb4                std::_Vector_base<unsigned char, std::allocator<unsigned char> >::~_Vector_base()
 .text._ZNKSt6vectorIhSaIhEE5beginEv
                0x0000000008000ee6       0x20 ./Core/Src/Button.o
                0x0000000008000ee6                std::vector<unsigned char, std::allocator<unsigned char> >::begin() const
 .text._ZNKSt6vectorIhSaIhEE3endEv
                0x0000000008000f06       0x22 ./Core/Src/Button.o
                0x0000000008000f06                std::vector<unsigned char, std::allocator<unsigned char> >::end() const
 .text._ZNSt12_Vector_baseIhSaIhEE19_M_get_Tp_allocatorEv
                0x0000000008000f28       0x12 ./Core/Src/Button.o
                0x0000000008000f28                std::_Vector_base<unsigned char, std::allocator<unsigned char> >::_M_get_Tp_allocator()
 .text._ZSt22__uninitialized_copy_aIN9__gnu_cxx17__normal_iteratorIPKhSt6vectorIhSaIhEEEEPhhET0_T_SA_S9_RSaIT1_E
                0x0000000008000f3a       0x24 ./Core/Src/Button.o
                0x0000000008000f3a                unsigned char* std::__uninitialized_copy_a<__gnu_cxx::__normal_iterator<unsigned char const*, std::vector<unsigned char, std::allocator<unsigned char> > >, unsigned char*, unsigned char>(__gnu_cxx::__normal_iterator<unsigned char const*, std::vector<unsigned char, std::allocator<unsigned char> > >, __gnu_cxx::__normal_iterator<unsigned char const*, std::vector<unsigned char, std::allocator<unsigned char> > >, unsigned char*, std::allocator<unsigned char>&)
 .text._ZSt8_DestroyIPhhEvT_S1_RSaIT0_E
                0x0000000008000f5e       0x20 ./Core/Src/Button.o
                0x0000000008000f5e                void std::_Destroy<unsigned char*, unsigned char>(unsigned char*, unsigned char*, std::allocator<unsigned char>&)
 .text._ZNSt12_Vector_baseIP12GPIO_TypeDefSaIS1_EE11_M_allocateEj
                0x0000000008000f7e       0x2a ./Core/Src/Button.o
                0x0000000008000f7e                std::_Vector_base<GPIO_TypeDef*, std::allocator<GPIO_TypeDef*> >::_M_allocate(unsigned int)
 .text._ZNSt12_Vector_baseIP12GPIO_TypeDefSaIS1_EE13_M_deallocateEPS1_j
                0x0000000008000fa8       0x26 ./Core/Src/Button.o
                0x0000000008000fa8                std::_Vector_base<GPIO_TypeDef*, std::allocator<GPIO_TypeDef*> >::_M_deallocate(GPIO_TypeDef**, unsigned int)
 .text._ZNSt12_Vector_baseItSaItEE11_M_allocateEj
                0x0000000008000fce       0x2a ./Core/Src/Button.o
                0x0000000008000fce                std::_Vector_base<unsigned short, std::allocator<unsigned short> >::_M_allocate(unsigned int)
 .text._ZNSt12_Vector_baseItSaItEE13_M_deallocateEPtj
                0x0000000008000ff8       0x26 ./Core/Src/Button.o
                0x0000000008000ff8                std::_Vector_base<unsigned short, std::allocator<unsigned short> >::_M_deallocate(unsigned short*, unsigned int)
 .text._ZNSt12_Vector_baseIPFvvESaIS1_EE11_M_allocateEj
                0x000000000800101e       0x2a ./Core/Src/Button.o
                0x000000000800101e                std::_Vector_base<void (*)(), std::allocator<void (*)()> >::_M_allocate(unsigned int)
 .text._ZNSt12_Vector_baseIPFvvESaIS1_EE13_M_deallocateEPS1_j
                0x0000000008001048       0x26 ./Core/Src/Button.o
                0x0000000008001048                std::_Vector_base<void (*)(), std::allocator<void (*)()> >::_M_deallocate(void (**)(), unsigned int)
 .text._ZNSt16allocator_traitsISaIP12GPIO_TypeDefEE37select_on_container_copy_constructionERKS2_
                0x000000000800106e       0x1e ./Core/Src/Button.o
                0x000000000800106e                std::allocator_traits<std::allocator<GPIO_TypeDef*> >::select_on_container_copy_construction(std::allocator<GPIO_TypeDef*> const&)
 .text._ZNSaIP12GPIO_TypeDefEC2ERKS1_
                0x000000000800108c       0x20 ./Core/Src/Button.o
                0x000000000800108c                std::allocator<GPIO_TypeDef*>::allocator(std::allocator<GPIO_TypeDef*> const&)
                0x000000000800108c                std::allocator<GPIO_TypeDef*>::allocator(std::allocator<GPIO_TypeDef*> const&)
 .text._ZN9__gnu_cxx13new_allocatorIP12GPIO_TypeDefED2Ev
                0x00000000080010ac       0x12 ./Core/Src/Button.o
                0x00000000080010ac                __gnu_cxx::new_allocator<GPIO_TypeDef*>::~new_allocator()
                0x00000000080010ac                __gnu_cxx::new_allocator<GPIO_TypeDef*>::~new_allocator()
 .text._ZNSt12_Vector_baseIP12GPIO_TypeDefSaIS1_EE12_Vector_implC2ERKS2_
                0x00000000080010be       0x28 ./Core/Src/Button.o
                0x00000000080010be                std::_Vector_base<GPIO_TypeDef*, std::allocator<GPIO_TypeDef*> >::_Vector_impl::_Vector_impl(std::allocator<GPIO_TypeDef*> const&)
                0x00000000080010be                std::_Vector_base<GPIO_TypeDef*, std::allocator<GPIO_TypeDef*> >::_Vector_impl::_Vector_impl(std::allocator<GPIO_TypeDef*> const&)
 .text._ZNSt12_Vector_baseIP12GPIO_TypeDefSaIS1_EE17_M_create_storageEj
                0x00000000080010e6       0x3a ./Core/Src/Button.o
                0x00000000080010e6                std::_Vector_base<GPIO_TypeDef*, std::allocator<GPIO_TypeDef*> >::_M_create_storage(unsigned int)
 .text._ZN9__gnu_cxx17__normal_iteratorIPKP12GPIO_TypeDefSt6vectorIS2_SaIS2_EEEC2ERKS4_
                0x0000000008001120       0x1c ./Core/Src/Button.o
                0x0000000008001120                __gnu_cxx::__normal_iterator<GPIO_TypeDef* const*, std::vector<GPIO_TypeDef*, std::allocator<GPIO_TypeDef*> > >::__normal_iterator(GPIO_TypeDef* const* const&)
                0x0000000008001120                __gnu_cxx::__normal_iterator<GPIO_TypeDef* const*, std::vector<GPIO_TypeDef*, std::allocator<GPIO_TypeDef*> > >::__normal_iterator(GPIO_TypeDef* const* const&)
 .text._ZSt18uninitialized_copyIN9__gnu_cxx17__normal_iteratorIPKP12GPIO_TypeDefSt6vectorIS3_SaIS3_EEEEPS3_ET0_T_SC_SB_
                0x000000000800113c       0x2a ./Core/Src/Button.o
                0x000000000800113c                GPIO_TypeDef** std::uninitialized_copy<__gnu_cxx::__normal_iterator<GPIO_TypeDef* const*, std::vector<GPIO_TypeDef*, std::allocator<GPIO_TypeDef*> > >, GPIO_TypeDef**>(__gnu_cxx::__normal_iterator<GPIO_TypeDef* const*, std::vector<GPIO_TypeDef*, std::allocator<GPIO_TypeDef*> > >, __gnu_cxx::__normal_iterator<GPIO_TypeDef* const*, std::vector<GPIO_TypeDef*, std::allocator<GPIO_TypeDef*> > >, GPIO_TypeDef**)
 .text._ZSt8_DestroyIPP12GPIO_TypeDefEvT_S3_
                0x0000000008001166       0x1e ./Core/Src/Button.o
                0x0000000008001166                void std::_Destroy<GPIO_TypeDef**>(GPIO_TypeDef**, GPIO_TypeDef**)
 .text._ZNSt16allocator_traitsISaItEE37select_on_container_copy_constructionERKS0_
                0x0000000008001184       0x1e ./Core/Src/Button.o
                0x0000000008001184                std::allocator_traits<std::allocator<unsigned short> >::select_on_container_copy_construction(std::allocator<unsigned short> const&)
 .text._ZNSaItEC2ERKS_
                0x00000000080011a2       0x20 ./Core/Src/Button.o
                0x00000000080011a2                std::allocator<unsigned short>::allocator(std::allocator<unsigned short> const&)
                0x00000000080011a2                std::allocator<unsigned short>::allocator(std::allocator<unsigned short> const&)
 .text._ZN9__gnu_cxx13new_allocatorItED2Ev
                0x00000000080011c2       0x12 ./Core/Src/Button.o
                0x00000000080011c2                __gnu_cxx::new_allocator<unsigned short>::~new_allocator()
                0x00000000080011c2                __gnu_cxx::new_allocator<unsigned short>::~new_allocator()
 .text._ZNSt12_Vector_baseItSaItEE12_Vector_implC2ERKS0_
                0x00000000080011d4       0x28 ./Core/Src/Button.o
                0x00000000080011d4                std::_Vector_base<unsigned short, std::allocator<unsigned short> >::_Vector_impl::_Vector_impl(std::allocator<unsigned short> const&)
                0x00000000080011d4                std::_Vector_base<unsigned short, std::allocator<unsigned short> >::_Vector_impl::_Vector_impl(std::allocator<unsigned short> const&)
 .text._ZNSt12_Vector_baseItSaItEE17_M_create_storageEj
                0x00000000080011fc       0x3a ./Core/Src/Button.o
                0x00000000080011fc                std::_Vector_base<unsigned short, std::allocator<unsigned short> >::_M_create_storage(unsigned int)
 .text._ZN9__gnu_cxx17__normal_iteratorIPKtSt6vectorItSaItEEEC2ERKS2_
                0x0000000008001236       0x1c ./Core/Src/Button.o
                0x0000000008001236                __gnu_cxx::__normal_iterator<unsigned short const*, std::vector<unsigned short, std::allocator<unsigned short> > >::__normal_iterator(unsigned short const* const&)
                0x0000000008001236                __gnu_cxx::__normal_iterator<unsigned short const*, std::vector<unsigned short, std::allocator<unsigned short> > >::__normal_iterator(unsigned short const* const&)
 .text._ZSt18uninitialized_copyIN9__gnu_cxx17__normal_iteratorIPKtSt6vectorItSaItEEEEPtET0_T_SA_S9_
                0x0000000008001252       0x2a ./Core/Src/Button.o
                0x0000000008001252                unsigned short* std::uninitialized_copy<__gnu_cxx::__normal_iterator<unsigned short const*, std::vector<unsigned short, std::allocator<unsigned short> > >, unsigned short*>(__gnu_cxx::__normal_iterator<unsigned short const*, std::vector<unsigned short, std::allocator<unsigned short> > >, __gnu_cxx::__normal_iterator<unsigned short const*, std::vector<unsigned short, std::allocator<unsigned short> > >, unsigned short*)
 .text._ZSt8_DestroyIPtEvT_S1_
                0x000000000800127c       0x1e ./Core/Src/Button.o
                0x000000000800127c                void std::_Destroy<unsigned short*>(unsigned short*, unsigned short*)
 .text._ZNSt16allocator_traitsISaIPFvvEEE37select_on_container_copy_constructionERKS2_
                0x000000000800129a       0x1e ./Core/Src/Button.o
                0x000000000800129a                std::allocator_traits<std::allocator<void (*)()> >::select_on_container_copy_construction(std::allocator<void (*)()> const&)
 .text._ZNSaIPFvvEEC2ERKS1_
                0x00000000080012b8       0x20 ./Core/Src/Button.o
                0x00000000080012b8                std::allocator<void (*)()>::allocator(std::allocator<void (*)()> const&)
                0x00000000080012b8                std::allocator<void (*)()>::allocator(std::allocator<void (*)()> const&)
 .text._ZN9__gnu_cxx13new_allocatorIPFvvEED2Ev
                0x00000000080012d8       0x12 ./Core/Src/Button.o
                0x00000000080012d8                __gnu_cxx::new_allocator<void (*)()>::~new_allocator()
                0x00000000080012d8                __gnu_cxx::new_allocator<void (*)()>::~new_allocator()
 .text._ZNSt12_Vector_baseIPFvvESaIS1_EE12_Vector_implC2ERKS2_
                0x00000000080012ea       0x28 ./Core/Src/Button.o
                0x00000000080012ea                std::_Vector_base<void (*)(), std::allocator<void (*)()> >::_Vector_impl::_Vector_impl(std::allocator<void (*)()> const&)
                0x00000000080012ea                std::_Vector_base<void (*)(), std::allocator<void (*)()> >::_Vector_impl::_Vector_impl(std::allocator<void (*)()> const&)
 .text._ZNSt12_Vector_baseIPFvvESaIS1_EE17_M_create_storageEj
                0x0000000008001312       0x3a ./Core/Src/Button.o
                0x0000000008001312                std::_Vector_base<void (*)(), std::allocator<void (*)()> >::_M_create_storage(unsigned int)
 .text._ZN9__gnu_cxx17__normal_iteratorIPKPFvvESt6vectorIS2_SaIS2_EEEC2ERKS4_
                0x000000000800134c       0x1c ./Core/Src/Button.o
                0x000000000800134c                __gnu_cxx::__normal_iterator<void (* const*)(), std::vector<void (*)(), std::allocator<void (*)()> > >::__normal_iterator(void (* const* const&)())
                0x000000000800134c                __gnu_cxx::__normal_iterator<void (* const*)(), std::vector<void (*)(), std::allocator<void (*)()> > >::__normal_iterator(void (* const* const&)())
 .text._ZSt18uninitialized_copyIN9__gnu_cxx17__normal_iteratorIPKPFvvESt6vectorIS3_SaIS3_EEEEPS3_ET0_T_SC_SB_
                0x0000000008001368       0x2a ./Core/Src/Button.o
                0x0000000008001368                void (**std::uninitialized_copy<__gnu_cxx::__normal_iterator<void (* const*)(), std::vector<void (*)(), std::allocator<void (*)()> > >, void (**)()>(__gnu_cxx::__normal_iterator<void (* const*)(), std::vector<void (*)(), std::allocator<void (*)()> > >, __gnu_cxx::__normal_iterator<void (* const*)(), std::vector<void (*)(), std::allocator<void (*)()> > >, void (**)()))()
 .text._ZSt8_DestroyIPPFvvEEvT_S3_
                0x0000000008001392       0x1e ./Core/Src/Button.o
                0x0000000008001392                void std::_Destroy<void (**)()>(void (**)(), void (**)())
 .text._ZNSt16allocator_traitsISaIhEE37select_on_container_copy_constructionERKS0_
                0x00000000080013b0       0x1e ./Core/Src/Button.o
                0x00000000080013b0                std::allocator_traits<std::allocator<unsigned char> >::select_on_container_copy_construction(std::allocator<unsigned char> const&)
 .text._ZNSaIhEC2ERKS_
                0x00000000080013ce       0x20 ./Core/Src/Button.o
                0x00000000080013ce                std::allocator<unsigned char>::allocator(std::allocator<unsigned char> const&)
                0x00000000080013ce                std::allocator<unsigned char>::allocator(std::allocator<unsigned char> const&)
 .text._ZN9__gnu_cxx13new_allocatorIhED2Ev
                0x00000000080013ee       0x12 ./Core/Src/Button.o
                0x00000000080013ee                __gnu_cxx::new_allocator<unsigned char>::~new_allocator()
                0x00000000080013ee                __gnu_cxx::new_allocator<unsigned char>::~new_allocator()
 .text._ZNSt12_Vector_baseIhSaIhEE12_Vector_implC2ERKS0_
                0x0000000008001400       0x28 ./Core/Src/Button.o
                0x0000000008001400                std::_Vector_base<unsigned char, std::allocator<unsigned char> >::_Vector_impl::_Vector_impl(std::allocator<unsigned char> const&)
                0x0000000008001400                std::_Vector_base<unsigned char, std::allocator<unsigned char> >::_Vector_impl::_Vector_impl(std::allocator<unsigned char> const&)
 .text._ZNSt12_Vector_baseIhSaIhEE17_M_create_storageEj
                0x0000000008001428       0x38 ./Core/Src/Button.o
                0x0000000008001428                std::_Vector_base<unsigned char, std::allocator<unsigned char> >::_M_create_storage(unsigned int)
 .text._ZNSt12_Vector_baseIhSaIhEE13_M_deallocateEPhj
                0x0000000008001460       0x26 ./Core/Src/Button.o
                0x0000000008001460                std::_Vector_base<unsigned char, std::allocator<unsigned char> >::_M_deallocate(unsigned char*, unsigned int)
 .text._ZN9__gnu_cxx17__normal_iteratorIPKhSt6vectorIhSaIhEEEC2ERKS2_
                0x0000000008001486       0x1c ./Core/Src/Button.o
                0x0000000008001486                __gnu_cxx::__normal_iterator<unsigned char const*, std::vector<unsigned char, std::allocator<unsigned char> > >::__normal_iterator(unsigned char const* const&)
                0x0000000008001486                __gnu_cxx::__normal_iterator<unsigned char const*, std::vector<unsigned char, std::allocator<unsigned char> > >::__normal_iterator(unsigned char const* const&)
 .text._ZSt18uninitialized_copyIN9__gnu_cxx17__normal_iteratorIPKhSt6vectorIhSaIhEEEEPhET0_T_SA_S9_
                0x00000000080014a2       0x2a ./Core/Src/Button.o
                0x00000000080014a2                unsigned char* std::uninitialized_copy<__gnu_cxx::__normal_iterator<unsigned char const*, std::vector<unsigned char, std::allocator<unsigned char> > >, unsigned char*>(__gnu_cxx::__normal_iterator<unsigned char const*, std::vector<unsigned char, std::allocator<unsigned char> > >, __gnu_cxx::__normal_iterator<unsigned char const*, std::vector<unsigned char, std::allocator<unsigned char> > >, unsigned char*)
 .text._ZSt8_DestroyIPhEvT_S1_
                0x00000000080014cc       0x1e ./Core/Src/Button.o
                0x00000000080014cc                void std::_Destroy<unsigned char*>(unsigned char*, unsigned char*)
 .text._ZSt3maxIjERKT_S2_S2_
                0x00000000080014ea       0x24 ./Core/Src/Button.o
                0x00000000080014ea                unsigned int const& std::max<unsigned int>(unsigned int const&, unsigned int const&)
 .text._ZNSt16allocator_traitsISaIP12GPIO_TypeDefEE8allocateERS2_j
                0x000000000800150e       0x20 ./Core/Src/Button.o
                0x000000000800150e                std::allocator_traits<std::allocator<GPIO_TypeDef*> >::allocate(std::allocator<GPIO_TypeDef*>&, unsigned int)
 .text._ZNSt16allocator_traitsISaIP12GPIO_TypeDefEE10deallocateERS2_PS1_j
                0x000000000800152e       0x20 ./Core/Src/Button.o
                0x000000000800152e                std::allocator_traits<std::allocator<GPIO_TypeDef*> >::deallocate(std::allocator<GPIO_TypeDef*>&, GPIO_TypeDef**, unsigned int)
 .text._ZNSt16allocator_traitsISaItEE8allocateERS0_j
                0x000000000800154e       0x20 ./Core/Src/Button.o
                0x000000000800154e                std::allocator_traits<std::allocator<unsigned short> >::allocate(std::allocator<unsigned short>&, unsigned int)
 .text._ZNSt16allocator_traitsISaItEE10deallocateERS0_Ptj
                0x000000000800156e       0x20 ./Core/Src/Button.o
                0x000000000800156e                std::allocator_traits<std::allocator<unsigned short> >::deallocate(std::allocator<unsigned short>&, unsigned short*, unsigned int)
 .text._ZNSt16allocator_traitsISaIPFvvEEE8allocateERS2_j
                0x000000000800158e       0x20 ./Core/Src/Button.o
                0x000000000800158e                std::allocator_traits<std::allocator<void (*)()> >::allocate(std::allocator<void (*)()>&, unsigned int)
 .text._ZNSt16allocator_traitsISaIPFvvEEE10deallocateERS2_PS1_j
                0x00000000080015ae       0x20 ./Core/Src/Button.o
                0x00000000080015ae                std::allocator_traits<std::allocator<void (*)()> >::deallocate(std::allocator<void (*)()>&, void (**)(), unsigned int)
 .text._ZNSt12_Vector_baseIhSaIhEE11_M_allocateEj
                0x00000000080015ce       0x2a ./Core/Src/Button.o
                0x00000000080015ce                std::_Vector_base<unsigned char, std::allocator<unsigned char> >::_M_allocate(unsigned int)
 .text._ZN9__gnu_cxx13new_allocatorIP12GPIO_TypeDefEC2ERKS3_
                0x00000000080015f8       0x14 ./Core/Src/Button.o
                0x00000000080015f8                __gnu_cxx::new_allocator<GPIO_TypeDef*>::new_allocator(__gnu_cxx::new_allocator<GPIO_TypeDef*> const&)
                0x00000000080015f8                __gnu_cxx::new_allocator<GPIO_TypeDef*>::new_allocator(__gnu_cxx::new_allocator<GPIO_TypeDef*> const&)
 .text._ZNSt12_Vector_baseIP12GPIO_TypeDefSaIS1_EE17_Vector_impl_dataC2Ev
                0x000000000800160c       0x24 ./Core/Src/Button.o
                0x000000000800160c                std::_Vector_base<GPIO_TypeDef*, std::allocator<GPIO_TypeDef*> >::_Vector_impl_data::_Vector_impl_data()
                0x000000000800160c                std::_Vector_base<GPIO_TypeDef*, std::allocator<GPIO_TypeDef*> >::_Vector_impl_data::_Vector_impl_data()
 .text._ZNSt20__uninitialized_copyILb1EE13__uninit_copyIN9__gnu_cxx17__normal_iteratorIPKP12GPIO_TypeDefSt6vectorIS5_SaIS5_EEEEPS5_EET0_T_SE_SD_
                0x0000000008001630       0x22 ./Core/Src/Button.o
                0x0000000008001630                GPIO_TypeDef** std::__uninitialized_copy<true>::__uninit_copy<__gnu_cxx::__normal_iterator<GPIO_TypeDef* const*, std::vector<GPIO_TypeDef*, std::allocator<GPIO_TypeDef*> > >, GPIO_TypeDef**>(__gnu_cxx::__normal_iterator<GPIO_TypeDef* const*, std::vector<GPIO_TypeDef*, std::allocator<GPIO_TypeDef*> > >, __gnu_cxx::__normal_iterator<GPIO_TypeDef* const*, std::vector<GPIO_TypeDef*, std::allocator<GPIO_TypeDef*> > >, GPIO_TypeDef**)
 .text._ZNSt12_Destroy_auxILb1EE9__destroyIPP12GPIO_TypeDefEEvT_S5_
                0x0000000008001652       0x12 ./Core/Src/Button.o
                0x0000000008001652                void std::_Destroy_aux<true>::__destroy<GPIO_TypeDef**>(GPIO_TypeDef**, GPIO_TypeDef**)
 .text._ZN9__gnu_cxx13new_allocatorItEC2ERKS1_
                0x0000000008001664       0x14 ./Core/Src/Button.o
                0x0000000008001664                __gnu_cxx::new_allocator<unsigned short>::new_allocator(__gnu_cxx::new_allocator<unsigned short> const&)
                0x0000000008001664                __gnu_cxx::new_allocator<unsigned short>::new_allocator(__gnu_cxx::new_allocator<unsigned short> const&)
 .text._ZNSt12_Vector_baseItSaItEE17_Vector_impl_dataC2Ev
                0x0000000008001678       0x24 ./Core/Src/Button.o
                0x0000000008001678                std::_Vector_base<unsigned short, std::allocator<unsigned short> >::_Vector_impl_data::_Vector_impl_data()
                0x0000000008001678                std::_Vector_base<unsigned short, std::allocator<unsigned short> >::_Vector_impl_data::_Vector_impl_data()
 .text._ZNSt20__uninitialized_copyILb1EE13__uninit_copyIN9__gnu_cxx17__normal_iteratorIPKtSt6vectorItSaItEEEEPtEET0_T_SC_SB_
                0x000000000800169c       0x22 ./Core/Src/Button.o
                0x000000000800169c                unsigned short* std::__uninitialized_copy<true>::__uninit_copy<__gnu_cxx::__normal_iterator<unsigned short const*, std::vector<unsigned short, std::allocator<unsigned short> > >, unsigned short*>(__gnu_cxx::__normal_iterator<unsigned short const*, std::vector<unsigned short, std::allocator<unsigned short> > >, __gnu_cxx::__normal_iterator<unsigned short const*, std::vector<unsigned short, std::allocator<unsigned short> > >, unsigned short*)
 .text._ZNSt12_Destroy_auxILb1EE9__destroyIPtEEvT_S3_
                0x00000000080016be       0x12 ./Core/Src/Button.o
                0x00000000080016be                void std::_Destroy_aux<true>::__destroy<unsigned short*>(unsigned short*, unsigned short*)
 .text._ZN9__gnu_cxx13new_allocatorIPFvvEEC2ERKS3_
                0x00000000080016d0       0x14 ./Core/Src/Button.o
                0x00000000080016d0                __gnu_cxx::new_allocator<void (*)()>::new_allocator(__gnu_cxx::new_allocator<void (*)()> const&)
                0x00000000080016d0                __gnu_cxx::new_allocator<void (*)()>::new_allocator(__gnu_cxx::new_allocator<void (*)()> const&)
 .text._ZNSt12_Vector_baseIPFvvESaIS1_EE17_Vector_impl_dataC2Ev
                0x00000000080016e4       0x24 ./Core/Src/Button.o
                0x00000000080016e4                std::_Vector_base<void (*)(), std::allocator<void (*)()> >::_Vector_impl_data::_Vector_impl_data()
                0x00000000080016e4                std::_Vector_base<void (*)(), std::allocator<void (*)()> >::_Vector_impl_data::_Vector_impl_data()
 .text._ZNSt20__uninitialized_copyILb1EE13__uninit_copyIN9__gnu_cxx17__normal_iteratorIPKPFvvESt6vectorIS5_SaIS5_EEEEPS5_EET0_T_SE_SD_
                0x0000000008001708       0x22 ./Core/Src/Button.o
                0x0000000008001708                void (**std::__uninitialized_copy<true>::__uninit_copy<__gnu_cxx::__normal_iterator<void (* const*)(), std::vector<void (*)(), std::allocator<void (*)()> > >, void (**)()>(__gnu_cxx::__normal_iterator<void (* const*)(), std::vector<void (*)(), std::allocator<void (*)()> > >, __gnu_cxx::__normal_iterator<void (* const*)(), std::vector<void (*)(), std::allocator<void (*)()> > >, void (**)()))()
 .text._ZNSt12_Destroy_auxILb1EE9__destroyIPPFvvEEEvT_S5_
                0x000000000800172a       0x12 ./Core/Src/Button.o
                0x000000000800172a                void std::_Destroy_aux<true>::__destroy<void (**)()>(void (**)(), void (**)())
 .text._ZN9__gnu_cxx13new_allocatorIhEC2ERKS1_
                0x000000000800173c       0x14 ./Core/Src/Button.o
                0x000000000800173c                __gnu_cxx::new_allocator<unsigned char>::new_allocator(__gnu_cxx::new_allocator<unsigned char> const&)
                0x000000000800173c                __gnu_cxx::new_allocator<unsigned char>::new_allocator(__gnu_cxx::new_allocator<unsigned char> const&)
 .text._ZNSt12_Vector_baseIhSaIhEE17_Vector_impl_dataC2Ev
                0x0000000008001750       0x24 ./Core/Src/Button.o
                0x0000000008001750                std::_Vector_base<unsigned char, std::allocator<unsigned char> >::_Vector_impl_data::_Vector_impl_data()
                0x0000000008001750                std::_Vector_base<unsigned char, std::allocator<unsigned char> >::_Vector_impl_data::_Vector_impl_data()
 .text._ZNSt16allocator_traitsISaIhEE10deallocateERS0_Phj
                0x0000000008001774       0x20 ./Core/Src/Button.o
                0x0000000008001774                std::allocator_traits<std::allocator<unsigned char> >::deallocate(std::allocator<unsigned char>&, unsigned char*, unsigned int)
 .text._ZNSt20__uninitialized_copyILb1EE13__uninit_copyIN9__gnu_cxx17__normal_iteratorIPKhSt6vectorIhSaIhEEEEPhEET0_T_SC_SB_
                0x0000000008001794       0x22 ./Core/Src/Button.o
                0x0000000008001794                unsigned char* std::__uninitialized_copy<true>::__uninit_copy<__gnu_cxx::__normal_iterator<unsigned char const*, std::vector<unsigned char, std::allocator<unsigned char> > >, unsigned char*>(__gnu_cxx::__normal_iterator<unsigned char const*, std::vector<unsigned char, std::allocator<unsigned char> > >, __gnu_cxx::__normal_iterator<unsigned char const*, std::vector<unsigned char, std::allocator<unsigned char> > >, unsigned char*)
 .text._ZNSt12_Destroy_auxILb1EE9__destroyIPhEEvT_S3_
                0x00000000080017b6       0x12 ./Core/Src/Button.o
                0x00000000080017b6                void std::_Destroy_aux<true>::__destroy<unsigned char*>(unsigned char*, unsigned char*)
 .text._ZNK9__gnu_cxx13new_allocatorIP12GPIO_TypeDefE11_M_max_sizeEv
                0x00000000080017c8       0x18 ./Core/Src/Button.o
                0x00000000080017c8                __gnu_cxx::new_allocator<GPIO_TypeDef*>::_M_max_size() const
 .text._ZN9__gnu_cxx13new_allocatorIP12GPIO_TypeDefE8allocateEjPKv
                0x00000000080017e0       0x50 ./Core/Src/Button.o
                0x00000000080017e0                __gnu_cxx::new_allocator<GPIO_TypeDef*>::allocate(unsigned int, void const*)
 .text._ZN9__gnu_cxx13new_allocatorIP12GPIO_TypeDefE10deallocateEPS2_j
                0x0000000008001830       0x22 ./Core/Src/Button.o
                0x0000000008001830                __gnu_cxx::new_allocator<GPIO_TypeDef*>::deallocate(GPIO_TypeDef**, unsigned int)
 *fill*         0x0000000008001852        0x2 
 .text._ZNK9__gnu_cxx13new_allocatorItE11_M_max_sizeEv
                0x0000000008001854       0x18 ./Core/Src/Button.o
                0x0000000008001854                __gnu_cxx::new_allocator<unsigned short>::_M_max_size() const
 .text._ZN9__gnu_cxx13new_allocatorItE8allocateEjPKv
                0x000000000800186c       0x4c ./Core/Src/Button.o
                0x000000000800186c                __gnu_cxx::new_allocator<unsigned short>::allocate(unsigned int, void const*)
 .text._ZN9__gnu_cxx13new_allocatorItE10deallocateEPtj
                0x00000000080018b8       0x22 ./Core/Src/Button.o
                0x00000000080018b8                __gnu_cxx::new_allocator<unsigned short>::deallocate(unsigned short*, unsigned int)
 *fill*         0x00000000080018da        0x2 
 .text._ZNK9__gnu_cxx13new_allocatorIPFvvEE11_M_max_sizeEv
                0x00000000080018dc       0x18 ./Core/Src/Button.o
                0x00000000080018dc                __gnu_cxx::new_allocator<void (*)()>::_M_max_size() const
 .text._ZN9__gnu_cxx13new_allocatorIPFvvEE8allocateEjPKv
                0x00000000080018f4       0x50 ./Core/Src/Button.o
                0x00000000080018f4                __gnu_cxx::new_allocator<void (*)()>::allocate(unsigned int, void const*)
 .text._ZN9__gnu_cxx13new_allocatorIPFvvEE10deallocateEPS2_j
                0x0000000008001944       0x22 ./Core/Src/Button.o
                0x0000000008001944                __gnu_cxx::new_allocator<void (*)()>::deallocate(void (**)(), unsigned int)
 .text._ZNSt16allocator_traitsISaIhEE8allocateERS0_j
                0x0000000008001966       0x20 ./Core/Src/Button.o
                0x0000000008001966                std::allocator_traits<std::allocator<unsigned char> >::allocate(std::allocator<unsigned char>&, unsigned int)
 .text._ZSt4copyIN9__gnu_cxx17__normal_iteratorIPKP12GPIO_TypeDefSt6vectorIS3_SaIS3_EEEEPS3_ET0_T_SC_SB_
                0x0000000008001986       0x34 ./Core/Src/Button.o
                0x0000000008001986                GPIO_TypeDef** std::copy<__gnu_cxx::__normal_iterator<GPIO_TypeDef* const*, std::vector<GPIO_TypeDef*, std::allocator<GPIO_TypeDef*> > >, GPIO_TypeDef**>(__gnu_cxx::__normal_iterator<GPIO_TypeDef* const*, std::vector<GPIO_TypeDef*, std::allocator<GPIO_TypeDef*> > >, __gnu_cxx::__normal_iterator<GPIO_TypeDef* const*, std::vector<GPIO_TypeDef*, std::allocator<GPIO_TypeDef*> > >, GPIO_TypeDef**)
 .text._ZSt4copyIN9__gnu_cxx17__normal_iteratorIPKtSt6vectorItSaItEEEEPtET0_T_SA_S9_
                0x00000000080019ba       0x34 ./Core/Src/Button.o
                0x00000000080019ba                unsigned short* std::copy<__gnu_cxx::__normal_iterator<unsigned short const*, std::vector<unsigned short, std::allocator<unsigned short> > >, unsigned short*>(__gnu_cxx::__normal_iterator<unsigned short const*, std::vector<unsigned short, std::allocator<unsigned short> > >, __gnu_cxx::__normal_iterator<unsigned short const*, std::vector<unsigned short, std::allocator<unsigned short> > >, unsigned short*)
 .text._ZSt4copyIN9__gnu_cxx17__normal_iteratorIPKPFvvESt6vectorIS3_SaIS3_EEEEPS3_ET0_T_SC_SB_
                0x00000000080019ee       0x34 ./Core/Src/Button.o
                0x00000000080019ee                void (**std::copy<__gnu_cxx::__normal_iterator<void (* const*)(), std::vector<void (*)(), std::allocator<void (*)()> > >, void (**)()>(__gnu_cxx::__normal_iterator<void (* const*)(), std::vector<void (*)(), std::allocator<void (*)()> > >, __gnu_cxx::__normal_iterator<void (* const*)(), std::vector<void (*)(), std::allocator<void (*)()> > >, void (**)()))()
 .text._ZN9__gnu_cxx13new_allocatorIhE10deallocateEPhj
                0x0000000008001a22       0x20 ./Core/Src/Button.o
                0x0000000008001a22                __gnu_cxx::new_allocator<unsigned char>::deallocate(unsigned char*, unsigned int)
 .text._ZSt4copyIN9__gnu_cxx17__normal_iteratorIPKhSt6vectorIhSaIhEEEEPhET0_T_SA_S9_
                0x0000000008001a42       0x34 ./Core/Src/Button.o
                0x0000000008001a42                unsigned char* std::copy<__gnu_cxx::__normal_iterator<unsigned char const*, std::vector<unsigned char, std::allocator<unsigned char> > >, unsigned char*>(__gnu_cxx::__normal_iterator<unsigned char const*, std::vector<unsigned char, std::allocator<unsigned char> > >, __gnu_cxx::__normal_iterator<unsigned char const*, std::vector<unsigned char, std::allocator<unsigned char> > >, unsigned char*)
 .text._ZSt3minIjERKT_S2_S2_
                0x0000000008001a76       0x24 ./Core/Src/Button.o
                0x0000000008001a76                unsigned int const& std::min<unsigned int>(unsigned int const&, unsigned int const&)
 .text._ZSt12__niter_baseIPP12GPIO_TypeDefET_S3_
                0x0000000008001a9a       0x12 ./Core/Src/Button.o
                0x0000000008001a9a                GPIO_TypeDef** std::__niter_base<GPIO_TypeDef**>(GPIO_TypeDef**)
 .text._ZSt12__niter_baseIPtET_S1_
                0x0000000008001aac       0x12 ./Core/Src/Button.o
                0x0000000008001aac                unsigned short* std::__niter_base<unsigned short*>(unsigned short*)
 .text._ZSt12__niter_baseIPPFvvEET_S3_
                0x0000000008001abe       0x12 ./Core/Src/Button.o
                0x0000000008001abe                void (**std::__niter_base<void (**)()>(void (**)()))()
 .text._ZNK9__gnu_cxx13new_allocatorIhE11_M_max_sizeEv
                0x0000000008001ad0       0x18 ./Core/Src/Button.o
                0x0000000008001ad0                __gnu_cxx::new_allocator<unsigned char>::_M_max_size() const
 .text._ZN9__gnu_cxx13new_allocatorIhE8allocateEjPKv
                0x0000000008001ae8       0x40 ./Core/Src/Button.o
                0x0000000008001ae8                __gnu_cxx::new_allocator<unsigned char>::allocate(unsigned int, void const*)
 .text._ZSt12__miter_baseIN9__gnu_cxx17__normal_iteratorIPKP12GPIO_TypeDefSt6vectorIS3_SaIS3_EEEEET_SA_
                0x0000000008001b28       0x12 ./Core/Src/Button.o
                0x0000000008001b28                __gnu_cxx::__normal_iterator<GPIO_TypeDef* const*, std::vector<GPIO_TypeDef*, std::allocator<GPIO_TypeDef*> > > std::__miter_base<__gnu_cxx::__normal_iterator<GPIO_TypeDef* const*, std::vector<GPIO_TypeDef*, std::allocator<GPIO_TypeDef*> > > >(__gnu_cxx::__normal_iterator<GPIO_TypeDef* const*, std::vector<GPIO_TypeDef*, std::allocator<GPIO_TypeDef*> > >)
 .text._ZSt13__copy_move_aILb0EN9__gnu_cxx17__normal_iteratorIPKP12GPIO_TypeDefSt6vectorIS3_SaIS3_EEEEPS3_ET1_T0_SC_SB_
                0x0000000008001b3a       0x4a ./Core/Src/Button.o
                0x0000000008001b3a                GPIO_TypeDef** std::__copy_move_a<false, __gnu_cxx::__normal_iterator<GPIO_TypeDef* const*, std::vector<GPIO_TypeDef*, std::allocator<GPIO_TypeDef*> > >, GPIO_TypeDef**>(__gnu_cxx::__normal_iterator<GPIO_TypeDef* const*, std::vector<GPIO_TypeDef*, std::allocator<GPIO_TypeDef*> > >, __gnu_cxx::__normal_iterator<GPIO_TypeDef* const*, std::vector<GPIO_TypeDef*, std::allocator<GPIO_TypeDef*> > >, GPIO_TypeDef**)
 .text._ZSt12__miter_baseIN9__gnu_cxx17__normal_iteratorIPKtSt6vectorItSaItEEEEET_S8_
                0x0000000008001b84       0x12 ./Core/Src/Button.o
                0x0000000008001b84                __gnu_cxx::__normal_iterator<unsigned short const*, std::vector<unsigned short, std::allocator<unsigned short> > > std::__miter_base<__gnu_cxx::__normal_iterator<unsigned short const*, std::vector<unsigned short, std::allocator<unsigned short> > > >(__gnu_cxx::__normal_iterator<unsigned short const*, std::vector<unsigned short, std::allocator<unsigned short> > >)
 .text._ZSt13__copy_move_aILb0EN9__gnu_cxx17__normal_iteratorIPKtSt6vectorItSaItEEEEPtET1_T0_SA_S9_
                0x0000000008001b96       0x4a ./Core/Src/Button.o
                0x0000000008001b96                unsigned short* std::__copy_move_a<false, __gnu_cxx::__normal_iterator<unsigned short const*, std::vector<unsigned short, std::allocator<unsigned short> > >, unsigned short*>(__gnu_cxx::__normal_iterator<unsigned short const*, std::vector<unsigned short, std::allocator<unsigned short> > >, __gnu_cxx::__normal_iterator<unsigned short const*, std::vector<unsigned short, std::allocator<unsigned short> > >, unsigned short*)
 .text._ZSt12__miter_baseIN9__gnu_cxx17__normal_iteratorIPKPFvvESt6vectorIS3_SaIS3_EEEEET_SA_
                0x0000000008001be0       0x12 ./Core/Src/Button.o
                0x0000000008001be0                __gnu_cxx::__normal_iterator<void (* const*)(), std::vector<void (*)(), std::allocator<void (*)()> > > std::__miter_base<__gnu_cxx::__normal_iterator<void (* const*)(), std::vector<void (*)(), std::allocator<void (*)()> > > >(__gnu_cxx::__normal_iterator<void (* const*)(), std::vector<void (*)(), std::allocator<void (*)()> > >)
 .text._ZSt13__copy_move_aILb0EN9__gnu_cxx17__normal_iteratorIPKPFvvESt6vectorIS3_SaIS3_EEEEPS3_ET1_T0_SC_SB_
                0x0000000008001bf2       0x4a ./Core/Src/Button.o
                0x0000000008001bf2                void (**std::__copy_move_a<false, __gnu_cxx::__normal_iterator<void (* const*)(), std::vector<void (*)(), std::allocator<void (*)()> > >, void (**)()>(__gnu_cxx::__normal_iterator<void (* const*)(), std::vector<void (*)(), std::allocator<void (*)()> > >, __gnu_cxx::__normal_iterator<void (* const*)(), std::vector<void (*)(), std::allocator<void (*)()> > >, void (**)()))()
 .text._ZSt12__miter_baseIN9__gnu_cxx17__normal_iteratorIPKhSt6vectorIhSaIhEEEEET_S8_
                0x0000000008001c3c       0x12 ./Core/Src/Button.o
                0x0000000008001c3c                __gnu_cxx::__normal_iterator<unsigned char const*, std::vector<unsigned char, std::allocator<unsigned char> > > std::__miter_base<__gnu_cxx::__normal_iterator<unsigned char const*, std::vector<unsigned char, std::allocator<unsigned char> > > >(__gnu_cxx::__normal_iterator<unsigned char const*, std::vector<unsigned char, std::allocator<unsigned char> > >)
 .text._ZSt13__copy_move_aILb0EN9__gnu_cxx17__normal_iteratorIPKhSt6vectorIhSaIhEEEEPhET1_T0_SA_S9_
                0x0000000008001c4e       0x4a ./Core/Src/Button.o
                0x0000000008001c4e                unsigned char* std::__copy_move_a<false, __gnu_cxx::__normal_iterator<unsigned char const*, std::vector<unsigned char, std::allocator<unsigned char> > >, unsigned char*>(__gnu_cxx::__normal_iterator<unsigned char const*, std::vector<unsigned char, std::allocator<unsigned char> > >, __gnu_cxx::__normal_iterator<unsigned char const*, std::vector<unsigned char, std::allocator<unsigned char> > >, unsigned char*)
 .text._ZSt12__niter_baseIPhET_S1_
                0x0000000008001c98       0x12 ./Core/Src/Button.o
                0x0000000008001c98                unsigned char* std::__niter_base<unsigned char*>(unsigned char*)
 .text._ZSt12__niter_baseIPKP12GPIO_TypeDefSt6vectorIS1_SaIS1_EEET_N9__gnu_cxx17__normal_iteratorIS7_T0_EE
                0x0000000008001caa       0x1c ./Core/Src/Button.o
                0x0000000008001caa                GPIO_TypeDef* const* std::__niter_base<GPIO_TypeDef* const*, std::vector<GPIO_TypeDef*, std::allocator<GPIO_TypeDef*> > >(__gnu_cxx::__normal_iterator<GPIO_TypeDef* const*, std::vector<GPIO_TypeDef*, std::allocator<GPIO_TypeDef*> > >)
 .text._ZSt14__copy_move_a1ILb0EPKP12GPIO_TypeDefPS1_ET1_T0_S6_S5_
                0x0000000008001cc6       0x22 ./Core/Src/Button.o
                0x0000000008001cc6                GPIO_TypeDef** std::__copy_move_a1<false, GPIO_TypeDef* const*, GPIO_TypeDef**>(GPIO_TypeDef* const*, GPIO_TypeDef* const*, GPIO_TypeDef**)
 .text._ZSt12__niter_wrapIPP12GPIO_TypeDefET_RKS3_S3_
                0x0000000008001ce8       0x14 ./Core/Src/Button.o
                0x0000000008001ce8                GPIO_TypeDef** std::__niter_wrap<GPIO_TypeDef**>(GPIO_TypeDef** const&, GPIO_TypeDef**)
 .text._ZSt12__niter_baseIPKtSt6vectorItSaItEEET_N9__gnu_cxx17__normal_iteratorIS5_T0_EE
                0x0000000008001cfc       0x1c ./Core/Src/Button.o
                0x0000000008001cfc                unsigned short const* std::__niter_base<unsigned short const*, std::vector<unsigned short, std::allocator<unsigned short> > >(__gnu_cxx::__normal_iterator<unsigned short const*, std::vector<unsigned short, std::allocator<unsigned short> > >)
 .text._ZSt14__copy_move_a1ILb0EPKtPtET1_T0_S4_S3_
                0x0000000008001d18       0x22 ./Core/Src/Button.o
                0x0000000008001d18                unsigned short* std::__copy_move_a1<false, unsigned short const*, unsigned short*>(unsigned short const*, unsigned short const*, unsigned short*)
 .text._ZSt12__niter_wrapIPtET_RKS1_S1_
                0x0000000008001d3a       0x14 ./Core/Src/Button.o
                0x0000000008001d3a                unsigned short* std::__niter_wrap<unsigned short*>(unsigned short* const&, unsigned short*)
 .text._ZSt12__niter_baseIPKPFvvESt6vectorIS1_SaIS1_EEET_N9__gnu_cxx17__normal_iteratorIS7_T0_EE
                0x0000000008001d4e       0x1c ./Core/Src/Button.o
                0x0000000008001d4e                void (* const*std::__niter_base<void (* const*)(), std::vector<void (*)(), std::allocator<void (*)()> > >(__gnu_cxx::__normal_iterator<void (* const*)(), std::vector<void (*)(), std::allocator<void (*)()> > >))()
 .text._ZSt14__copy_move_a1ILb0EPKPFvvEPS1_ET1_T0_S6_S5_
                0x0000000008001d6a       0x22 ./Core/Src/Button.o
                0x0000000008001d6a                void (**std::__copy_move_a1<false, void (* const*)(), void (**)()>(void (* const*)(), void (* const*)(), void (**)()))()
 .text._ZSt12__niter_wrapIPPFvvEET_RKS3_S3_
                0x0000000008001d8c       0x14 ./Core/Src/Button.o
                0x0000000008001d8c                void (**std::__niter_wrap<void (**)()>(void (** const&)(), void (**)()))()
 .text._ZSt12__niter_baseIPKhSt6vectorIhSaIhEEET_N9__gnu_cxx17__normal_iteratorIS5_T0_EE
                0x0000000008001da0       0x1c ./Core/Src/Button.o
                0x0000000008001da0                unsigned char const* std::__niter_base<unsigned char const*, std::vector<unsigned char, std::allocator<unsigned char> > >(__gnu_cxx::__normal_iterator<unsigned char const*, std::vector<unsigned char, std::allocator<unsigned char> > >)
 .text._ZSt14__copy_move_a1ILb0EPKhPhET1_T0_S4_S3_
                0x0000000008001dbc       0x22 ./Core/Src/Button.o
                0x0000000008001dbc                unsigned char* std::__copy_move_a1<false, unsigned char const*, unsigned char*>(unsigned char const*, unsigned char const*, unsigned char*)
 .text._ZSt12__niter_wrapIPhET_RKS1_S1_
                0x0000000008001dde       0x14 ./Core/Src/Button.o
                0x0000000008001dde                unsigned char* std::__niter_wrap<unsigned char*>(unsigned char* const&, unsigned char*)
 .text._ZNK9__gnu_cxx17__normal_iteratorIPKP12GPIO_TypeDefSt6vectorIS2_SaIS2_EEE4baseEv
                0x0000000008001df2       0x12 ./Core/Src/Button.o
                0x0000000008001df2                __gnu_cxx::__normal_iterator<GPIO_TypeDef* const*, std::vector<GPIO_TypeDef*, std::allocator<GPIO_TypeDef*> > >::base() const
 .text._ZSt14__copy_move_a2ILb0EPKP12GPIO_TypeDefPS1_ET1_T0_S6_S5_
                0x0000000008001e04       0x22 ./Core/Src/Button.o
                0x0000000008001e04                GPIO_TypeDef** std::__copy_move_a2<false, GPIO_TypeDef* const*, GPIO_TypeDef**>(GPIO_TypeDef* const*, GPIO_TypeDef* const*, GPIO_TypeDef**)
 .text._ZNK9__gnu_cxx17__normal_iteratorIPKtSt6vectorItSaItEEE4baseEv
                0x0000000008001e26       0x12 ./Core/Src/Button.o
                0x0000000008001e26                __gnu_cxx::__normal_iterator<unsigned short const*, std::vector<unsigned short, std::allocator<unsigned short> > >::base() const
 .text._ZSt14__copy_move_a2ILb0EPKtPtET1_T0_S4_S3_
                0x0000000008001e38       0x22 ./Core/Src/Button.o
                0x0000000008001e38                unsigned short* std::__copy_move_a2<false, unsigned short const*, unsigned short*>(unsigned short const*, unsigned short const*, unsigned short*)
 .text._ZNK9__gnu_cxx17__normal_iteratorIPKPFvvESt6vectorIS2_SaIS2_EEE4baseEv
                0x0000000008001e5a       0x12 ./Core/Src/Button.o
                0x0000000008001e5a                __gnu_cxx::__normal_iterator<void (* const*)(), std::vector<void (*)(), std::allocator<void (*)()> > >::base() const
 .text._ZSt14__copy_move_a2ILb0EPKPFvvEPS1_ET1_T0_S6_S5_
                0x0000000008001e6c       0x22 ./Core/Src/Button.o
                0x0000000008001e6c                void (**std::__copy_move_a2<false, void (* const*)(), void (**)()>(void (* const*)(), void (* const*)(), void (**)()))()
 .text._ZNK9__gnu_cxx17__normal_iteratorIPKhSt6vectorIhSaIhEEE4baseEv
                0x0000000008001e8e       0x12 ./Core/Src/Button.o
                0x0000000008001e8e                __gnu_cxx::__normal_iterator<unsigned char const*, std::vector<unsigned char, std::allocator<unsigned char> > >::base() const
 .text._ZSt14__copy_move_a2ILb0EPKhPhET1_T0_S4_S3_
                0x0000000008001ea0       0x22 ./Core/Src/Button.o
                0x0000000008001ea0                unsigned char* std::__copy_move_a2<false, unsigned char const*, unsigned char*>(unsigned char const*, unsigned char const*, unsigned char*)
 .text._ZNSt11__copy_moveILb0ELb1ESt26random_access_iterator_tagE8__copy_mIP12GPIO_TypeDefEEPT_PKS5_S8_S6_
                0x0000000008001ec2       0x3a ./Core/Src/Button.o
                0x0000000008001ec2                GPIO_TypeDef** std::__copy_move<false, true, std::random_access_iterator_tag>::__copy_m<GPIO_TypeDef*>(GPIO_TypeDef* const*, GPIO_TypeDef* const*, GPIO_TypeDef**)
 .text._ZNSt11__copy_moveILb0ELb1ESt26random_access_iterator_tagE8__copy_mItEEPT_PKS3_S6_S4_
                0x0000000008001efc       0x3a ./Core/Src/Button.o
                0x0000000008001efc                unsigned short* std::__copy_move<false, true, std::random_access_iterator_tag>::__copy_m<unsigned short>(unsigned short const*, unsigned short const*, unsigned short*)
 .text._ZNSt11__copy_moveILb0ELb1ESt26random_access_iterator_tagE8__copy_mIPFvvEEEPT_PKS5_S8_S6_
                0x0000000008001f36       0x3a ./Core/Src/Button.o
                0x0000000008001f36                void (**std::__copy_move<false, true, std::random_access_iterator_tag>::__copy_m<void (*)()>(void (* const*)(), void (* const*)(), void (**)()))()
 .text._ZNSt11__copy_moveILb0ELb1ESt26random_access_iterator_tagE8__copy_mIhEEPT_PKS3_S6_S4_
                0x0000000008001f70       0x34 ./Core/Src/Button.o
                0x0000000008001f70                unsigned char* std::__copy_move<false, true, std::random_access_iterator_tag>::__copy_m<unsigned char>(unsigned char const*, unsigned char const*, unsigned char*)
 .text._ZNSt7__cxx119to_stringEm
                0x0000000008001fa4       0x5e ./Core/Src/LCD.o
                0x0000000008001fa4                std::__cxx11::to_string(unsigned long)
 .text._ZN3LCDC2EP19__I2C_HandleTypeDefh
                0x0000000008002002       0x76 ./Core/Src/LCD.o
                0x0000000008002002                LCD::LCD(__I2C_HandleTypeDef*, unsigned char)
                0x0000000008002002                LCD::LCD(__I2C_HandleTypeDef*, unsigned char)
 .text._ZN3LCD10setCharPosEhh
                0x0000000008002078      0x132 ./Core/Src/LCD.o
                0x0000000008002078                LCD::setCharPos(unsigned char, unsigned char)
 .text._ZN3LCD8sendByteEhh
                0x00000000080021aa       0xa8 ./Core/Src/LCD.o
                0x00000000080021aa                LCD::sendByte(unsigned char, unsigned char)
 .text._ZN3LCD15sendInstructionEh
                0x0000000008002252       0x24 ./Core/Src/LCD.o
                0x0000000008002252                LCD::sendInstruction(unsigned char)
 .text._ZN3LCD11displayCharEhhh
                0x0000000008002276       0x54 ./Core/Src/LCD.o
                0x0000000008002276                LCD::displayChar(unsigned char, unsigned char, unsigned char)
 .text._ZN3LCD13displayStringEPchh
                0x00000000080022ca       0x5c ./Core/Src/LCD.o
                0x00000000080022ca                LCD::displayString(char*, unsigned char, unsigned char)
 .text._ZN3LCD9clearCharEhhh
                0x0000000008002326       0x68 ./Core/Src/LCD.o
                0x0000000008002326                LCD::clearChar(unsigned char, unsigned char, unsigned char)
 *fill*         0x000000000800238e        0x2 
 .text._ZN3LCD13recodeRusCharEc
                0x0000000008002390       0xa8 ./Core/Src/LCD.o
                0x0000000008002390                LCD::recodeRusChar(char)
 .text._ZN4Menu8MenuItemD2Ev
                0x0000000008002438       0x1a ./Core/Src/LCD.o
                0x0000000008002438                Menu::MenuItem::~MenuItem()
                0x0000000008002438                Menu::MenuItem::~MenuItem()
 .text._ZN3LCD8showMenuE4Menuh
                0x0000000008002452      0x2ce ./Core/Src/LCD.o
                0x0000000008002452                LCD::showMenu(Menu, unsigned char)
 .text._ZNSt8__detail14__to_chars_lenImEEjT_i
                0x0000000008002720       0x76 ./Core/Src/LCD.o
                0x0000000008002720                unsigned int std::__detail::__to_chars_len<unsigned long>(unsigned long, int)
 *fill*         0x0000000008002796        0x2 
 .text._ZNSt8__detail18__to_chars_10_implImEEvPcjT_
                0x0000000008002798       0xa0 ./Core/Src/LCD.o
                0x0000000008002798                void std::__detail::__to_chars_10_impl<unsigned long>(char*, unsigned int, unsigned long)
 .text._ZNSt11char_traitsIcE6lengthEPKc
                0x0000000008002838       0x1a ./Core/Src/Menu.o
                0x0000000008002838                std::char_traits<char>::length(char const*)
 .text._ZNSt7__cxx119to_stringEi
                0x0000000008002852       0x7e ./Core/Src/Menu.o
                0x0000000008002852                std::__cxx11::to_string(int)
 .text._ZNSt12_Vector_baseIN4Menu8MenuItemESaIS1_EEC2Ev
                0x00000000080028d0       0x1a ./Core/Src/Menu.o
                0x00000000080028d0                std::_Vector_base<Menu::MenuItem, std::allocator<Menu::MenuItem> >::_Vector_base()
                0x00000000080028d0                std::_Vector_base<Menu::MenuItem, std::allocator<Menu::MenuItem> >::_Vector_base()
 .text._ZNSt6vectorIN4Menu8MenuItemESaIS1_EEC2Ev
                0x00000000080028ea       0x1a ./Core/Src/Menu.o
                0x00000000080028ea                std::vector<Menu::MenuItem, std::allocator<Menu::MenuItem> >::vector()
                0x00000000080028ea                std::vector<Menu::MenuItem, std::allocator<Menu::MenuItem> >::vector()
 .text._ZN4MenuC2EPS_
                0x0000000008002904       0x5c ./Core/Src/Menu.o
                0x0000000008002904                Menu::Menu(Menu*)
                0x0000000008002904                Menu::Menu(Menu*)
 .text._ZN4Menu11addMenuItemENSt7__cxx1112basic_stringIcSt11char_traitsIcESaIcEEEmPS_
                0x0000000008002960       0xa0 ./Core/Src/Menu.o
                0x0000000008002960                Menu::addMenuItem(std::__cxx11::basic_string<char, std::char_traits<char>, std::allocator<char> >, unsigned long, Menu*)
 .text._ZN4Menu22showMenuItemsNumberingEv
                0x0000000008002a00      0x278 ./Core/Src/Menu.o
                0x0000000008002a00                Menu::showMenuItemsNumbering()
 .text._ZN4Menu10showCursorEv
                0x0000000008002c78       0xe8 ./Core/Src/Menu.o
                0x0000000008002c78                Menu::showCursor()
 .text._ZN4Menu8MenuItemC2ERKS0_
                0x0000000008002d60       0x30 ./Core/Src/Menu.o
                0x0000000008002d60                Menu::MenuItem::MenuItem(Menu::MenuItem const&)
                0x0000000008002d60                Menu::MenuItem::MenuItem(Menu::MenuItem const&)
 .text._ZN4Menu11getMenuItemEh
                0x0000000008002d90       0x34 ./Core/Src/Menu.o
                0x0000000008002d90                Menu::getMenuItem(unsigned char)
 .text._ZN4Menu12getMenuShiftEv
                0x0000000008002dc4       0x16 ./Core/Src/Menu.o
                0x0000000008002dc4                Menu::getMenuShift()
 .text._ZN4Menu15getMenuItemsNumEv
                0x0000000008002dda       0x1e ./Core/Src/Menu.o
                0x0000000008002dda                Menu::getMenuItemsNum()
 .text._ZNSt8__detail14__to_chars_lenIjEEjT_i
                0x0000000008002df8       0x76 ./Core/Src/Menu.o
                0x0000000008002df8                unsigned int std::__detail::__to_chars_len<unsigned int>(unsigned int, int)
 *fill*         0x0000000008002e6e        0x2 
 .text._ZNSt8__detail18__to_chars_10_implIjEEvPcjT_
                0x0000000008002e70       0xa0 ./Core/Src/Menu.o
                0x0000000008002e70                void std::__detail::__to_chars_10_impl<unsigned int>(char*, unsigned int, unsigned int)
 .text._ZNSt12_Vector_baseIN4Menu8MenuItemESaIS1_EE12_Vector_implC2Ev
                0x0000000008002f10       0x22 ./Core/Src/Menu.o
                0x0000000008002f10                std::_Vector_base<Menu::MenuItem, std::allocator<Menu::MenuItem> >::_Vector_impl::_Vector_impl()
                0x0000000008002f10                std::_Vector_base<Menu::MenuItem, std::allocator<Menu::MenuItem> >::_Vector_impl::_Vector_impl()
 .text._ZNKSt6vectorIN4Menu8MenuItemESaIS1_EE4sizeEv
                0x0000000008002f32       0x1c ./Core/Src/Menu.o
                0x0000000008002f32                std::vector<Menu::MenuItem, std::allocator<Menu::MenuItem> >::size() const
 .text._ZNSt6vectorIN4Menu8MenuItemESaIS1_EE6resizeEj
                0x0000000008002f4e       0x70 ./Core/Src/Menu.o
                0x0000000008002f4e                std::vector<Menu::MenuItem, std::allocator<Menu::MenuItem> >::resize(unsigned int)
 .text._ZNSt6vectorIN4Menu8MenuItemESaIS1_EEixEj
                0x0000000008002fbe       0x1c ./Core/Src/Menu.o
                0x0000000008002fbe                std::vector<Menu::MenuItem, std::allocator<Menu::MenuItem> >::operator[](unsigned int)
 .text._ZStplIcSt11char_traitsIcESaIcEENSt7__cxx1112basic_stringIT_T0_T1_EEOS8_PKS5_
                0x0000000008002fda       0x34 ./Core/Src/Menu.o
                0x0000000008002fda                std::__cxx11::basic_string<char, std::char_traits<char>, std::allocator<char> > std::operator+<char, std::char_traits<char>, std::allocator<char> >(std::__cxx11::basic_string<char, std::char_traits<char>, std::allocator<char> >&&, char const*)
 .text._ZStplIcSt11char_traitsIcESaIcEENSt7__cxx1112basic_stringIT_T0_T1_EEOS8_RKS8_
                0x000000000800300e       0x34 ./Core/Src/Menu.o
                0x000000000800300e                std::__cxx11::basic_string<char, std::char_traits<char>, std::allocator<char> > std::operator+<char, std::char_traits<char>, std::allocator<char> >(std::__cxx11::basic_string<char, std::char_traits<char>, std::allocator<char> >&&, std::__cxx11::basic_string<char, std::char_traits<char>, std::allocator<char> > const&)
 .text._ZStplIcSt11char_traitsIcESaIcEENSt7__cxx1112basic_stringIT_T0_T1_EEPKS5_RKS8_
                0x0000000008003042       0x8a ./Core/Src/Menu.o
                0x0000000008003042                std::__cxx11::basic_string<char, std::char_traits<char>, std::allocator<char> > std::operator+<char, std::char_traits<char>, std::allocator<char> >(char const*, std::__cxx11::basic_string<char, std::char_traits<char>, std::allocator<char> > const&)
 .text._ZNSaIN4Menu8MenuItemEEC2Ev
                0x00000000080030cc       0x1a ./Core/Src/Menu.o
                0x00000000080030cc                std::allocator<Menu::MenuItem>::allocator()
                0x00000000080030cc                std::allocator<Menu::MenuItem>::allocator()
 .text._ZNSt12_Vector_baseIN4Menu8MenuItemESaIS1_EE17_Vector_impl_dataC2Ev
                0x00000000080030e6       0x24 ./Core/Src/Menu.o
                0x00000000080030e6                std::_Vector_base<Menu::MenuItem, std::allocator<Menu::MenuItem> >::_Vector_impl_data::_Vector_impl_data()
                0x00000000080030e6                std::_Vector_base<Menu::MenuItem, std::allocator<Menu::MenuItem> >::_Vector_impl_data::_Vector_impl_data()
 .text._ZNSt12_Vector_baseIN4Menu8MenuItemESaIS1_EE13_M_deallocateEPS1_j
                0x000000000800310a       0x26 ./Core/Src/Menu.o
                0x000000000800310a                std::_Vector_base<Menu::MenuItem, std::allocator<Menu::MenuItem> >::_M_deallocate(Menu::MenuItem*, unsigned int)
 .text._ZNSt12_Vector_baseIN4Menu8MenuItemESaIS1_EE19_M_get_Tp_allocatorEv
                0x0000000008003130       0x12 ./Core/Src/Menu.o
                0x0000000008003130                std::_Vector_base<Menu::MenuItem, std::allocator<Menu::MenuItem> >::_M_get_Tp_allocator()
 .text._ZSt8_DestroyIPN4Menu8MenuItemES1_EvT_S3_RSaIT0_E
                0x0000000008003142       0x20 ./Core/Src/Menu.o
                0x0000000008003142                void std::_Destroy<Menu::MenuItem*, Menu::MenuItem>(Menu::MenuItem*, Menu::MenuItem*, std::allocator<Menu::MenuItem>&)
 .text._ZNSt6vectorIN4Menu8MenuItemESaIS1_EE15_S_use_relocateEv
                0x0000000008003162       0x16 ./Core/Src/Menu.o
                0x0000000008003162                std::vector<Menu::MenuItem, std::allocator<Menu::MenuItem> >::_S_use_relocate()
 .text._ZNSt6vectorIN4Menu8MenuItemESaIS1_EE19_S_nothrow_relocateESt17integral_constantIbLb1EE
                0x0000000008003178       0x14 ./Core/Src/Menu.o
                0x0000000008003178                std::vector<Menu::MenuItem, std::allocator<Menu::MenuItem> >::_S_nothrow_relocate(std::integral_constant<bool, true>)
 .text._ZNSt6vectorIN4Menu8MenuItemESaIS1_EE17_M_default_appendEj
                0x000000000800318c      0x178 ./Core/Src/Menu.o
                0x000000000800318c                std::vector<Menu::MenuItem, std::allocator<Menu::MenuItem> >::_M_default_append(unsigned int)
 .text._ZNSt6vectorIN4Menu8MenuItemESaIS1_EE15_M_erase_at_endEPS1_
                0x0000000008003304       0x42 ./Core/Src/Menu.o
                0x0000000008003304                std::vector<Menu::MenuItem, std::allocator<Menu::MenuItem> >::_M_erase_at_end(Menu::MenuItem*)
 .text._ZSt4moveIRNSt7__cxx1112basic_stringIcSt11char_traitsIcESaIcEEEEONSt16remove_referenceIT_E4typeEOS8_
                0x0000000008003346       0x12 ./Core/Src/Menu.o
                0x0000000008003346                std::remove_reference<std::__cxx11::basic_string<char, std::char_traits<char>, std::allocator<char> >&>::type&& std::move<std::__cxx11::basic_string<char, std::char_traits<char>, std::allocator<char> >&>(std::__cxx11::basic_string<char, std::char_traits<char>, std::allocator<char> >&)
 .text._ZN9__gnu_cxx14__alloc_traitsISaIcEcE17_S_select_on_copyERKS1_
                0x0000000008003358       0x1e ./Core/Src/Menu.o
                0x0000000008003358                __gnu_cxx::__alloc_traits<std::allocator<char>, char>::_S_select_on_copy(std::allocator<char> const&)
 .text._ZN9__gnu_cxx13new_allocatorIN4Menu8MenuItemEEC2Ev
                0x0000000008003376       0x12 ./Core/Src/Menu.o
                0x0000000008003376                __gnu_cxx::new_allocator<Menu::MenuItem>::new_allocator()
                0x0000000008003376                __gnu_cxx::new_allocator<Menu::MenuItem>::new_allocator()
 .text._ZNSt16allocator_traitsISaIN4Menu8MenuItemEEE10deallocateERS2_PS1_j
                0x0000000008003388       0x20 ./Core/Src/Menu.o
                0x0000000008003388                std::allocator_traits<std::allocator<Menu::MenuItem> >::deallocate(std::allocator<Menu::MenuItem>&, Menu::MenuItem*, unsigned int)
 .text._ZSt8_DestroyIPN4Menu8MenuItemEEvT_S3_
                0x00000000080033a8       0x1e ./Core/Src/Menu.o
                0x00000000080033a8                void std::_Destroy<Menu::MenuItem*>(Menu::MenuItem*, Menu::MenuItem*)
 .text._ZNKSt6vectorIN4Menu8MenuItemESaIS1_EE8max_sizeEv
                0x00000000080033c6       0x22 ./Core/Src/Menu.o
                0x00000000080033c6                std::vector<Menu::MenuItem, std::allocator<Menu::MenuItem> >::max_size() const
 .text._ZSt27__uninitialized_default_n_aIPN4Menu8MenuItemEjS1_ET_S3_T0_RSaIT1_E
                0x00000000080033e8       0x22 ./Core/Src/Menu.o
                0x00000000080033e8                Menu::MenuItem* std::__uninitialized_default_n_a<Menu::MenuItem*, unsigned int, Menu::MenuItem>(Menu::MenuItem*, unsigned int, std::allocator<Menu::MenuItem>&)
 .text._ZNKSt6vectorIN4Menu8MenuItemESaIS1_EE12_M_check_lenEjPKc
                0x000000000800340a       0x9c ./Core/Src/Menu.o
                0x000000000800340a                std::vector<Menu::MenuItem, std::allocator<Menu::MenuItem> >::_M_check_len(unsigned int, char const*) const
 .text._ZNSt12_Vector_baseIN4Menu8MenuItemESaIS1_EE11_M_allocateEj
                0x00000000080034a6       0x2a ./Core/Src/Menu.o
                0x00000000080034a6                std::_Vector_base<Menu::MenuItem, std::allocator<Menu::MenuItem> >::_M_allocate(unsigned int)
 .text._ZNSt6vectorIN4Menu8MenuItemESaIS1_EE11_S_relocateEPS1_S4_S4_RS2_
                0x00000000080034d0       0x2a ./Core/Src/Menu.o
                0x00000000080034d0                std::vector<Menu::MenuItem, std::allocator<Menu::MenuItem> >::_S_relocate(Menu::MenuItem*, Menu::MenuItem*, Menu::MenuItem*, std::allocator<Menu::MenuItem>&)
 .text._ZSt34__uninitialized_move_if_noexcept_aIPN4Menu8MenuItemES2_SaIS1_EET0_T_S5_S4_RT1_
                0x00000000080034fa       0x36 ./Core/Src/Menu.o
                0x00000000080034fa                Menu::MenuItem* std::__uninitialized_move_if_noexcept_a<Menu::MenuItem*, Menu::MenuItem*, std::allocator<Menu::MenuItem> >(Menu::MenuItem*, Menu::MenuItem*, Menu::MenuItem*, std::allocator<Menu::MenuItem>&)
 .text._ZNSt16allocator_traitsISaIcEE37select_on_container_copy_constructionERKS0_
                0x0000000008003530       0x1e ./Core/Src/Menu.o
                0x0000000008003530                std::allocator_traits<std::allocator<char> >::select_on_container_copy_construction(std::allocator<char> const&)
 .text._ZN9__gnu_cxx13new_allocatorIN4Menu8MenuItemEE10deallocateEPS2_j
                0x000000000800354e       0x22 ./Core/Src/Menu.o
                0x000000000800354e                __gnu_cxx::new_allocator<Menu::MenuItem>::deallocate(Menu::MenuItem*, unsigned int)
 .text._ZNSt12_Destroy_auxILb0EE9__destroyIPN4Menu8MenuItemEEEvT_S5_
                0x0000000008003570       0x34 ./Core/Src/Menu.o
                0x0000000008003570                void std::_Destroy_aux<false>::__destroy<Menu::MenuItem*>(Menu::MenuItem*, Menu::MenuItem*)
 .text._ZNSt6vectorIN4Menu8MenuItemESaIS1_EE11_S_max_sizeERKS2_
                0x00000000080035a4       0x38 ./Core/Src/Menu.o
                0x00000000080035a4                std::vector<Menu::MenuItem, std::allocator<Menu::MenuItem> >::_S_max_size(std::allocator<Menu::MenuItem> const&)
 .text._ZNKSt12_Vector_baseIN4Menu8MenuItemESaIS1_EE19_M_get_Tp_allocatorEv
                0x00000000080035dc       0x12 ./Core/Src/Menu.o
                0x00000000080035dc                std::_Vector_base<Menu::MenuItem, std::allocator<Menu::MenuItem> >::_M_get_Tp_allocator() const
 .text._ZSt25__uninitialized_default_nIPN4Menu8MenuItemEjET_S3_T0_
                0x00000000080035ee       0x28 ./Core/Src/Menu.o
                0x00000000080035ee                Menu::MenuItem* std::__uninitialized_default_n<Menu::MenuItem*, unsigned int>(Menu::MenuItem*, unsigned int)
 .text._ZNSt16allocator_traitsISaIN4Menu8MenuItemEEE8allocateERS2_j
                0x0000000008003616       0x20 ./Core/Src/Menu.o
                0x0000000008003616                std::allocator_traits<std::allocator<Menu::MenuItem> >::allocate(std::allocator<Menu::MenuItem>&, unsigned int)
 .text._ZNSt6vectorIN4Menu8MenuItemESaIS1_EE14_S_do_relocateEPS1_S4_S4_RS2_St17integral_constantIbLb1EE
                0x0000000008003636       0x24 ./Core/Src/Menu.o
                0x0000000008003636                std::vector<Menu::MenuItem, std::allocator<Menu::MenuItem> >::_S_do_relocate(Menu::MenuItem*, Menu::MenuItem*, Menu::MenuItem*, std::allocator<Menu::MenuItem>&, std::integral_constant<bool, true>)
 .text._ZSt32__make_move_if_noexcept_iteratorIN4Menu8MenuItemESt13move_iteratorIPS1_EET0_PT_
                0x000000000800365a       0x20 ./Core/Src/Menu.o
                0x000000000800365a                std::move_iterator<Menu::MenuItem*> std::__make_move_if_noexcept_iterator<Menu::MenuItem, std::move_iterator<Menu::MenuItem*> >(Menu::MenuItem*)
 .text._ZSt22__uninitialized_copy_aISt13move_iteratorIPN4Menu8MenuItemEES3_S2_ET0_T_S6_S5_RSaIT1_E
                0x000000000800367a       0x24 ./Core/Src/Menu.o
                0x000000000800367a                Menu::MenuItem* std::__uninitialized_copy_a<std::move_iterator<Menu::MenuItem*>, Menu::MenuItem*, Menu::MenuItem>(std::move_iterator<Menu::MenuItem*>, std::move_iterator<Menu::MenuItem*>, Menu::MenuItem*, std::allocator<Menu::MenuItem>&)
 .text._ZSt11__addressofIN4Menu8MenuItemEEPT_RS2_
                0x000000000800369e       0x12 ./Core/Src/Menu.o
                0x000000000800369e                Menu::MenuItem* std::__addressof<Menu::MenuItem>(Menu::MenuItem&)
 .text._ZSt8_DestroyIN4Menu8MenuItemEEvPT_
                0x00000000080036b0       0x18 ./Core/Src/Menu.o
                0x00000000080036b0                void std::_Destroy<Menu::MenuItem>(Menu::MenuItem*)
 .text._ZNSt16allocator_traitsISaIN4Menu8MenuItemEEE8max_sizeERKS2_
                0x00000000080036c8       0x1a ./Core/Src/Menu.o
                0x00000000080036c8                std::allocator_traits<std::allocator<Menu::MenuItem> >::max_size(std::allocator<Menu::MenuItem> const&)
 .text._ZNSt27__uninitialized_default_n_1ILb0EE18__uninit_default_nIPN4Menu8MenuItemEjEET_S5_T0_
                0x00000000080036e2       0x3c ./Core/Src/Menu.o
                0x00000000080036e2                Menu::MenuItem* std::__uninitialized_default_n_1<false>::__uninit_default_n<Menu::MenuItem*, unsigned int>(Menu::MenuItem*, unsigned int)
 *fill*         0x000000000800371e        0x2 
 .text._ZNK9__gnu_cxx13new_allocatorIN4Menu8MenuItemEE11_M_max_sizeEv
                0x0000000008003720       0x18 ./Core/Src/Menu.o
                0x0000000008003720                __gnu_cxx::new_allocator<Menu::MenuItem>::_M_max_size() const
 .text._ZN9__gnu_cxx13new_allocatorIN4Menu8MenuItemEE8allocateEjPKv
                0x0000000008003738       0x50 ./Core/Src/Menu.o
                0x0000000008003738                __gnu_cxx::new_allocator<Menu::MenuItem>::allocate(unsigned int, void const*)
 .text._ZSt12__relocate_aIPN4Menu8MenuItemES2_SaIS1_EET0_T_S5_S4_RT1_
                0x0000000008003788       0x40 ./Core/Src/Menu.o
                0x0000000008003788                Menu::MenuItem* std::__relocate_a<Menu::MenuItem*, Menu::MenuItem*, std::allocator<Menu::MenuItem> >(Menu::MenuItem*, Menu::MenuItem*, Menu::MenuItem*, std::allocator<Menu::MenuItem>&)
 .text._ZNSt13move_iteratorIPN4Menu8MenuItemEEC2ES2_
                0x00000000080037c8       0x24 ./Core/Src/Menu.o