C:\ST\STM32CubeIDE_1.12.1\STM32CubeIDE\plugins\com.st.stm32cube.ide.mcu.externaltools.gnu-tools-for-stm32.11.3.rel1.win32_1.1.100.202309141235\tools\arm-none-eabi\include\c++\11.3.1\arm-none-eabi\thumb\v6-m\nofp\bits\gthr-default.h:229:1:int __gthread_key_delete(__gthread_key_t)	16	static
../Core/Src/main.cpp:90:6:void HAL_I2C_MasterTxCpltCallback(I2C_HandleTypeDef*)	16	static
../Core/Src/main.cpp:94:6:void HAL_UART_TxCpltCallback(UART_HandleTypeDef*)	16	static
../Core/Src/main.cpp:104:5:int main()	16	static
../Core/Src/main.cpp:277:6:void SystemClock_Config()	96	static
../Core/Src/main.cpp:325:13:void MX_I2C1_Init()	8	static
../Core/Src/main.cpp:373:13:void MX_RTC_Init()	32	static
../Core/Src/main.cpp:436:13:void MX_USART2_UART_Init()	8	static
../Core/Src/main.cpp:469:13:void MX_DMA_Init()	16	static
../Core/Src/main.cpp:490:13:void MX_GPIO_Init()	48	static
../Core/Src/main.cpp:549:6:void Error_Handler()	8	static,ignoring_inline_asm
../Core/Inc/Button.h:7:7:Button::~Button()	16	static
../Core/Src/main.cpp:558:1:void __static_initialization_and_destruction_0(int, int)	16	static
../Core/Src/main.cpp:558:1:cpp)	8	static
../Core/Src/main.cpp:558:1:cpp)	8	static
