C:\ST\STM32CubeIDE_1.12.1\STM32CubeIDE\plugins\com.st.stm32cube.ide.mcu.externaltools.gnu-tools-for-stm32.11.3.rel1.win32_1.1.100.202309141235\tools\arm-none-eabi\include\c++\11.3.1\arm-none-eabi\thumb\v6-m\nofp\bits\gthr-default.h:229:1:int __gthread_key_delete(__gthread_key_t)	16	static
../Core/Src/main.cpp:77:5:int main()	16	static
../Core/Src/main.cpp:126:6:void SystemClock_Config()	96	static
../Core/Src/main.cpp:174:13:void MX_I2C1_Init()	8	static
../Core/Src/main.cpp:222:13:void MX_RTC_Init()	32	static
../Core/Src/main.cpp:285:13:void MX_USART2_UART_Init()	8	static
../Core/Src/main.cpp:318:13:void MX_DMA_Init()	16	static
../Core/Src/main.cpp:339:13:void MX_GPIO_Init()	48	static
../Core/Src/main.cpp:398:6:void Error_Handler()	8	static,ignoring_inline_asm
